Running Symbolic PathFinder ...
symbolic.dp=choco
symbolic.string_dp_timeout_ms=0
symbolic.string_dp_alpha=A-Z
symbolic.string_dp_alphaSize=26
symbolic.string_dp_upper=10
symbolic.string_dp_lower=1
symbolic.string_dp=z3str3
symbolic.choco_time_bound=30000
symbolic.max_pc_length=2147483647
symbolic.max_pc_msec=0
symbolic.bvlength=32
symbolic.min_int=-2147483648
symbolic.min_long=-9223372036854775808
symbolic.min_short=-32768
symbolic.min_byte=-128
symbolic.min_char=0
symbolic.max_int=2147483647
symbolic.max_long=9223372036854775807
symbolic.max_short=32767
symbolic.max_byte=127
symbolic.max_char=65535
symbolic.min_double=4.9E-324
symbolic.max_double=1.7976931348623157E308
JavaPathfinder core system v8.0 (rev 2159fbb2c05f69380516caefe22c5ed16838876d) - (C) 2005-2014 United States Government. All rights reserved.


====================================================== system under test
strings.Tricky.main()

====================================================== search started: 9/3/25 12:50 PM
New sym int n_1_SYMINT min=-2147483648, max=2147483647
numeric PC: constraint # = 1
n_1_SYMINT >= CONST_2 -> true

### PCs: total:1 sat:1 unsat:0

string analysis: SPC # = 0
NPC constraint # = 1
n_1_SYMINT >= CONST_2
$$$$$$$$$$$$$$$$$$$$$$$$$$$$$$$$
Calling Z3str3

current query... 

(declare-const n_1_SYMINT Int)

(assert (>= n_1_SYMINT 2))



======================
(define-fun n_1_SYMINT () Int
  2)
Returned solutions: 
(define-fun n_1_SYMINT () Int  2)
*************************************
Satisfiable: true
*************************************

numeric PC: constraint # = 1
n_1_SYMINT < CONST_2 -> true

### PCs: total:2 sat:2 unsat:0

string analysis: SPC # = 0
NPC constraint # = 1
n_1_SYMINT < CONST_2
$$$$$$$$$$$$$$$$$$$$$$$$$$$$$$$$
Calling Z3str3

current query... 

(declare-const n_1_SYMINT Int)

(assert (< n_1_SYMINT 2))



======================
(define-fun n_1_SYMINT () Int
  1)
Returned solutions: 
(define-fun n_1_SYMINT () Int  1)
*************************************
Satisfiable: true
*************************************

numeric PC: constraint # = 2
CONST_0 >= n_1_SYMINT &&
n_1_SYMINT < CONST_2 -> true

### PCs: total:3 sat:3 unsat:0

string analysis: SPC # = 0
NPC constraint # = 2
CONST_0 >= n_1_SYMINT &&
n_1_SYMINT < CONST_2
$$$$$$$$$$$$$$$$$$$$$$$$$$$$$$$$
Calling Z3str3

current query... 

(declare-const n_1_SYMINT Int)

(assert (>= 0 n_1_SYMINT))
(assert (< n_1_SYMINT 2))



======================
(define-fun n_1_SYMINT () Int
  0)
Returned solutions: 
(define-fun n_1_SYMINT () Int  0)
*************************************
Satisfiable: true
*************************************

numeric PC: constraint # = 2
CONST_0 < n_1_SYMINT &&
n_1_SYMINT < CONST_2 -> true

### PCs: total:4 sat:4 unsat:0

string analysis: SPC # = 0
NPC constraint # = 2
CONST_0 < n_1_SYMINT &&
n_1_SYMINT < CONST_2
$$$$$$$$$$$$$$$$$$$$$$$$$$$$$$$$
Calling Z3str3

current query... 

(declare-const n_1_SYMINT Int)

(assert (< 0 n_1_SYMINT))
(assert (< n_1_SYMINT 2))



======================
(define-fun n_1_SYMINT () Int
  1)
Returned solutions: 
(define-fun n_1_SYMINT () Int  1)
*************************************
Satisfiable: true
*************************************

numeric PC: constraint # = 3
CONST_1 >= n_1_SYMINT &&
CONST_0 < n_1_SYMINT &&
n_1_SYMINT < CONST_2 -> true

### PCs: total:5 sat:5 unsat:0

string analysis: SPC # = 0
NPC constraint # = 3
CONST_1 >= n_1_SYMINT &&
CONST_0 < n_1_SYMINT &&
n_1_SYMINT < CONST_2
$$$$$$$$$$$$$$$$$$$$$$$$$$$$$$$$
Calling Z3str3

current query... 

(declare-const n_1_SYMINT Int)

(assert (>= 1 n_1_SYMINT))
(assert (< 0 n_1_SYMINT))
(assert (< n_1_SYMINT 2))



======================
(define-fun n_1_SYMINT () Int
  1)
Returned solutions: 
(define-fun n_1_SYMINT () Int  1)
*************************************
Satisfiable: true
*************************************

numeric PC: constraint # = 3
CONST_1 < n_1_SYMINT &&
CONST_0 < n_1_SYMINT &&
n_1_SYMINT < CONST_2 -> false

### PCs: total:6 sat:5 unsat:1

java.lang.RuntimeException: ## Error Choco: non-lin int constraint
	at gov.nasa.jpf.symbc.numeric.solvers.ProblemChoco.div(ProblemChoco.java:272)
	at gov.nasa.jpf.symbc.numeric.PCParser.getExpression(PCParser.java:151)
	at gov.nasa.jpf.symbc.numeric.PCParser.getExpression(PCParser.java:128)
	at gov.nasa.jpf.symbc.numeric.PCParser.createDPLinearIntegerConstraint(PCParser.java:730)
	at gov.nasa.jpf.symbc.numeric.PCParser.addConstraint(PCParser.java:1107)
	at gov.nasa.jpf.symbc.numeric.PCParser.parse(PCParser.java:1091)
	at gov.nasa.jpf.symbc.numeric.SymbolicConstraintsGeneral.isSatisfiable(SymbolicConstraintsGeneral.java:128)
	at gov.nasa.jpf.symbc.numeric.PathCondition.simplifyOld(PathCondition.java:393)
	at gov.nasa.jpf.symbc.numeric.PathCondition.simplify(PathCondition.java:340)
	at gov.nasa.jpf.symbc.bytecode.optimization.util.IFInstrSymbHelper.getNextInstructionAndSetPCChoice(IFInstrSymbHelper.java:490)
	at gov.nasa.jpf.symbc.bytecode.optimization.IFNE.execute(IFNE.java:67)
	at gov.nasa.jpf.vm.ThreadInfo.executeInstruction(ThreadInfo.java:1908)
	at gov.nasa.jpf.vm.ThreadInfo.executeTransition(ThreadInfo.java:1859)
	at gov.nasa.jpf.vm.SystemState.executeNextTransition(SystemState.java:765)
	at gov.nasa.jpf.vm.VM.forward(VM.java:1722)
	at gov.nasa.jpf.search.Search.forward(Search.java:937)
	at gov.nasa.jpf.search.DFSearch.search(DFSearch.java:79)
	at gov.nasa.jpf.JPF.run(JPF.java:613)
	at gov.nasa.jpf.JPF.start(JPF.java:189)
	at sun.reflect.NativeMethodAccessorImpl.invoke0(Native Method)
	at sun.reflect.NativeMethodAccessorImpl.invoke(NativeMethodAccessorImpl.java:62)
	at sun.reflect.DelegatingMethodAccessorImpl.invoke(DelegatingMethodAccessorImpl.java:43)
	at java.lang.reflect.Method.invoke(Method.java:498)
	at gov.nasa.jpf.tool.Run.call(Run.java:80)
	at gov.nasa.jpf.tool.RunJPF.main(RunJPF.java:116)
Runtime(ms) :712