Running Symbolic PathFinder ...
symbolic.dp=choco
symbolic.string_dp_timeout_ms=0
symbolic.string_dp_alpha=A-Z
symbolic.string_dp_alphaSize=26
symbolic.string_dp_upper=10
symbolic.string_dp_lower=1
symbolic.string_dp=z3str3
symbolic.choco_time_bound=30000
symbolic.max_pc_length=2147483647
symbolic.max_pc_msec=0
symbolic.bvlength=32
symbolic.min_int=-2147483648
symbolic.min_long=-9223372036854775808
symbolic.min_short=-32768
symbolic.min_byte=-128
symbolic.min_char=0
symbolic.max_int=2147483647
symbolic.max_long=9223372036854775807
symbolic.max_short=32767
symbolic.max_byte=127
symbolic.max_char=65535
symbolic.min_double=4.9E-324
symbolic.max_double=1.7976931348623157E308
JavaPathfinder core system v8.0 (rev 2159fbb2c05f69380516caefe22c5ed16838876d) - (C) 2005-2014 United States Government. All rights reserved.


====================================================== system under test
strings.CRIME.main()

====================================================== search started: 9/3/25 2:04 PM
CRIME send <filename> <comment>

====================================================== results
no errors detected

====================================================== statistics
elapsed time:       00:00:00
states:             new=1,visited=0,backtracked=1,end=1
search:             maxDepth=1,constraints=0
choice generators:  thread=1 (signal=0,lock=1,sharedRef=0,threadApi=0,reschedule=0), data=0
heap:               new=456,released=13,maxLive=0,gcCycles=1
instructions:       6308
max memory:         477MB
loaded code:        classes=81,methods=1619

====================================================== search finished: 9/3/25 2:04 PM
Runtime(ms) :457