Running Symbolic PathFinder ...
symbolic.dp=choco
symbolic.dp_timeout_ms=5000
symbolic.string_dp_timeout_ms=0
symbolic.string_dp_alpha=A-Z
symbolic.string_dp_alphaSize=26
symbolic.string_dp_upper=10
symbolic.string_dp_lower=1
symbolic.string_dp=MAS
symbolic.max_pc_length=2147483647
symbolic.max_pc_msec=0
symbolic.bvlength=32
symbolic.min_int=-2147483648
symbolic.min_long=-9223372036854775808
symbolic.min_short=-32768
symbolic.min_byte=-128
symbolic.min_char=0
symbolic.max_int=2147483647
symbolic.max_long=9223372036854775807
symbolic.max_short=32767
symbolic.max_byte=127
symbolic.max_char=65535
symbolic.min_double=-1.7976931348623157E308
symbolic.max_double=1.7976931348623157E308
JavaPathfinder core system v8.0 (rev da1abb1a52627d8934f0dfe65185834308c83b19) - (C) 2005-2014 United States Government. All rights reserved.


====================================================== system under test
strings.DelimSearch.main()

====================================================== search started: 11/5/25 10:22 AM
New sym int text_1_SYMSTRING.length min=-2147483648, max=2147483647
New sym int delims_2_SYMSTRING.length min=-2147483648, max=2147483647
New sym int Length_0_ min=0, max=125
numeric PC: constraint # = 1
CONST_0 >= Length_0_ -> true

### PCs: total:1 sat:1 unsat:0

numeric PC: constraint # = 1
CONST_0 < Length_0_ -> true

### PCs: total:2 sat:2 unsat:0

New sym int Length_1_ min=0, max=125
numeric PC: constraint # = 2
CONST_0 >= Length_1_ &&
CONST_0 < Length_0_ -> true

### PCs: total:3 sat:3 unsat:0

numeric PC: constraint # = 2
CONST_0 < Length_1_ &&
CONST_0 < Length_0_ -> true

### PCs: total:4 sat:4 unsat:0

New sym int CharAt(CONST_0)_2_ min=0, max=65535
New sym int CharAt(CONST_0)_3_ min=0, max=65535
numeric PC: constraint # = 3
CharAt(CONST_0)_2_ == CharAt(CONST_0)_3_ &&
CONST_0 < Length_1_ &&
CONST_0 < Length_0_ -> true

### PCs: total:5 sat:5 unsat:0

string analysis: SPC # = 0
NPC constraint # = 3
CharAt(CONST_0)_2_ == CharAt(CONST_0)_3_ &&
CONST_0 < Length_1_ &&
CONST_0 < Length_0_
$$$$$$$$$$$$$$$$$$$$$$$$$$$$$$$$
Calling MAS

The smtlib query is: 
(declare-const text_1 String)
(declare-const delims_2 String)


(assert (= (str.at text_1 0) (str.at delims_2 0)))
(assert (< 0 (str.len delims_2)))
(assert (< 0 (str.len text_1)))

=======================================
Numeric Path Condition Exists: CharAt(CONST_0)_2_ == CharAt(CONST_0)_3_ &&
CONST_0 < Length_1_ &&
CONST_0 < Length_0_
Expected IntegerConstant but got: class gov.nasa.jpf.symbc.string.SymbolicCharAtInteger
java.lang.ClassCastException: gov.nasa.jpf.symbc.string.SymbolicCharAtInteger cannot be cast to gov.nasa.jpf.symbc.numeric.IntegerConstant
	at edu.boisestate.cs.util.ConstraintTranslator.charToString(ConstraintTranslator.java:528)
	at edu.boisestate.cs.util.ConstraintTranslator.translate(ConstraintTranslator.java:352)
	at edu.boisestate.cs.util.MASTranslator.translate(MASTranslator.java:51)
	at edu.boisestate.cs.MASInterface.solve(MASInterface.java:80)
	at gov.nasa.jpf.symbc.string.SymbolicStringConstraintsGeneral.inner_isSatisfiable(SymbolicStringConstraintsGeneral.java:464)
	at gov.nasa.jpf.symbc.string.SymbolicStringConstraintsGeneral.isSatisfiable(SymbolicStringConstraintsGeneral.java:382)
	at gov.nasa.jpf.symbc.string.StringPathCondition.simplify(StringPathCondition.java:145)
	at gov.nasa.jpf.symbc.numeric.PathCondition.simplifyOld(PathCondition.java:414)
	at gov.nasa.jpf.symbc.numeric.PathCondition.simplify(PathCondition.java:339)
	at gov.nasa.jpf.symbc.bytecode.optimization.util.IFInstrSymbHelper.getNextInstructionAndSetPCChoice(IFInstrSymbHelper.java:574)
	at gov.nasa.jpf.symbc.bytecode.optimization.IF_ICMPEQ.execute(IF_ICMPEQ.java:64)
	at gov.nasa.jpf.vm.ThreadInfo.executeInstruction(ThreadInfo.java:1908)
	at gov.nasa.jpf.vm.ThreadInfo.executeTransition(ThreadInfo.java:1859)
	at gov.nasa.jpf.vm.SystemState.executeNextTransition(SystemState.java:765)
	at gov.nasa.jpf.vm.VM.forward(VM.java:1722)
	at gov.nasa.jpf.search.Search.forward(Search.java:937)
	at gov.nasa.jpf.search.DFSearch.search(DFSearch.java:79)
	at gov.nasa.jpf.JPF.run(JPF.java:613)
	at gov.nasa.jpf.JPF.start(JPF.java:189)
	at sun.reflect.NativeMethodAccessorImpl.invoke0(Native Method)
	at sun.reflect.NativeMethodAccessorImpl.invoke(NativeMethodAccessorImpl.java:62)
	at sun.reflect.DelegatingMethodAccessorImpl.invoke(DelegatingMethodAccessorImpl.java:43)
	at java.lang.reflect.Method.invoke(Method.java:498)
	at gov.nasa.jpf.tool.Run.call(Run.java:80)
	at gov.nasa.jpf.tool.RunJPF.main(RunJPF.java:116)
Runtime(ms) :781