Running Symbolic PathFinder ...
symbolic.dp=choco
symbolic.dp_timeout_ms=5000
symbolic.string_dp_timeout_ms=0
symbolic.string_dp_alpha=A-Z
symbolic.string_dp_alphaSize=26
symbolic.string_dp_upper=10
symbolic.string_dp_lower=1
symbolic.string_dp=MAS
symbolic.max_pc_length=2147483647
symbolic.max_pc_msec=0
symbolic.bvlength=32
symbolic.min_int=-2147483648
symbolic.min_long=-9223372036854775808
symbolic.min_short=-32768
symbolic.min_byte=-128
symbolic.min_char=0
symbolic.max_int=2147483647
symbolic.max_long=9223372036854775807
symbolic.max_short=32767
symbolic.max_byte=127
symbolic.max_char=65535
symbolic.min_double=-1.7976931348623157E308
symbolic.max_double=1.7976931348623157E308
JavaPathfinder core system v8.0 (rev 6a090698f11a9cc3be48deaf17c1c120a561c439) - (C) 2005-2014 United States Government. All rights reserved.


====================================================== system under test
strings.GoodbyeWorld.main()

====================================================== search started: 11/11/25 8:19 PM
New sym int var_1_1_SYMSTRING.length min=-2147483648, max=2147483647
New sym int CharAt(CONST_1)_0_ min=0, max=65535
numeric PC: constraint # = 1
CharAt(CONST_1)_0_ != CONST_72 -> true

### PCs: total:1 sat:1 unsat:0

string analysis: SPC # = 0
NPC constraint # = 1
CharAt(CONST_1)_0_ != CONST_72
$$$$$$$$$$$$$$$$$$$$$$$$$$$$$$$$
Calling MAS

The smtlib query is: 
(declare-const var_1_1 String)


(assert (not (= (str.at var_1_1 1) "H")))

=======================================
Numeric Path Condition Exists: CharAt(CONST_1)_0_ != CONST_72
No String Constraints
Using Alphabet: 0H
Using bound: 4
*****************************
sat,
var_1_1: "00"
************************************
numeric PC: constraint # = 1
CharAt(CONST_1)_0_ == CONST_72 -> true

### PCs: total:2 sat:2 unsat:0

string analysis: SPC # = 0
NPC constraint # = 1
CharAt(CONST_1)_0_ == CONST_72
$$$$$$$$$$$$$$$$$$$$$$$$$$$$$$$$
Calling MAS

The smtlib query is: 
(declare-const var_1_1 String)


(assert (= (str.at var_1_1 1) "H"))

=======================================
Numeric Path Condition Exists: CharAt(CONST_1)_0_ == CONST_72
No String Constraints
Using Alphabet: 0H
Using bound: 4
*****************************
sat,
var_1_1: "0H"
************************************
New sym int IndexOf_1_ min=-1, max=125
numeric PC: constraint # = 1
CharAt(CONST_1)_0_ == CONST_72 -> true

string analysis: SPC # = 0
NPC constraint # = 1
CharAt(CONST_1)_0_[72] == CONST_72
$$$$$$$$$$$$$$$$$$$$$$$$$$$$$$$$
Calling MAS

The smtlib query is: 
(declare-const var_1_1 String)


(assert (= (str.at var_1_1 1) "H"))

=======================================
Numeric Path Condition Exists: CharAt(CONST_1)_0_[72] == CONST_72
No String Constraints
Using Alphabet: 0H
Using bound: 4
*****************************
sat,
var_1_1: "0H"
************************************
numeric PC: constraint # = 1
CharAt(CONST_1)_0_[72] != CONST_72 -> true

### PCs: total:3 sat:3 unsat:0

string analysis: SPC # = 1
(var_1_1_SYMSTRING notequals CONST_Goodbye, World!)
NPC constraint # = 1
CharAt(CONST_1)_0_[72] != CONST_72
$$$$$$$$$$$$$$$$$$$$$$$$$$$$$$$$
Calling MAS

The smtlib query is: 
(declare-const var_1_1 String)

(assert (not (= var_1_1 "Goodbye, World!")))
(assert (not (= (str.at var_1_1 1) "H")))

=======================================
Numeric Path Condition Exists: CharAt(CONST_1)_0_[72] != CONST_72
Using Alphabet:  !,0GHWbdelory
Using bound: 16
*****************************
sat,
var_1_1: "  "
************************************
numeric PC: constraint # = 1
CharAt(CONST_1)_0_[72] != CONST_72 -> true

string analysis: SPC # = 1
(var_1_1_SYMSTRING notequals CONST_Goodbye, World!)
NPC constraint # = 1
CharAt(CONST_1)_0_[0] != CONST_72
$$$$$$$$$$$$$$$$$$$$$$$$$$$$$$$$
Calling MAS

The smtlib query is: 
(declare-const var_1_1 String)

(assert (not (= var_1_1 "Goodbye, World!")))
(assert (not (= (str.at var_1_1 1) "H")))

=======================================
Numeric Path Condition Exists: CharAt(CONST_1)_0_[0] != CONST_72
Using Alphabet:  !,0GHWbdelory
Using bound: 16
*****************************
sat,
var_1_1: "  "
************************************
numeric PC: constraint # = 1
CharAt(CONST_1)_0_[0] != CONST_72 -> true

### PCs: total:4 sat:4 unsat:0

string analysis: SPC # = 1
(var_1_1_SYMSTRING equals CONST_Goodbye, World!)
NPC constraint # = 1
CharAt(CONST_1)_0_[0] != CONST_72
$$$$$$$$$$$$$$$$$$$$$$$$$$$$$$$$
Calling MAS

The smtlib query is: 
(declare-const var_1_1 String)

(assert (= var_1_1 "Goodbye, World!"))
(assert (not (= (str.at var_1_1 1) "H")))

=======================================
Numeric Path Condition Exists: CharAt(CONST_1)_0_[0] != CONST_72
Using Alphabet:  !,0GHWbdelory
Using bound: 16
*****************************
sat,
var_1_1: "Goodbye, World!"
************************************
Symbolic Exp [ var_1_1_SYMSTRING]
numeric PC: constraint # = 1
CharAt(CONST_1)_0_[0] != CONST_72 -> true

string analysis: SPC # = 1
(var_1_1_SYMSTRING equals CONST_Goodbye, World!)
NPC constraint # = 1
CharAt(CONST_1)_0_[0] != CONST_72
$$$$$$$$$$$$$$$$$$$$$$$$$$$$$$$$
Calling MAS

The smtlib query is: 
(declare-const var_1_1 String)

(assert (= var_1_1 "Goodbye, World!"))
(assert (not (= (str.at var_1_1 1) "H")))

=======================================
Numeric Path Condition Exists: CharAt(CONST_1)_0_[0] != CONST_72
Using Alphabet:  !,0GHWbdelory
Using bound: 16
*****************************
sat,
var_1_1: "Goodbye, World!"
************************************
numeric PC: constraint # = 1
CharAt(CONST_1)_0_[0] != CONST_72 -> true

string analysis: SPC # = 0
NPC constraint # = 1
CharAt(CONST_1)_0_[0] != CONST_72
$$$$$$$$$$$$$$$$$$$$$$$$$$$$$$$$
Calling MAS

The smtlib query is: 
(declare-const var_1_1 String)


(assert (not (= (str.at var_1_1 1) "H")))

=======================================
Numeric Path Condition Exists: CharAt(CONST_1)_0_[0] != CONST_72
No String Constraints
Using Alphabet: 0H
Using bound: 4
*****************************
sat,
var_1_1[**UNDEFINED**]: "00"
************************************

====================================================== Method Sequences
[hello(**UNDEFINED**)]

====================================================== JUnit 4.0 test class
import static org.junit.Assert.*;
import org.junit.Before;
import org.junit.Test;

public class strings_GoodbyeWorldTest {

	private strings.GoodbyeWorld strings_goodbyeworld;

	@Before
	public void setUp() throws Exception {
		strings_goodbyeworld = new strings.GoodbyeWorld();
	}

	@Test
	public void test0() {
		strings_goodbyeworld.hello(**UNDEFINED**);
	}
}

====================================================== results
no errors detected

====================================================== statistics
elapsed time:       00:00:01
states:             new=7,visited=0,backtracked=7,end=3
search:             maxDepth=4,constraints=0
choice generators:  thread=1 (signal=0,lock=1,sharedRef=0,threadApi=0,reschedule=0), data=3
heap:               new=456,released=33,maxLive=450,gcCycles=6
instructions:       6365
max memory:         245MB
loaded code:        classes=81,methods=1618

====================================================== search finished: 11/11/25 8:19 PM
Runtime(ms) :1653