Running Symbolic PathFinder ...
symbolic.dp=choco
symbolic.string_dp_timeout_ms=0
symbolic.string_dp_alpha=A-Z
symbolic.string_dp_alphaSize=26
symbolic.string_dp_upper=10
symbolic.string_dp_lower=1
symbolic.string_dp=z3str3
symbolic.choco_time_bound=30000
symbolic.max_pc_length=2147483647
symbolic.max_pc_msec=0
symbolic.bvlength=32
symbolic.min_int=-2147483648
symbolic.min_long=-9223372036854775808
symbolic.min_short=-32768
symbolic.min_byte=-128
symbolic.min_char=0
symbolic.max_int=2147483647
symbolic.max_long=9223372036854775807
symbolic.max_short=32767
symbolic.max_byte=127
symbolic.max_char=65535
symbolic.min_double=4.9E-324
symbolic.max_double=1.7976931348623157E308
JavaPathfinder core system v8.0 (rev 2159fbb2c05f69380516caefe22c5ed16838876d) - (C) 2005-2014 United States Government. All rights reserved.


====================================================== system under test
strings.GoodbyeWorld.main()

====================================================== search started: 9/3/25 2:02 PM
New sym int var_1_1_SYMSTRING.length min=-2147483648, max=2147483647
New sym int CharAt(CONST_1)_0_ min=0, max=65535
numeric PC: constraint # = 1
CharAt(CONST_1)_0_ != CONST_72 -> true

### PCs: total:1 sat:1 unsat:0

string analysis: SPC # = 0
NPC constraint # = 1
CharAt(CONST_1)_0_ != CONST_72
$$$$$$$$$$$$$$$$$$$$$$$$$$$$$$$$
Calling Z3str3

current query... 
(declare-const var_1_1 String)


(assert (not (= (str.at var_1_1 1) "H")))



======================
(define-fun var_1_1 () String
  "")
Returned solutions: 
(define-fun var_1_1 () String  "")
*************************************
Satisfiable: true
var_1_1 => ""
*************************************

numeric PC: constraint # = 1
CharAt(CONST_1)_0_ == CONST_72 -> true

### PCs: total:2 sat:2 unsat:0

string analysis: SPC # = 0
NPC constraint # = 1
CharAt(CONST_1)_0_ == CONST_72
$$$$$$$$$$$$$$$$$$$$$$$$$$$$$$$$
Calling Z3str3

current query... 
(declare-const var_1_1 String)


(assert (= (str.at var_1_1 1) "H"))



======================
(define-fun var_1_1 () String
  "AH")
Returned solutions: 
(define-fun var_1_1 () String  "AH")
*************************************
Satisfiable: true
var_1_1 => "AH"
*************************************

New sym int IndexOf_1_ min=-1, max=30
numeric PC: constraint # = 1
CharAt(CONST_1)_0_ != CONST_72 -> true

### PCs: total:3 sat:3 unsat:0

string analysis: SPC # = 1
(var_1_1_SYMSTRING notequals CONST_Goodbye, World!)
NPC constraint # = 1
CharAt(CONST_1)_0_ != CONST_72
$$$$$$$$$$$$$$$$$$$$$$$$$$$$$$$$
Calling Z3str3

current query... 
(declare-const var_1_1 String)

(assert (not (= var_1_1 "Goodbye, World!")))
(assert (not (= (str.at var_1_1 1) "H")))



======================
(define-fun var_1_1 () String
  "")
Returned solutions: 
(define-fun var_1_1 () String  "")
*************************************
Satisfiable: true
var_1_1 => ""
*************************************

numeric PC: constraint # = 1
CharAt(CONST_1)_0_ != CONST_72 -> true

### PCs: total:4 sat:4 unsat:0

string analysis: SPC # = 1
(var_1_1_SYMSTRING equals CONST_Goodbye, World!)
NPC constraint # = 1
CharAt(CONST_1)_0_ != CONST_72
$$$$$$$$$$$$$$$$$$$$$$$$$$$$$$$$
Calling Z3str3

current query... 
(declare-const var_1_1 String)

(assert (= var_1_1 "Goodbye, World!"))
(assert (not (= (str.at var_1_1 1) "H")))



======================
(define-fun var_1_1 () String
  "Goodbye, World!")
Returned solutions: 
(define-fun var_1_1 () String  "Goodbye, World!")
*************************************
Satisfiable: true
var_1_1 => "Goodbye, World!"
*************************************

Symbolic Exp [ var_1_1_SYMSTRING]

====================================================== results
no errors detected

====================================================== statistics
elapsed time:       00:00:00
states:             new=5,visited=0,backtracked=5,end=3
search:             maxDepth=3,constraints=0
choice generators:  thread=1 (signal=0,lock=1,sharedRef=0,threadApi=0,reschedule=0), data=2
heap:               new=456,released=33,maxLive=450,gcCycles=5
instructions:       6332
max memory:         477MB
loaded code:        classes=81,methods=1618

====================================================== search finished: 9/3/25 2:02 PM
Runtime(ms) :820