Running Symbolic PathFinder ...
symbolic.dp=choco
symbolic.dp_timeout_ms=5000
symbolic.string_dp_timeout_ms=0
symbolic.string_dp_alpha=A-Z
symbolic.string_dp_alphaSize=26
symbolic.string_dp_upper=10
symbolic.string_dp_lower=1
symbolic.string_dp=MAS
symbolic.max_pc_length=2147483647
symbolic.max_pc_msec=0
symbolic.bvlength=32
symbolic.min_int=-2147483648
symbolic.min_long=-9223372036854775808
symbolic.min_short=-32768
symbolic.min_byte=-128
symbolic.min_char=0
symbolic.max_int=2147483647
symbolic.max_long=9223372036854775807
symbolic.max_short=32767
symbolic.max_byte=127
symbolic.max_char=65535
symbolic.min_double=-1.7976931348623157E308
symbolic.max_double=1.7976931348623157E308
JavaPathfinder core system v8.0 (rev a949b735aba7ed852115d24065a70b5ccd5ece33) - (C) 2005-2014 United States Government. All rights reserved.


====================================================== system under test
strings.HelloWorld.main()

====================================================== search started: 11/25/25 12:13 PM
New sym int var_1_1_SYMSTRING.length min=-2147483648, max=2147483647
## Warning: empty path condition
### PCs: total:1 sat:1 unsat:0

string analysis: SPC # = 1
(var_1_1_SYMSTRING notequals CONST_HelloWorld)
NPC constraint # = 0
$$$$$$$$$$$$$$$$$$$$$$$$$$$$$$$$
Calling MAS

Using Alphabet: 0HWdelor
Using bound: 11
*****************************
sat,
var_1_1: ""
*****************************
A-Str Solver Time (ms):27
************************************
string analysis: SPC # = 1
(var_1_1_SYMSTRING notequals CONST_HelloWorld)
NPC constraint # = 0
$$$$$$$$$$$$$$$$$$$$$$$$$$$$$$$$
Calling MAS

Using Alphabet: 0HWdelor
Using bound: 11
*****************************
sat,
var_1_1: ""
*****************************
A-Str Solver Time (ms):9
************************************
## Warning: empty path condition
### PCs: total:2 sat:2 unsat:0

string analysis: SPC # = 1
(var_1_1_SYMSTRING equals CONST_HelloWorld)
NPC constraint # = 0
$$$$$$$$$$$$$$$$$$$$$$$$$$$$$$$$
Calling MAS

Using Alphabet: 0HWdelor
Using bound: 11
*****************************
sat,
var_1_1: "HelloWorld"
*****************************
A-Str Solver Time (ms):4
************************************
Symbolic Exp [ var_1_1_SYMSTRING]
string analysis: SPC # = 1
(var_1_1_SYMSTRING equals CONST_HelloWorld)
NPC constraint # = 0
$$$$$$$$$$$$$$$$$$$$$$$$$$$$$$$$
Calling MAS

Using Alphabet: 0HWdelor
Using bound: 11
*****************************
sat,
var_1_1: "HelloWorld"
*****************************
A-Str Solver Time (ms):2
************************************

====================================================== Method Sequences
[hello(**UNDEFINED**)]

====================================================== JUnit 4.0 test class
import static org.junit.Assert.*;
import org.junit.Before;
import org.junit.Test;

public class strings_HelloWorldTest {

	private strings.HelloWorld strings_helloworld;

	@Before
	public void setUp() throws Exception {
		strings_helloworld = new strings.HelloWorld();
	}

	@Test
	public void test0() {
		strings_helloworld.hello(**UNDEFINED**);
	}
}

====================================================== results
no errors detected

====================================================== statistics
elapsed time:       00:00:00
states:             new=5,visited=0,backtracked=5,end=2
search:             maxDepth=3,constraints=0
choice generators:  thread=1 (signal=0,lock=1,sharedRef=0,threadApi=0,reschedule=0), data=2
heap:               new=456,released=24,maxLive=450,gcCycles=4
instructions:       6348
max memory:         477MB
loaded code:        classes=81,methods=1618

====================================================== search finished: 11/25/25 12:13 PM
Runtime(ms) :473