Running Symbolic PathFinder ...
symbolic.dp=choco
symbolic.string_dp_timeout_ms=0
symbolic.string_dp_alpha=A-Z
symbolic.string_dp_alphaSize=26
symbolic.string_dp_upper=10
symbolic.string_dp_lower=1
symbolic.string_dp=z3str3
symbolic.choco_time_bound=30000
symbolic.max_pc_length=2147483647
symbolic.max_pc_msec=0
symbolic.bvlength=32
symbolic.min_int=-2147483648
symbolic.min_long=-9223372036854775808
symbolic.min_short=-32768
symbolic.min_byte=-128
symbolic.min_char=0
symbolic.max_int=2147483647
symbolic.max_long=9223372036854775807
symbolic.max_short=32767
symbolic.max_byte=127
symbolic.max_char=65535
symbolic.min_double=4.9E-324
symbolic.max_double=1.7976931348623157E308
JavaPathfinder core system v8.0 (rev 82e9512831f6880a12cdb606c891cf70f824134e) - (C) 2005-2014 United States Government. All rights reserved.


====================================================== system under test
strings.MasterMind.main()

====================================================== search started: 9/4/25 1:54 PM
New sym int str_1_SYMSTRING.length min=-2147483648, max=2147483647
New sym int target_2_SYMSTRING.length min=-2147483648, max=2147483647
Guess a 4-digit number with no duplicate digits: ## Warning: empty path condition
### PCs: total:1 sat:1 unsat:0

string analysis: SPC # = 1
( notinteger .trim(str_1_SYMSTRING))
NPC constraint # = 0
$$$$$$$$$$$$$$$$$$$$$$$$$$$$$$$$
Calling Z3str3

current query... 
(declare-const str_1 String)
(declare-const out_str String)

(assert (not (or (not (= (str.to_int out_str) -1)) (and (= (str.at out_str 0) "-") (not (= (str.to_int (str.substr out_str 1 (str.len out_str))) -1))))))

(declare-const nwc RegLan)
(declare-const ws RegLan)
(assert (and (str.in_re str_1 (re.++ ws (str.to_re out_str) ws)) (or (= out_str "")(and (str.in_re out_str (re.++ nwc re.all)) (str.in_re out_str (re.++ re.all nwc))))))
(assert (= nwc (re.diff re.allchar (re.range (str.from_code 0) (str.from_code 32)))))
(assert (= ws (re.union (re.+ (re.range (str.from_code 0) (str.from_code 32))) (str.to_re ""))))


======================
(define-fun str_1 () String
  "")
(define-fun out_str () String
  "")
(define-fun ws () (RegEx String)
  (re.union (str.to_re "")
          (re.++ (re.range "\u{0}" " ") (re.* (re.range "\u{0}" " ")))))
(define-fun nwc () (RegEx String)
  (re.inter re.allchar (re.comp (re.range "\u{0}" " "))))
Returned solutions: 
(define-fun str_1 () String  "")
(define-fun out_str () String  "")
(define-fun ws () (RegEx String)  (re.union (str.to_re "")
(define-fun nwc () (RegEx String)  (re.inter re.allchar (re.comp (re.range "\u{0}" " "))))
*************************************
Satisfiable: true
str_1 => ""
out_str => ""
nwc => "\u{0}" " ")))
ws => ""
*************************************


====================================================== error 1
gov.nasa.jpf.vm.NoUncaughtExceptionsProperty
java.lang.NumberFormatException
	at strings.MasterMind.guessCode(MasterMind.java:31)
	at strings.MasterMind.main(MasterMind.java:19)


====================================================== snapshot #1
thread java.lang.Thread:{id:0,name:main,status:RUNNING,priority:5,isDaemon:false,lockCount:0,suspendCount:0}
  call stack:
	at strings.MasterMind.guessCode(MasterMind.java:31)
	at strings.MasterMind.main(MasterMind.java:19)


====================================================== results
error #1: gov.nasa.jpf.vm.NoUncaughtExceptionsProperty "java.lang.NumberFormatException  at strings.Master..."

====================================================== statistics
elapsed time:       00:00:00
states:             new=2,visited=0,backtracked=0,end=0
search:             maxDepth=2,constraints=0
choice generators:  thread=1 (signal=0,lock=1,sharedRef=0,threadApi=0,reschedule=0), data=1
heap:               new=492,released=7,maxLive=0,gcCycles=1
instructions:       6452
max memory:         477MB
loaded code:        classes=92,methods=1824

====================================================== search finished: 9/4/25 1:54 PM
Runtime(ms) :447