Running Symbolic PathFinder ...
symbolic.dp=choco
symbolic.string_dp_timeout_ms=0
symbolic.string_dp_alpha=A-Z
symbolic.string_dp_alphaSize=26
symbolic.string_dp_upper=10
symbolic.string_dp_lower=1
symbolic.string_dp=z3str3
symbolic.choco_time_bound=30000
symbolic.max_pc_length=2147483647
symbolic.max_pc_msec=0
symbolic.bvlength=32
symbolic.min_int=-2147483648
symbolic.min_long=-9223372036854775808
symbolic.min_short=-32768
symbolic.min_byte=-128
symbolic.min_char=0
symbolic.max_int=2147483647
symbolic.max_long=9223372036854775807
symbolic.max_short=32767
symbolic.max_byte=127
symbolic.max_char=65535
symbolic.min_double=4.9E-324
symbolic.max_double=1.7976931348623157E308
JavaPathfinder core system v8.0 (rev 82e9512831f6880a12cdb606c891cf70f824134e) - (C) 2005-2014 United States Government. All rights reserved.


====================================================== system under test
strings.MasterMind.main()

====================================================== search started: 9/4/25 1:54 PM
New sym int num_1_SYMINT min=-2147483648, max=2147483647
numeric PC: constraint # = 1
num_1_SYMINT <= CONST_0 -> true

### PCs: total:1 sat:1 unsat:0

string analysis: SPC # = 0
NPC constraint # = 1
num_1_SYMINT <= CONST_0
$$$$$$$$$$$$$$$$$$$$$$$$$$$$$$$$
Calling Z3str3

current query... 

(declare-const num_1_SYMINT Int)

(assert (<= num_1_SYMINT 0))



======================
(define-fun num_1_SYMINT () Int
  0)
Returned solutions: 
(define-fun num_1_SYMINT () Int  0)
*************************************
Satisfiable: true
*************************************

numeric PC: constraint # = 1
num_1_SYMINT > CONST_0 -> true

### PCs: total:2 sat:2 unsat:0

string analysis: SPC # = 0
NPC constraint # = 1
num_1_SYMINT > CONST_0
$$$$$$$$$$$$$$$$$$$$$$$$$$$$$$$$
Calling Z3str3

current query... 

(declare-const num_1_SYMINT Int)

(assert (> num_1_SYMINT 0))



======================
(define-fun num_1_SYMINT () Int
  1)
Returned solutions: 
(define-fun num_1_SYMINT () Int  1)
*************************************
Satisfiable: true
*************************************

# array cg registered: gov.nasa.jpf.symbc.numeric.PCChoiceGenerator[id="?",isCascaded:false,0..11,delta=+1,cur=-1]
java.lang.RuntimeException: ## Error: Non Linear Integer Constraint not handled %NonLinInteger% CONST_0 == (num_1_SYMINT % CONST_10) &&
num_1_SYMINT > CONST_0
	at gov.nasa.jpf.symbc.numeric.PCParser.addConstraint(PCParser.java:1136)
	at gov.nasa.jpf.symbc.numeric.PCParser.parse(PCParser.java:1091)
	at gov.nasa.jpf.symbc.numeric.SymbolicConstraintsGeneral.isSatisfiable(SymbolicConstraintsGeneral.java:128)
	at gov.nasa.jpf.symbc.numeric.PathCondition.simplifyOld(PathCondition.java:393)
	at gov.nasa.jpf.symbc.numeric.PathCondition.simplify(PathCondition.java:340)
	at gov.nasa.jpf.symbc.bytecode.BALOAD.execute(BALOAD.java:108)
	at gov.nasa.jpf.vm.ThreadInfo.executeInstruction(ThreadInfo.java:1908)
	at gov.nasa.jpf.vm.ThreadInfo.executeTransition(ThreadInfo.java:1859)
	at gov.nasa.jpf.vm.SystemState.executeNextTransition(SystemState.java:765)
	at gov.nasa.jpf.vm.VM.forward(VM.java:1722)
	at gov.nasa.jpf.search.Search.forward(Search.java:937)
	at gov.nasa.jpf.search.DFSearch.search(DFSearch.java:79)
	at gov.nasa.jpf.JPF.run(JPF.java:613)
	at gov.nasa.jpf.JPF.start(JPF.java:189)
	at sun.reflect.NativeMethodAccessorImpl.invoke0(Native Method)
	at sun.reflect.NativeMethodAccessorImpl.invoke(NativeMethodAccessorImpl.java:62)
	at sun.reflect.DelegatingMethodAccessorImpl.invoke(DelegatingMethodAccessorImpl.java:43)
	at java.lang.reflect.Method.invoke(Method.java:498)
	at gov.nasa.jpf.tool.Run.call(Run.java:80)
	at gov.nasa.jpf.tool.RunJPF.main(RunJPF.java:116)
Runtime(ms) :472