Running Symbolic PathFinder ...
symbolic.dp=choco
symbolic.string_dp_timeout_ms=0
symbolic.string_dp_alpha=A-Z
symbolic.string_dp_alphaSize=26
symbolic.string_dp_upper=10
symbolic.string_dp_lower=1
symbolic.string_dp=z3str3
symbolic.choco_time_bound=30000
symbolic.max_pc_length=2147483647
symbolic.max_pc_msec=0
symbolic.bvlength=32
symbolic.min_int=-2147483648
symbolic.min_long=-9223372036854775808
symbolic.min_short=-32768
symbolic.min_byte=-128
symbolic.min_char=0
symbolic.max_int=2147483647
symbolic.max_long=9223372036854775807
symbolic.max_short=32767
symbolic.max_byte=127
symbolic.max_char=65535
symbolic.min_double=4.9E-324
symbolic.max_double=1.7976931348623157E308
JavaPathfinder core system v8.0 (rev b754a0305ac7423e9b25fba66388b99d5c823c4e) - (C) 2005-2014 United States Government. All rights reserved.


====================================================== system under test
gov.nasa.jpf.symbc.strings.MysteryQuestion.main()

====================================================== search started: 9/17/25 12:17 PM
New sym int body_1_SYMSTRING.length min=-2147483648, max=2147483647
New sym int Length_0_ min=0, max=30
java.lang.ClassCastException: gov.nasa.jpf.symbc.string.SymbolicLengthInteger cannot be cast to gov.nasa.jpf.symbc.string.StringExpression
	at gov.nasa.jpf.symbc.bytecode.SymbolicStringHandler.handleInit(SymbolicStringHandler.java:951)
	at gov.nasa.jpf.symbc.bytecode.SymbolicStringHandler.handleSymbolicStrings(SymbolicStringHandler.java:292)
	at gov.nasa.jpf.symbc.bytecode.BytecodeUtils.execute(BytecodeUtils.java:218)
	at gov.nasa.jpf.symbc.bytecode.INVOKESPECIAL.execute(INVOKESPECIAL.java:45)
	at gov.nasa.jpf.vm.ThreadInfo.executeInstruction(ThreadInfo.java:1908)
	at gov.nasa.jpf.vm.ThreadInfo.executeTransition(ThreadInfo.java:1859)
	at gov.nasa.jpf.vm.SystemState.executeNextTransition(SystemState.java:765)
	at gov.nasa.jpf.vm.VM.forward(VM.java:1722)
	at gov.nasa.jpf.search.Search.forward(Search.java:937)
	at gov.nasa.jpf.search.DFSearch.search(DFSearch.java:79)
	at gov.nasa.jpf.JPF.run(JPF.java:613)
	at gov.nasa.jpf.JPF.start(JPF.java:189)
	at sun.reflect.NativeMethodAccessorImpl.invoke0(Native Method)
	at sun.reflect.NativeMethodAccessorImpl.invoke(NativeMethodAccessorImpl.java:62)
	at sun.reflect.DelegatingMethodAccessorImpl.invoke(DelegatingMethodAccessorImpl.java:43)
	at java.lang.reflect.Method.invoke(Method.java:498)
	at gov.nasa.jpf.tool.Run.call(Run.java:80)
	at gov.nasa.jpf.tool.RunJPF.main(RunJPF.java:116)
Runtime(ms) :353