Running Symbolic PathFinder ...
symbolic.dp=choco
symbolic.string_dp_timeout_ms=0
symbolic.string_dp_alpha=A-Z
symbolic.string_dp_alphaSize=26
symbolic.string_dp_upper=10
symbolic.string_dp_lower=1
symbolic.string_dp=z3str3
symbolic.choco_time_bound=30000
symbolic.max_pc_length=2147483647
symbolic.max_pc_msec=0
symbolic.bvlength=32
symbolic.min_int=-2147483648
symbolic.min_long=-9223372036854775808
symbolic.min_short=-32768
symbolic.min_byte=-128
symbolic.min_char=0
symbolic.max_int=2147483647
symbolic.max_long=9223372036854775807
symbolic.max_short=32767
symbolic.max_byte=127
symbolic.max_char=65535
symbolic.min_double=4.9E-324
symbolic.max_double=1.7976931348623157E308
JavaPathfinder core system v8.0 (rev b754a0305ac7423e9b25fba66388b99d5c823c4e) - (C) 2005-2014 United States Government. All rights reserved.


====================================================== system under test
gov.nasa.jpf.symbc.strings.MysteryQuestionMin.main()

====================================================== search started: 9/17/25 12:17 PM
New sym int body_1_SYMSTRING.length min=-2147483648, max=2147483647
New sym int i_2_SYMINT min=-2147483648, max=2147483647
start
New sym int Length_0_ min=0, max=30
numeric PC: constraint # = 1
i_2_SYMINT < CONST_0 -> true

### PCs: total:1 sat:1 unsat:0

string analysis: SPC # = 0
NPC constraint # = 1
i_2_SYMINT < CONST_0
$$$$$$$$$$$$$$$$$$$$$$$$$$$$$$$$
Calling Z3str3

current query... 

(declare-const i_2_SYMINT Int)

(assert (< i_2_SYMINT 0))



======================
(define-fun i_2_SYMINT () Int
  (- 1))
Returned solutions: 
(define-fun i_2_SYMINT () Int  (- 1))
*************************************
Satisfiable: true
*************************************

numeric PC: constraint # = 1
i_2_SYMINT >= CONST_0 -> true

### PCs: total:2 sat:2 unsat:0

string analysis: SPC # = 0
NPC constraint # = 1
i_2_SYMINT >= CONST_0
$$$$$$$$$$$$$$$$$$$$$$$$$$$$$$$$
Calling Z3str3

current query... 

(declare-const i_2_SYMINT Int)

(assert (>= i_2_SYMINT 0))



======================
(define-fun i_2_SYMINT () Int
  0)
Returned solutions: 
(define-fun i_2_SYMINT () Int  0)
*************************************
Satisfiable: true
*************************************

numeric PC: constraint # = 2
i_2_SYMINT >= Length_0_ &&
i_2_SYMINT >= CONST_0 -> true

### PCs: total:3 sat:3 unsat:0

string analysis: SPC # = 0
NPC constraint # = 2
i_2_SYMINT >= Length_0_ &&
i_2_SYMINT >= CONST_0
$$$$$$$$$$$$$$$$$$$$$$$$$$$$$$$$
Calling Z3str3

current query... 
(declare-const body_1 String)
(declare-const i_2_SYMINT Int)

(assert (>= i_2_SYMINT (str.len body_1)))
(assert (>= i_2_SYMINT 0))



======================
(define-fun i_2_SYMINT () Int
  0)
(define-fun body_1 () String
  "")
Returned solutions: 
(define-fun i_2_SYMINT () Int  0)
(define-fun body_1 () String  "")
*************************************
Satisfiable: true
body_1 => ""
*************************************

numeric PC: constraint # = 2
i_2_SYMINT < Length_0_ &&
i_2_SYMINT >= CONST_0 -> true

### PCs: total:4 sat:4 unsat:0

string analysis: SPC # = 0
NPC constraint # = 2
i_2_SYMINT < Length_0_ &&
i_2_SYMINT >= CONST_0
$$$$$$$$$$$$$$$$$$$$$$$$$$$$$$$$
Calling Z3str3

current query... 
(declare-const body_1 String)
(declare-const i_2_SYMINT Int)

(assert (< i_2_SYMINT (str.len body_1)))
(assert (>= i_2_SYMINT 0))



======================
(define-fun i_2_SYMINT () Int
  0)
(define-fun body_1 () String
  "A")
Returned solutions: 
(define-fun i_2_SYMINT () Int  0)
(define-fun body_1 () String  "A")
*************************************
Satisfiable: true
body_1 => "A"
*************************************

numeric PC: constraint # = 3
i_2_SYMINT > (i_2_SYMINT - CONST_1) &&
i_2_SYMINT < Length_0_ &&
i_2_SYMINT >= CONST_0 -> true

### PCs: total:5 sat:5 unsat:0

string analysis: SPC # = 0
NPC constraint # = 3
i_2_SYMINT > (i_2_SYMINT - CONST_1) &&
i_2_SYMINT < Length_0_ &&
i_2_SYMINT >= CONST_0
$$$$$$$$$$$$$$$$$$$$$$$$$$$$$$$$
Calling Z3str3

current query... 
(declare-const body_1 String)
(declare-const i_2_SYMINT Int)

(assert (> i_2_SYMINT ( -  i_2_SYMINT 1)))
(assert (< i_2_SYMINT (str.len body_1)))
(assert (>= i_2_SYMINT 0))



======================
(define-fun i_2_SYMINT () Int
  0)
(define-fun body_1 () String
  "A")
Returned solutions: 
(define-fun i_2_SYMINT () Int  0)
(define-fun body_1 () String  "A")
*************************************
Satisfiable: true
body_1 => "A"
*************************************

numeric PC: constraint # = 3
i_2_SYMINT <= (i_2_SYMINT - CONST_1) &&
i_2_SYMINT < Length_0_ &&
i_2_SYMINT >= CONST_0 -> false

### PCs: total:6 sat:5 unsat:1

New sym int CharAt(i_2_SYMINT)_1_ min=0, max=65535
numeric PC: constraint # = 3
CharAt(i_2_SYMINT)_1_ != CONST_60 &&
i_2_SYMINT < Length_0_ &&
i_2_SYMINT >= CONST_0 -> true

### PCs: total:7 sat:6 unsat:1

string analysis: SPC # = 0
NPC constraint # = 3
CharAt(i_2_SYMINT)_1_ != CONST_60 &&
i_2_SYMINT < Length_0_ &&
i_2_SYMINT >= CONST_0
$$$$$$$$$$$$$$$$$$$$$$$$$$$$$$$$
Calling Z3str3

current query... 
(declare-const body_1 String)
(declare-const i_2_SYMINT Int)

(assert (not (= (str.at body_1 i_2_SYMINT) "<")))
(assert (< i_2_SYMINT (str.len body_1)))
(assert (>= i_2_SYMINT 0))



======================
(define-fun i_2_SYMINT () Int
  0)
(define-fun body_1 () String
  "A")
Returned solutions: 
(define-fun i_2_SYMINT () Int  0)
(define-fun body_1 () String  "A")
*************************************
Satisfiable: true
body_1 => "A"
*************************************

numeric PC: constraint # = 3
CharAt(i_2_SYMINT)_1_ == CONST_60 &&
i_2_SYMINT < Length_0_ &&
i_2_SYMINT >= CONST_0 -> true

### PCs: total:8 sat:7 unsat:1

string analysis: SPC # = 0
NPC constraint # = 3
CharAt(i_2_SYMINT)_1_ == CONST_60 &&
i_2_SYMINT < Length_0_ &&
i_2_SYMINT >= CONST_0
$$$$$$$$$$$$$$$$$$$$$$$$$$$$$$$$
Calling Z3str3

current query... 
(declare-const body_1 String)
(declare-const i_2_SYMINT Int)

(assert (= (str.at body_1 i_2_SYMINT) "<"))
(assert (< i_2_SYMINT (str.len body_1)))
(assert (>= i_2_SYMINT 0))



======================
(define-fun i_2_SYMINT () Int
  0)
(define-fun body_1 () String
  "<")
Returned solutions: 
(define-fun i_2_SYMINT () Int  0)
(define-fun body_1 () String  "<")
*************************************
Satisfiable: true
body_1 => "<"
*************************************

numeric PC: constraint # = 4
(i_2_SYMINT + CONST_14) >= Length_0_ &&
CharAt(i_2_SYMINT)_1_ == CONST_60 &&
i_2_SYMINT < Length_0_ &&
i_2_SYMINT >= CONST_0 -> true

### PCs: total:9 sat:8 unsat:1

string analysis: SPC # = 0
NPC constraint # = 4
(i_2_SYMINT + CONST_14) >= Length_0_ &&
CharAt(i_2_SYMINT)_1_ == CONST_60 &&
i_2_SYMINT < Length_0_ &&
i_2_SYMINT >= CONST_0
$$$$$$$$$$$$$$$$$$$$$$$$$$$$$$$$
Calling Z3str3

current query... 
(declare-const body_1 String)
(declare-const i_2_SYMINT Int)

(assert (>= ( +  i_2_SYMINT 14) (str.len body_1)))
(assert (= (str.at body_1 i_2_SYMINT) "<"))
(assert (< i_2_SYMINT (str.len body_1)))
(assert (>= i_2_SYMINT 0))



======================
(define-fun i_2_SYMINT () Int
  0)
(define-fun body_1 () String
  "<")
Returned solutions: 
(define-fun i_2_SYMINT () Int  0)
(define-fun body_1 () String  "<")
*************************************
Satisfiable: true
body_1 => "<"
*************************************

numeric PC: constraint # = 4
(i_2_SYMINT + CONST_14) < Length_0_ &&
CharAt(i_2_SYMINT)_1_ == CONST_60 &&
i_2_SYMINT < Length_0_ &&
i_2_SYMINT >= CONST_0 -> true

### PCs: total:10 sat:9 unsat:1

string analysis: SPC # = 0
NPC constraint # = 4
(i_2_SYMINT + CONST_14) < Length_0_ &&
CharAt(i_2_SYMINT)_1_ == CONST_60 &&
i_2_SYMINT < Length_0_ &&
i_2_SYMINT >= CONST_0
$$$$$$$$$$$$$$$$$$$$$$$$$$$$$$$$
Calling Z3str3

current query... 
(declare-const body_1 String)
(declare-const i_2_SYMINT Int)

(assert (< ( +  i_2_SYMINT 14) (str.len body_1)))
(assert (= (str.at body_1 i_2_SYMINT) "<"))
(assert (< i_2_SYMINT (str.len body_1)))
(assert (>= i_2_SYMINT 0))



======================
(define-fun i_2_SYMINT () Int
  0)
(define-fun body_1 () String
  "<CDABEFGHJIKLMN")
Returned solutions: 
(define-fun i_2_SYMINT () Int  0)
(define-fun body_1 () String  "<CDABEFGHJIKLMN")
*************************************
Satisfiable: true
body_1 => "<CDABEFGHJIKLMN"
*************************************

New sym int CharAt((i_2_SYMINT + CONST_8))_2_ min=0, max=65535
numeric PC: constraint # = 5
CharAt((i_2_SYMINT + CONST_8))_2_ != CONST_34 &&
(i_2_SYMINT + CONST_14) < Length_0_ &&
CharAt(i_2_SYMINT)_1_ == CONST_60 &&
i_2_SYMINT < Length_0_ &&
i_2_SYMINT >= CONST_0 -> true

### PCs: total:11 sat:10 unsat:1

string analysis: SPC # = 0
NPC constraint # = 5
CharAt((i_2_SYMINT + CONST_8))_2_ != CONST_34 &&
(i_2_SYMINT + CONST_14) < Length_0_ &&
CharAt(i_2_SYMINT)_1_ == CONST_60 &&
i_2_SYMINT < Length_0_ &&
i_2_SYMINT >= CONST_0
$$$$$$$$$$$$$$$$$$$$$$$$$$$$$$$$
Calling Z3str3

current query... 
(declare-const body_1 String)
(declare-const i_2_SYMINT Int)

(assert (not (= (str.at body_1 ( +  i_2_SYMINT 8)) """)))
(assert (< ( +  i_2_SYMINT 14) (str.len body_1)))
(assert (= (str.at body_1 i_2_SYMINT) "<"))
(assert (< i_2_SYMINT (str.len body_1)))
(assert (>= i_2_SYMINT 0))



======================
Z3 exception: (error "line 7 column 40: no arguments supplied to arithmetical operator")
(error "line 12 column 1: unexpected end of string")

java.lang.RuntimeException: ERROR: unsupported string operation
	at edu.ucsb.cs.vlab.versions.Z3String3Processor.getOutput(Z3String3Processor.java:139)
	at gov.nasa.jpf.symbc.string.translate.TranslateToZ3str3.solve(TranslateToZ3str3.java:30)
	at gov.nasa.jpf.symbc.string.SymbolicStringConstraintsGeneral.inner_isSatisfiable(SymbolicStringConstraintsGeneral.java:456)
	at gov.nasa.jpf.symbc.string.SymbolicStringConstraintsGeneral.isSatisfiable(SymbolicStringConstraintsGeneral.java:382)
	at gov.nasa.jpf.symbc.string.StringPathCondition.simplify(StringPathCondition.java:145)
	at gov.nasa.jpf.symbc.numeric.PathCondition.simplifyOld(PathCondition.java:409)
	at gov.nasa.jpf.symbc.numeric.PathCondition.simplify(PathCondition.java:340)
	at gov.nasa.jpf.symbc.bytecode.optimization.util.IFInstrSymbHelper.getNextInstructionAndSetPCChoice(IFInstrSymbHelper.java:574)
	at gov.nasa.jpf.symbc.bytecode.optimization.IF_ICMPNE.execute(IF_ICMPNE.java:65)
	at gov.nasa.jpf.vm.ThreadInfo.executeInstruction(ThreadInfo.java:1908)
	at gov.nasa.jpf.vm.ThreadInfo.executeTransition(ThreadInfo.java:1859)
	at gov.nasa.jpf.vm.SystemState.executeNextTransition(SystemState.java:765)
	at gov.nasa.jpf.vm.VM.forward(VM.java:1722)
	at gov.nasa.jpf.search.Search.forward(Search.java:937)
	at gov.nasa.jpf.search.DFSearch.search(DFSearch.java:79)
	at gov.nasa.jpf.JPF.run(JPF.java:613)
	at gov.nasa.jpf.JPF.start(JPF.java:189)
	at sun.reflect.NativeMethodAccessorImpl.invoke0(Native Method)
	at sun.reflect.NativeMethodAccessorImpl.invoke(NativeMethodAccessorImpl.java:62)
	at sun.reflect.DelegatingMethodAccessorImpl.invoke(DelegatingMethodAccessorImpl.java:43)
	at java.lang.reflect.Method.invoke(Method.java:498)
	at gov.nasa.jpf.tool.Run.call(Run.java:80)
	at gov.nasa.jpf.tool.RunJPF.main(RunJPF.java:116)
Runtime(ms) :609