Running Symbolic PathFinder ...
symbolic.dp=choco
symbolic.string_dp_timeout_ms=0
symbolic.string_dp_alpha=A-Z
symbolic.string_dp_alphaSize=26
symbolic.string_dp_upper=10
symbolic.string_dp_lower=1
symbolic.string_dp=z3str3
symbolic.choco_time_bound=30000
symbolic.max_pc_length=2147483647
symbolic.max_pc_msec=0
symbolic.bvlength=32
symbolic.min_int=-2147483648
symbolic.min_long=-9223372036854775808
symbolic.min_short=-32768
symbolic.min_byte=-128
symbolic.min_char=0
symbolic.max_int=2147483647
symbolic.max_long=9223372036854775807
symbolic.max_short=32767
symbolic.max_byte=127
symbolic.max_char=65535
symbolic.min_double=4.9E-324
symbolic.max_double=1.7976931348623157E308
JavaPathfinder core system v8.0 (rev 82e9512831f6880a12cdb606c891cf70f824134e) - (C) 2005-2014 United States Government. All rights reserved.


====================================================== system under test
strings.PassCheck.main()

====================================================== search started: 9/4/25 1:53 PM
Insecure Success.
New sym int p_1_SYMSTRING.length min=-2147483648, max=2147483647
New sym int Length_0_ min=0, max=30
numeric PC: constraint # = 1
CONST_0 >= Length_0_ -> true

### PCs: total:1 sat:1 unsat:0

string analysis: SPC # = 0
NPC constraint # = 1
CONST_0 >= Length_0_
$$$$$$$$$$$$$$$$$$$$$$$$$$$$$$$$
Calling Z3str3

current query... 
(declare-const p_1 String)


(assert (>= 0 (str.len p_1)))



======================
(define-fun p_1 () String
  "")
Returned solutions: 
(define-fun p_1 () String  "")
*************************************
Satisfiable: true
p_1 => ""
*************************************

numeric PC: constraint # = 1
CONST_0 < Length_0_ -> true

### PCs: total:2 sat:2 unsat:0

string analysis: SPC # = 0
NPC constraint # = 1
CONST_0 < Length_0_
$$$$$$$$$$$$$$$$$$$$$$$$$$$$$$$$
Calling Z3str3

current query... 
(declare-const p_1 String)


(assert (< 0 (str.len p_1)))



======================
(define-fun p_1 () String
  "A")
Returned solutions: 
(define-fun p_1 () String  "A")
*************************************
Satisfiable: true
p_1 => "A"
*************************************

New sym int CharAt(CONST_0)_1_ min=0, max=65535
numeric PC: constraint # = 2
CharAt(CONST_0)_1_ == CONST_80 &&
CONST_0 < Length_0_ -> true

### PCs: total:3 sat:3 unsat:0

string analysis: SPC # = 0
NPC constraint # = 2
CharAt(CONST_0)_1_ == CONST_80 &&
CONST_0 < Length_0_
$$$$$$$$$$$$$$$$$$$$$$$$$$$$$$$$
Calling Z3str3

current query... 
(declare-const p_1 String)


(assert (= (str.at p_1 0) "P"))
(assert (< 0 (str.len p_1)))



======================
(define-fun p_1 () String
  "P")
Returned solutions: 
(define-fun p_1 () String  "P")
*************************************
Satisfiable: true
p_1 => "P"
*************************************

numeric PC: constraint # = 2
CharAt(CONST_0)_1_ != CONST_80 &&
CONST_0 < Length_0_ -> true

### PCs: total:4 sat:4 unsat:0

string analysis: SPC # = 0
NPC constraint # = 2
CharAt(CONST_0)_1_ != CONST_80 &&
CONST_0 < Length_0_
$$$$$$$$$$$$$$$$$$$$$$$$$$$$$$$$
Calling Z3str3

current query... 
(declare-const p_1 String)


(assert (not (= (str.at p_1 0) "P")))
(assert (< 0 (str.len p_1)))



======================
(define-fun p_1 () String
  "A")
Returned solutions: 
(define-fun p_1 () String  "A")
*************************************
Satisfiable: true
p_1 => "A"
*************************************

numeric PC: constraint # = 3
CONST_1 >= Length_0_ &&
CharAt(CONST_0)_1_ != CONST_80 &&
CONST_0 < Length_0_ -> true

### PCs: total:5 sat:5 unsat:0

string analysis: SPC # = 0
NPC constraint # = 3
CONST_1 >= Length_0_ &&
CharAt(CONST_0)_1_ != CONST_80 &&
CONST_0 < Length_0_
$$$$$$$$$$$$$$$$$$$$$$$$$$$$$$$$
Calling Z3str3

current query... 
(declare-const p_1 String)


(assert (>= 1 (str.len p_1)))
(assert (not (= (str.at p_1 0) "P")))
(assert (< 0 (str.len p_1)))



======================
(define-fun p_1 () String
  "A")
Returned solutions: 
(define-fun p_1 () String  "A")
*************************************
Satisfiable: true
p_1 => "A"
*************************************

numeric PC: constraint # = 3
CONST_1 < Length_0_ &&
CharAt(CONST_0)_1_ != CONST_80 &&
CONST_0 < Length_0_ -> true

### PCs: total:6 sat:6 unsat:0

string analysis: SPC # = 0
NPC constraint # = 3
CONST_1 < Length_0_ &&
CharAt(CONST_0)_1_ != CONST_80 &&
CONST_0 < Length_0_
$$$$$$$$$$$$$$$$$$$$$$$$$$$$$$$$
Calling Z3str3

current query... 
(declare-const p_1 String)


(assert (< 1 (str.len p_1)))
(assert (not (= (str.at p_1 0) "P")))
(assert (< 0 (str.len p_1)))



======================
(define-fun p_1 () String
  "AB")
Returned solutions: 
(define-fun p_1 () String  "AB")
*************************************
Satisfiable: true
p_1 => "AB"
*************************************

New sym int CharAt(CONST_1)_2_ min=0, max=65535
numeric PC: constraint # = 4
CharAt(CONST_1)_2_ == CONST_97 &&
CONST_1 < Length_0_ &&
CharAt(CONST_0)_1_ != CONST_80 &&
CONST_0 < Length_0_ -> true

### PCs: total:7 sat:7 unsat:0

string analysis: SPC # = 0
NPC constraint # = 4
CharAt(CONST_1)_2_ == CONST_97 &&
CONST_1 < Length_0_ &&
CharAt(CONST_0)_1_ != CONST_80 &&
CONST_0 < Length_0_
$$$$$$$$$$$$$$$$$$$$$$$$$$$$$$$$
Calling Z3str3

current query... 
(declare-const p_1 String)


(assert (= (str.at p_1 1) "a"))
(assert (< 1 (str.len p_1)))
(assert (not (= (str.at p_1 0) "P")))
(assert (< 0 (str.len p_1)))



======================
(define-fun p_1 () String
  "Aa")
Returned solutions: 
(define-fun p_1 () String  "Aa")
*************************************
Satisfiable: true
p_1 => "Aa"
*************************************

numeric PC: constraint # = 4
CharAt(CONST_1)_2_ != CONST_97 &&
CONST_1 < Length_0_ &&
CharAt(CONST_0)_1_ != CONST_80 &&
CONST_0 < Length_0_ -> true

### PCs: total:8 sat:8 unsat:0

string analysis: SPC # = 0
NPC constraint # = 4
CharAt(CONST_1)_2_ != CONST_97 &&
CONST_1 < Length_0_ &&
CharAt(CONST_0)_1_ != CONST_80 &&
CONST_0 < Length_0_
$$$$$$$$$$$$$$$$$$$$$$$$$$$$$$$$
Calling Z3str3

current query... 
(declare-const p_1 String)


(assert (not (= (str.at p_1 1) "a")))
(assert (< 1 (str.len p_1)))
(assert (not (= (str.at p_1 0) "P")))
(assert (< 0 (str.len p_1)))



======================
(define-fun p_1 () String
  "AB")
Returned solutions: 
(define-fun p_1 () String  "AB")
*************************************
Satisfiable: true
p_1 => "AB"
*************************************

numeric PC: constraint # = 5
CONST_2 >= Length_0_ &&
CharAt(CONST_1)_2_ != CONST_97 &&
CONST_1 < Length_0_ &&
CharAt(CONST_0)_1_ != CONST_80 &&
CONST_0 < Length_0_ -> true

### PCs: total:9 sat:9 unsat:0

string analysis: SPC # = 0
NPC constraint # = 5
CONST_2 >= Length_0_ &&
CharAt(CONST_1)_2_ != CONST_97 &&
CONST_1 < Length_0_ &&
CharAt(CONST_0)_1_ != CONST_80 &&
CONST_0 < Length_0_
$$$$$$$$$$$$$$$$$$$$$$$$$$$$$$$$
Calling Z3str3

current query... 
(declare-const p_1 String)


(assert (>= 2 (str.len p_1)))
(assert (not (= (str.at p_1 1) "a")))
(assert (< 1 (str.len p_1)))
(assert (not (= (str.at p_1 0) "P")))
(assert (< 0 (str.len p_1)))



======================
(define-fun p_1 () String
  "AB")
Returned solutions: 
(define-fun p_1 () String  "AB")
*************************************
Satisfiable: true
p_1 => "AB"
*************************************

numeric PC: constraint # = 5
CONST_2 < Length_0_ &&
CharAt(CONST_1)_2_ != CONST_97 &&
CONST_1 < Length_0_ &&
CharAt(CONST_0)_1_ != CONST_80 &&
CONST_0 < Length_0_ -> true

### PCs: total:10 sat:10 unsat:0

string analysis: SPC # = 0
NPC constraint # = 5
CONST_2 < Length_0_ &&
CharAt(CONST_1)_2_ != CONST_97 &&
CONST_1 < Length_0_ &&
CharAt(CONST_0)_1_ != CONST_80 &&
CONST_0 < Length_0_
$$$$$$$$$$$$$$$$$$$$$$$$$$$$$$$$
Calling Z3str3

current query... 
(declare-const p_1 String)


(assert (< 2 (str.len p_1)))
(assert (not (= (str.at p_1 1) "a")))
(assert (< 1 (str.len p_1)))
(assert (not (= (str.at p_1 0) "P")))
(assert (< 0 (str.len p_1)))



======================
(define-fun p_1 () String
  "ABC")
Returned solutions: 
(define-fun p_1 () String  "ABC")
*************************************
Satisfiable: true
p_1 => "ABC"
*************************************

New sym int CharAt(CONST_2)_3_ min=0, max=65535
numeric PC: constraint # = 6
CharAt(CONST_2)_3_ == CONST_36 &&
CONST_2 < Length_0_ &&
CharAt(CONST_1)_2_ != CONST_97 &&
CONST_1 < Length_0_ &&
CharAt(CONST_0)_1_ != CONST_80 &&
CONST_0 < Length_0_ -> true

### PCs: total:11 sat:11 unsat:0

string analysis: SPC # = 0
NPC constraint # = 6
CharAt(CONST_2)_3_ == CONST_36 &&
CONST_2 < Length_0_ &&
CharAt(CONST_1)_2_ != CONST_97 &&
CONST_1 < Length_0_ &&
CharAt(CONST_0)_1_ != CONST_80 &&
CONST_0 < Length_0_
$$$$$$$$$$$$$$$$$$$$$$$$$$$$$$$$
Calling Z3str3

current query... 
(declare-const p_1 String)


(assert (= (str.at p_1 2) "$"))
(assert (< 2 (str.len p_1)))
(assert (not (= (str.at p_1 1) "a")))
(assert (< 1 (str.len p_1)))
(assert (not (= (str.at p_1 0) "P")))
(assert (< 0 (str.len p_1)))



======================
(define-fun p_1 () String
  "AB$")
Returned solutions: 
(define-fun p_1 () String  "AB$")
*************************************
Satisfiable: true
p_1 => "AB$"
*************************************

numeric PC: constraint # = 6
CharAt(CONST_2)_3_ != CONST_36 &&
CONST_2 < Length_0_ &&
CharAt(CONST_1)_2_ != CONST_97 &&
CONST_1 < Length_0_ &&
CharAt(CONST_0)_1_ != CONST_80 &&
CONST_0 < Length_0_ -> true

### PCs: total:12 sat:12 unsat:0

string analysis: SPC # = 0
NPC constraint # = 6
CharAt(CONST_2)_3_ != CONST_36 &&
CONST_2 < Length_0_ &&
CharAt(CONST_1)_2_ != CONST_97 &&
CONST_1 < Length_0_ &&
CharAt(CONST_0)_1_ != CONST_80 &&
CONST_0 < Length_0_
$$$$$$$$$$$$$$$$$$$$$$$$$$$$$$$$
Calling Z3str3

current query... 
(declare-const p_1 String)


(assert (not (= (str.at p_1 2) "$")))
(assert (< 2 (str.len p_1)))
(assert (not (= (str.at p_1 1) "a")))
(assert (< 1 (str.len p_1)))
(assert (not (= (str.at p_1 0) "P")))
(assert (< 0 (str.len p_1)))



======================
(define-fun p_1 () String
  "ABC")
Returned solutions: 
(define-fun p_1 () String  "ABC")
*************************************
Satisfiable: true
p_1 => "ABC"
*************************************

numeric PC: constraint # = 7
CONST_3 >= Length_0_ &&
CharAt(CONST_2)_3_ != CONST_36 &&
CONST_2 < Length_0_ &&
CharAt(CONST_1)_2_ != CONST_97 &&
CONST_1 < Length_0_ &&
CharAt(CONST_0)_1_ != CONST_80 &&
CONST_0 < Length_0_ -> true

### PCs: total:13 sat:13 unsat:0

string analysis: SPC # = 0
NPC constraint # = 7
CONST_3 >= Length_0_ &&
CharAt(CONST_2)_3_ != CONST_36 &&
CONST_2 < Length_0_ &&
CharAt(CONST_1)_2_ != CONST_97 &&
CONST_1 < Length_0_ &&
CharAt(CONST_0)_1_ != CONST_80 &&
CONST_0 < Length_0_
$$$$$$$$$$$$$$$$$$$$$$$$$$$$$$$$
Calling Z3str3

current query... 
(declare-const p_1 String)


(assert (>= 3 (str.len p_1)))
(assert (not (= (str.at p_1 2) "$")))
(assert (< 2 (str.len p_1)))
(assert (not (= (str.at p_1 1) "a")))
(assert (< 1 (str.len p_1)))
(assert (not (= (str.at p_1 0) "P")))
(assert (< 0 (str.len p_1)))



======================
(define-fun p_1 () String
  "ABC")
Returned solutions: 
(define-fun p_1 () String  "ABC")
*************************************
Satisfiable: true
p_1 => "ABC"
*************************************

numeric PC: constraint # = 7
CONST_3 < Length_0_ &&
CharAt(CONST_2)_3_ != CONST_36 &&
CONST_2 < Length_0_ &&
CharAt(CONST_1)_2_ != CONST_97 &&
CONST_1 < Length_0_ &&
CharAt(CONST_0)_1_ != CONST_80 &&
CONST_0 < Length_0_ -> true

### PCs: total:14 sat:14 unsat:0

string analysis: SPC # = 0
NPC constraint # = 7
CONST_3 < Length_0_ &&
CharAt(CONST_2)_3_ != CONST_36 &&
CONST_2 < Length_0_ &&
CharAt(CONST_1)_2_ != CONST_97 &&
CONST_1 < Length_0_ &&
CharAt(CONST_0)_1_ != CONST_80 &&
CONST_0 < Length_0_
$$$$$$$$$$$$$$$$$$$$$$$$$$$$$$$$
Calling Z3str3

current query... 
(declare-const p_1 String)


(assert (< 3 (str.len p_1)))
(assert (not (= (str.at p_1 2) "$")))
(assert (< 2 (str.len p_1)))
(assert (not (= (str.at p_1 1) "a")))
(assert (< 1 (str.len p_1)))
(assert (not (= (str.at p_1 0) "P")))
(assert (< 0 (str.len p_1)))



======================
(define-fun p_1 () String
  "ABCD")
Returned solutions: 
(define-fun p_1 () String  "ABCD")
*************************************
Satisfiable: true
p_1 => "ABCD"
*************************************

New sym int CharAt(CONST_3)_4_ min=0, max=65535
numeric PC: constraint # = 8
CharAt(CONST_3)_4_ == CONST_36 &&
CONST_3 < Length_0_ &&
CharAt(CONST_2)_3_ != CONST_36 &&
CONST_2 < Length_0_ &&
CharAt(CONST_1)_2_ != CONST_97 &&
CONST_1 < Length_0_ &&
CharAt(CONST_0)_1_ != CONST_80 &&
CONST_0 < Length_0_ -> true

### PCs: total:15 sat:15 unsat:0

string analysis: SPC # = 0
NPC constraint # = 8
CharAt(CONST_3)_4_ == CONST_36 &&
CONST_3 < Length_0_ &&
CharAt(CONST_2)_3_ != CONST_36 &&
CONST_2 < Length_0_ &&
CharAt(CONST_1)_2_ != CONST_97 &&
CONST_1 < Length_0_ &&
CharAt(CONST_0)_1_ != CONST_80 &&
CONST_0 < Length_0_
$$$$$$$$$$$$$$$$$$$$$$$$$$$$$$$$
Calling Z3str3

current query... 
(declare-const p_1 String)


(assert (= (str.at p_1 3) "$"))
(assert (< 3 (str.len p_1)))
(assert (not (= (str.at p_1 2) "$")))
(assert (< 2 (str.len p_1)))
(assert (not (= (str.at p_1 1) "a")))
(assert (< 1 (str.len p_1)))
(assert (not (= (str.at p_1 0) "P")))
(assert (< 0 (str.len p_1)))



======================
(define-fun p_1 () String
  "ABC$")
Returned solutions: 
(define-fun p_1 () String  "ABC$")
*************************************
Satisfiable: true
p_1 => "ABC$"
*************************************

numeric PC: constraint # = 8
CharAt(CONST_3)_4_ != CONST_36 &&
CONST_3 < Length_0_ &&
CharAt(CONST_2)_3_ != CONST_36 &&
CONST_2 < Length_0_ &&
CharAt(CONST_1)_2_ != CONST_97 &&
CONST_1 < Length_0_ &&
CharAt(CONST_0)_1_ != CONST_80 &&
CONST_0 < Length_0_ -> true

### PCs: total:16 sat:16 unsat:0

string analysis: SPC # = 0
NPC constraint # = 8
CharAt(CONST_3)_4_ != CONST_36 &&
CONST_3 < Length_0_ &&
CharAt(CONST_2)_3_ != CONST_36 &&
CONST_2 < Length_0_ &&
CharAt(CONST_1)_2_ != CONST_97 &&
CONST_1 < Length_0_ &&
CharAt(CONST_0)_1_ != CONST_80 &&
CONST_0 < Length_0_
$$$$$$$$$$$$$$$$$$$$$$$$$$$$$$$$
Calling Z3str3

current query... 
(declare-const p_1 String)


(assert (not (= (str.at p_1 3) "$")))
(assert (< 3 (str.len p_1)))
(assert (not (= (str.at p_1 2) "$")))
(assert (< 2 (str.len p_1)))
(assert (not (= (str.at p_1 1) "a")))
(assert (< 1 (str.len p_1)))
(assert (not (= (str.at p_1 0) "P")))
(assert (< 0 (str.len p_1)))



======================
(define-fun p_1 () String
  "ABCD")
Returned solutions: 
(define-fun p_1 () String  "ABCD")
*************************************
Satisfiable: true
p_1 => "ABCD"
*************************************

numeric PC: constraint # = 9
CONST_4 >= Length_0_ &&
CharAt(CONST_3)_4_ != CONST_36 &&
CONST_3 < Length_0_ &&
CharAt(CONST_2)_3_ != CONST_36 &&
CONST_2 < Length_0_ &&
CharAt(CONST_1)_2_ != CONST_97 &&
CONST_1 < Length_0_ &&
CharAt(CONST_0)_1_ != CONST_80 &&
CONST_0 < Length_0_ -> true

### PCs: total:17 sat:17 unsat:0

string analysis: SPC # = 0
NPC constraint # = 9
CONST_4 >= Length_0_ &&
CharAt(CONST_3)_4_ != CONST_36 &&
CONST_3 < Length_0_ &&
CharAt(CONST_2)_3_ != CONST_36 &&
CONST_2 < Length_0_ &&
CharAt(CONST_1)_2_ != CONST_97 &&
CONST_1 < Length_0_ &&
CharAt(CONST_0)_1_ != CONST_80 &&
CONST_0 < Length_0_
$$$$$$$$$$$$$$$$$$$$$$$$$$$$$$$$
Calling Z3str3

current query... 
(declare-const p_1 String)


(assert (>= 4 (str.len p_1)))
(assert (not (= (str.at p_1 3) "$")))
(assert (< 3 (str.len p_1)))
(assert (not (= (str.at p_1 2) "$")))
(assert (< 2 (str.len p_1)))
(assert (not (= (str.at p_1 1) "a")))
(assert (< 1 (str.len p_1)))
(assert (not (= (str.at p_1 0) "P")))
(assert (< 0 (str.len p_1)))



======================
(define-fun p_1 () String
  "ABCD")
Returned solutions: 
(define-fun p_1 () String  "ABCD")
*************************************
Satisfiable: true
p_1 => "ABCD"
*************************************

numeric PC: constraint # = 9
CONST_4 < Length_0_ &&
CharAt(CONST_3)_4_ != CONST_36 &&
CONST_3 < Length_0_ &&
CharAt(CONST_2)_3_ != CONST_36 &&
CONST_2 < Length_0_ &&
CharAt(CONST_1)_2_ != CONST_97 &&
CONST_1 < Length_0_ &&
CharAt(CONST_0)_1_ != CONST_80 &&
CONST_0 < Length_0_ -> true

### PCs: total:18 sat:18 unsat:0

string analysis: SPC # = 0
NPC constraint # = 9
CONST_4 < Length_0_ &&
CharAt(CONST_3)_4_ != CONST_36 &&
CONST_3 < Length_0_ &&
CharAt(CONST_2)_3_ != CONST_36 &&
CONST_2 < Length_0_ &&
CharAt(CONST_1)_2_ != CONST_97 &&
CONST_1 < Length_0_ &&
CharAt(CONST_0)_1_ != CONST_80 &&
CONST_0 < Length_0_
$$$$$$$$$$$$$$$$$$$$$$$$$$$$$$$$
Calling Z3str3

current query... 
(declare-const p_1 String)


(assert (< 4 (str.len p_1)))
(assert (not (= (str.at p_1 3) "$")))
(assert (< 3 (str.len p_1)))
(assert (not (= (str.at p_1 2) "$")))
(assert (< 2 (str.len p_1)))
(assert (not (= (str.at p_1 1) "a")))
(assert (< 1 (str.len p_1)))
(assert (not (= (str.at p_1 0) "P")))
(assert (< 0 (str.len p_1)))



======================
(define-fun p_1 () String
  "ABCDE")
Returned solutions: 
(define-fun p_1 () String  "ABCDE")
*************************************
Satisfiable: true
p_1 => "ABCDE"
*************************************

New sym int CharAt(CONST_4)_5_ min=0, max=65535
numeric PC: constraint # = 10
CharAt(CONST_4)_5_ == CONST_119 &&
CONST_4 < Length_0_ &&
CharAt(CONST_3)_4_ != CONST_36 &&
CONST_3 < Length_0_ &&
CharAt(CONST_2)_3_ != CONST_36 &&
CONST_2 < Length_0_ &&
CharAt(CONST_1)_2_ != CONST_97 &&
CONST_1 < Length_0_ &&
CharAt(CONST_0)_1_ != CONST_80 &&
CONST_0 < Length_0_ -> true

### PCs: total:19 sat:19 unsat:0

string analysis: SPC # = 0
NPC constraint # = 10
CharAt(CONST_4)_5_ == CONST_119 &&
CONST_4 < Length_0_ &&
CharAt(CONST_3)_4_ != CONST_36 &&
CONST_3 < Length_0_ &&
CharAt(CONST_2)_3_ != CONST_36 &&
CONST_2 < Length_0_ &&
CharAt(CONST_1)_2_ != CONST_97 &&
CONST_1 < Length_0_ &&
CharAt(CONST_0)_1_ != CONST_80 &&
CONST_0 < Length_0_
$$$$$$$$$$$$$$$$$$$$$$$$$$$$$$$$
Calling Z3str3

current query... 
(declare-const p_1 String)


(assert (= (str.at p_1 4) "w"))
(assert (< 4 (str.len p_1)))
(assert (not (= (str.at p_1 3) "$")))
(assert (< 3 (str.len p_1)))
(assert (not (= (str.at p_1 2) "$")))
(assert (< 2 (str.len p_1)))
(assert (not (= (str.at p_1 1) "a")))
(assert (< 1 (str.len p_1)))
(assert (not (= (str.at p_1 0) "P")))
(assert (< 0 (str.len p_1)))



======================
(define-fun p_1 () String
  "ABCDw")
Returned solutions: 
(define-fun p_1 () String  "ABCDw")
*************************************
Satisfiable: true
p_1 => "ABCDw"
*************************************

numeric PC: constraint # = 10
CharAt(CONST_4)_5_ != CONST_119 &&
CONST_4 < Length_0_ &&
CharAt(CONST_3)_4_ != CONST_36 &&
CONST_3 < Length_0_ &&
CharAt(CONST_2)_3_ != CONST_36 &&
CONST_2 < Length_0_ &&
CharAt(CONST_1)_2_ != CONST_97 &&
CONST_1 < Length_0_ &&
CharAt(CONST_0)_1_ != CONST_80 &&
CONST_0 < Length_0_ -> true

### PCs: total:20 sat:20 unsat:0

string analysis: SPC # = 0
NPC constraint # = 10
CharAt(CONST_4)_5_ != CONST_119 &&
CONST_4 < Length_0_ &&
CharAt(CONST_3)_4_ != CONST_36 &&
CONST_3 < Length_0_ &&
CharAt(CONST_2)_3_ != CONST_36 &&
CONST_2 < Length_0_ &&
CharAt(CONST_1)_2_ != CONST_97 &&
CONST_1 < Length_0_ &&
CharAt(CONST_0)_1_ != CONST_80 &&
CONST_0 < Length_0_
$$$$$$$$$$$$$$$$$$$$$$$$$$$$$$$$
Calling Z3str3

current query... 
(declare-const p_1 String)


(assert (not (= (str.at p_1 4) "w")))
(assert (< 4 (str.len p_1)))
(assert (not (= (str.at p_1 3) "$")))
(assert (< 3 (str.len p_1)))
(assert (not (= (str.at p_1 2) "$")))
(assert (< 2 (str.len p_1)))
(assert (not (= (str.at p_1 1) "a")))
(assert (< 1 (str.len p_1)))
(assert (not (= (str.at p_1 0) "P")))
(assert (< 0 (str.len p_1)))



======================
(define-fun p_1 () String
  "ABCDE")
Returned solutions: 
(define-fun p_1 () String  "ABCDE")
*************************************
Satisfiable: true
p_1 => "ABCDE"
*************************************

numeric PC: constraint # = 11
CONST_5 >= Length_0_ &&
CharAt(CONST_4)_5_ != CONST_119 &&
CONST_4 < Length_0_ &&
CharAt(CONST_3)_4_ != CONST_36 &&
CONST_3 < Length_0_ &&
CharAt(CONST_2)_3_ != CONST_36 &&
CONST_2 < Length_0_ &&
CharAt(CONST_1)_2_ != CONST_97 &&
CONST_1 < Length_0_ &&
CharAt(CONST_0)_1_ != CONST_80 &&
CONST_0 < Length_0_ -> true

### PCs: total:21 sat:21 unsat:0

string analysis: SPC # = 0
NPC constraint # = 11
CONST_5 >= Length_0_ &&
CharAt(CONST_4)_5_ != CONST_119 &&
CONST_4 < Length_0_ &&
CharAt(CONST_3)_4_ != CONST_36 &&
CONST_3 < Length_0_ &&
CharAt(CONST_2)_3_ != CONST_36 &&
CONST_2 < Length_0_ &&
CharAt(CONST_1)_2_ != CONST_97 &&
CONST_1 < Length_0_ &&
CharAt(CONST_0)_1_ != CONST_80 &&
CONST_0 < Length_0_
$$$$$$$$$$$$$$$$$$$$$$$$$$$$$$$$
Calling Z3str3

current query... 
(declare-const p_1 String)


(assert (>= 5 (str.len p_1)))
(assert (not (= (str.at p_1 4) "w")))
(assert (< 4 (str.len p_1)))
(assert (not (= (str.at p_1 3) "$")))
(assert (< 3 (str.len p_1)))
(assert (not (= (str.at p_1 2) "$")))
(assert (< 2 (str.len p_1)))
(assert (not (= (str.at p_1 1) "a")))
(assert (< 1 (str.len p_1)))
(assert (not (= (str.at p_1 0) "P")))
(assert (< 0 (str.len p_1)))



======================
(define-fun p_1 () String
  "ABCDE")
Returned solutions: 
(define-fun p_1 () String  "ABCDE")
*************************************
Satisfiable: true
p_1 => "ABCDE"
*************************************

numeric PC: constraint # = 11
CONST_5 < Length_0_ &&
CharAt(CONST_4)_5_ != CONST_119 &&
CONST_4 < Length_0_ &&
CharAt(CONST_3)_4_ != CONST_36 &&
CONST_3 < Length_0_ &&
CharAt(CONST_2)_3_ != CONST_36 &&
CONST_2 < Length_0_ &&
CharAt(CONST_1)_2_ != CONST_97 &&
CONST_1 < Length_0_ &&
CharAt(CONST_0)_1_ != CONST_80 &&
CONST_0 < Length_0_ -> true

### PCs: total:22 sat:22 unsat:0

string analysis: SPC # = 0
NPC constraint # = 11
CONST_5 < Length_0_ &&
CharAt(CONST_4)_5_ != CONST_119 &&
CONST_4 < Length_0_ &&
CharAt(CONST_3)_4_ != CONST_36 &&
CONST_3 < Length_0_ &&
CharAt(CONST_2)_3_ != CONST_36 &&
CONST_2 < Length_0_ &&
CharAt(CONST_1)_2_ != CONST_97 &&
CONST_1 < Length_0_ &&
CharAt(CONST_0)_1_ != CONST_80 &&
CONST_0 < Length_0_
$$$$$$$$$$$$$$$$$$$$$$$$$$$$$$$$
Calling Z3str3

current query... 
(declare-const p_1 String)


(assert (< 5 (str.len p_1)))
(assert (not (= (str.at p_1 4) "w")))
(assert (< 4 (str.len p_1)))
(assert (not (= (str.at p_1 3) "$")))
(assert (< 3 (str.len p_1)))
(assert (not (= (str.at p_1 2) "$")))
(assert (< 2 (str.len p_1)))
(assert (not (= (str.at p_1 1) "a")))
(assert (< 1 (str.len p_1)))
(assert (not (= (str.at p_1 0) "P")))
(assert (< 0 (str.len p_1)))



======================
(define-fun p_1 () String
  "ABCDEF")
Returned solutions: 
(define-fun p_1 () String  "ABCDEF")
*************************************
Satisfiable: true
p_1 => "ABCDEF"
*************************************

New sym int CharAt(CONST_5)_6_ min=0, max=65535
numeric PC: constraint # = 12
CharAt(CONST_5)_6_ == CONST_48 &&
CONST_5 < Length_0_ &&
CharAt(CONST_4)_5_ != CONST_119 &&
CONST_4 < Length_0_ &&
CharAt(CONST_3)_4_ != CONST_36 &&
CONST_3 < Length_0_ &&
CharAt(CONST_2)_3_ != CONST_36 &&
CONST_2 < Length_0_ &&
CharAt(CONST_1)_2_ != CONST_97 &&
CONST_1 < Length_0_ &&
CharAt(CONST_0)_1_ != CONST_80 &&
CONST_0 < Length_0_ -> true

### PCs: total:23 sat:23 unsat:0

string analysis: SPC # = 0
NPC constraint # = 12
CharAt(CONST_5)_6_ == CONST_48 &&
CONST_5 < Length_0_ &&
CharAt(CONST_4)_5_ != CONST_119 &&
CONST_4 < Length_0_ &&
CharAt(CONST_3)_4_ != CONST_36 &&
CONST_3 < Length_0_ &&
CharAt(CONST_2)_3_ != CONST_36 &&
CONST_2 < Length_0_ &&
CharAt(CONST_1)_2_ != CONST_97 &&
CONST_1 < Length_0_ &&
CharAt(CONST_0)_1_ != CONST_80 &&
CONST_0 < Length_0_
$$$$$$$$$$$$$$$$$$$$$$$$$$$$$$$$
Calling Z3str3

current query... 
(declare-const p_1 String)


(assert (= (str.at p_1 5) "0"))
(assert (< 5 (str.len p_1)))
(assert (not (= (str.at p_1 4) "w")))
(assert (< 4 (str.len p_1)))
(assert (not (= (str.at p_1 3) "$")))
(assert (< 3 (str.len p_1)))
(assert (not (= (str.at p_1 2) "$")))
(assert (< 2 (str.len p_1)))
(assert (not (= (str.at p_1 1) "a")))
(assert (< 1 (str.len p_1)))
(assert (not (= (str.at p_1 0) "P")))
(assert (< 0 (str.len p_1)))



======================
(define-fun p_1 () String
  "ABCDE0")
Returned solutions: 
(define-fun p_1 () String  "ABCDE0")
*************************************
Satisfiable: true
p_1 => "ABCDE0"
*************************************

numeric PC: constraint # = 12
CharAt(CONST_5)_6_ != CONST_48 &&
CONST_5 < Length_0_ &&
CharAt(CONST_4)_5_ != CONST_119 &&
CONST_4 < Length_0_ &&
CharAt(CONST_3)_4_ != CONST_36 &&
CONST_3 < Length_0_ &&
CharAt(CONST_2)_3_ != CONST_36 &&
CONST_2 < Length_0_ &&
CharAt(CONST_1)_2_ != CONST_97 &&
CONST_1 < Length_0_ &&
CharAt(CONST_0)_1_ != CONST_80 &&
CONST_0 < Length_0_ -> true

### PCs: total:24 sat:24 unsat:0

string analysis: SPC # = 0
NPC constraint # = 12
CharAt(CONST_5)_6_ != CONST_48 &&
CONST_5 < Length_0_ &&
CharAt(CONST_4)_5_ != CONST_119 &&
CONST_4 < Length_0_ &&
CharAt(CONST_3)_4_ != CONST_36 &&
CONST_3 < Length_0_ &&
CharAt(CONST_2)_3_ != CONST_36 &&
CONST_2 < Length_0_ &&
CharAt(CONST_1)_2_ != CONST_97 &&
CONST_1 < Length_0_ &&
CharAt(CONST_0)_1_ != CONST_80 &&
CONST_0 < Length_0_
$$$$$$$$$$$$$$$$$$$$$$$$$$$$$$$$
Calling Z3str3

current query... 
(declare-const p_1 String)


(assert (not (= (str.at p_1 5) "0")))
(assert (< 5 (str.len p_1)))
(assert (not (= (str.at p_1 4) "w")))
(assert (< 4 (str.len p_1)))
(assert (not (= (str.at p_1 3) "$")))
(assert (< 3 (str.len p_1)))
(assert (not (= (str.at p_1 2) "$")))
(assert (< 2 (str.len p_1)))
(assert (not (= (str.at p_1 1) "a")))
(assert (< 1 (str.len p_1)))
(assert (not (= (str.at p_1 0) "P")))
(assert (< 0 (str.len p_1)))



======================
(define-fun p_1 () String
  "ABCDEF")
Returned solutions: 
(define-fun p_1 () String  "ABCDEF")
*************************************
Satisfiable: true
p_1 => "ABCDEF"
*************************************

numeric PC: constraint # = 13
CONST_6 >= Length_0_ &&
CharAt(CONST_5)_6_ != CONST_48 &&
CONST_5 < Length_0_ &&
CharAt(CONST_4)_5_ != CONST_119 &&
CONST_4 < Length_0_ &&
CharAt(CONST_3)_4_ != CONST_36 &&
CONST_3 < Length_0_ &&
CharAt(CONST_2)_3_ != CONST_36 &&
CONST_2 < Length_0_ &&
CharAt(CONST_1)_2_ != CONST_97 &&
CONST_1 < Length_0_ &&
CharAt(CONST_0)_1_ != CONST_80 &&
CONST_0 < Length_0_ -> true

### PCs: total:25 sat:25 unsat:0

string analysis: SPC # = 0
NPC constraint # = 13
CONST_6 >= Length_0_ &&
CharAt(CONST_5)_6_ != CONST_48 &&
CONST_5 < Length_0_ &&
CharAt(CONST_4)_5_ != CONST_119 &&
CONST_4 < Length_0_ &&
CharAt(CONST_3)_4_ != CONST_36 &&
CONST_3 < Length_0_ &&
CharAt(CONST_2)_3_ != CONST_36 &&
CONST_2 < Length_0_ &&
CharAt(CONST_1)_2_ != CONST_97 &&
CONST_1 < Length_0_ &&
CharAt(CONST_0)_1_ != CONST_80 &&
CONST_0 < Length_0_
$$$$$$$$$$$$$$$$$$$$$$$$$$$$$$$$
Calling Z3str3

current query... 
(declare-const p_1 String)


(assert (>= 6 (str.len p_1)))
(assert (not (= (str.at p_1 5) "0")))
(assert (< 5 (str.len p_1)))
(assert (not (= (str.at p_1 4) "w")))
(assert (< 4 (str.len p_1)))
(assert (not (= (str.at p_1 3) "$")))
(assert (< 3 (str.len p_1)))
(assert (not (= (str.at p_1 2) "$")))
(assert (< 2 (str.len p_1)))
(assert (not (= (str.at p_1 1) "a")))
(assert (< 1 (str.len p_1)))
(assert (not (= (str.at p_1 0) "P")))
(assert (< 0 (str.len p_1)))



======================
(define-fun p_1 () String
  "ABCDEF")
Returned solutions: 
(define-fun p_1 () String  "ABCDEF")
*************************************
Satisfiable: true
p_1 => "ABCDEF"
*************************************

numeric PC: constraint # = 13
CONST_6 < Length_0_ &&
CharAt(CONST_5)_6_ != CONST_48 &&
CONST_5 < Length_0_ &&
CharAt(CONST_4)_5_ != CONST_119 &&
CONST_4 < Length_0_ &&
CharAt(CONST_3)_4_ != CONST_36 &&
CONST_3 < Length_0_ &&
CharAt(CONST_2)_3_ != CONST_36 &&
CONST_2 < Length_0_ &&
CharAt(CONST_1)_2_ != CONST_97 &&
CONST_1 < Length_0_ &&
CharAt(CONST_0)_1_ != CONST_80 &&
CONST_0 < Length_0_ -> true

### PCs: total:26 sat:26 unsat:0

string analysis: SPC # = 0
NPC constraint # = 13
CONST_6 < Length_0_ &&
CharAt(CONST_5)_6_ != CONST_48 &&
CONST_5 < Length_0_ &&
CharAt(CONST_4)_5_ != CONST_119 &&
CONST_4 < Length_0_ &&
CharAt(CONST_3)_4_ != CONST_36 &&
CONST_3 < Length_0_ &&
CharAt(CONST_2)_3_ != CONST_36 &&
CONST_2 < Length_0_ &&
CharAt(CONST_1)_2_ != CONST_97 &&
CONST_1 < Length_0_ &&
CharAt(CONST_0)_1_ != CONST_80 &&
CONST_0 < Length_0_
$$$$$$$$$$$$$$$$$$$$$$$$$$$$$$$$
Calling Z3str3

current query... 
(declare-const p_1 String)


(assert (< 6 (str.len p_1)))
(assert (not (= (str.at p_1 5) "0")))
(assert (< 5 (str.len p_1)))
(assert (not (= (str.at p_1 4) "w")))
(assert (< 4 (str.len p_1)))
(assert (not (= (str.at p_1 3) "$")))
(assert (< 3 (str.len p_1)))
(assert (not (= (str.at p_1 2) "$")))
(assert (< 2 (str.len p_1)))
(assert (not (= (str.at p_1 1) "a")))
(assert (< 1 (str.len p_1)))
(assert (not (= (str.at p_1 0) "P")))
(assert (< 0 (str.len p_1)))



======================
(define-fun p_1 () String
  "ABCDEFG")
Returned solutions: 
(define-fun p_1 () String  "ABCDEFG")
*************************************
Satisfiable: true
p_1 => "ABCDEFG"
*************************************

New sym int CharAt(CONST_6)_7_ min=0, max=65535
numeric PC: constraint # = 14
CharAt(CONST_6)_7_ == CONST_114 &&
CONST_6 < Length_0_ &&
CharAt(CONST_5)_6_ != CONST_48 &&
CONST_5 < Length_0_ &&
CharAt(CONST_4)_5_ != CONST_119 &&
CONST_4 < Length_0_ &&
CharAt(CONST_3)_4_ != CONST_36 &&
CONST_3 < Length_0_ &&
CharAt(CONST_2)_3_ != CONST_36 &&
CONST_2 < Length_0_ &&
CharAt(CONST_1)_2_ != CONST_97 &&
CONST_1 < Length_0_ &&
CharAt(CONST_0)_1_ != CONST_80 &&
CONST_0 < Length_0_ -> true

### PCs: total:27 sat:27 unsat:0

string analysis: SPC # = 0
NPC constraint # = 14
CharAt(CONST_6)_7_ == CONST_114 &&
CONST_6 < Length_0_ &&
CharAt(CONST_5)_6_ != CONST_48 &&
CONST_5 < Length_0_ &&
CharAt(CONST_4)_5_ != CONST_119 &&
CONST_4 < Length_0_ &&
CharAt(CONST_3)_4_ != CONST_36 &&
CONST_3 < Length_0_ &&
CharAt(CONST_2)_3_ != CONST_36 &&
CONST_2 < Length_0_ &&
CharAt(CONST_1)_2_ != CONST_97 &&
CONST_1 < Length_0_ &&
CharAt(CONST_0)_1_ != CONST_80 &&
CONST_0 < Length_0_
$$$$$$$$$$$$$$$$$$$$$$$$$$$$$$$$
Calling Z3str3

current query... 
(declare-const p_1 String)


(assert (= (str.at p_1 6) "r"))
(assert (< 6 (str.len p_1)))
(assert (not (= (str.at p_1 5) "0")))
(assert (< 5 (str.len p_1)))
(assert (not (= (str.at p_1 4) "w")))
(assert (< 4 (str.len p_1)))
(assert (not (= (str.at p_1 3) "$")))
(assert (< 3 (str.len p_1)))
(assert (not (= (str.at p_1 2) "$")))
(assert (< 2 (str.len p_1)))
(assert (not (= (str.at p_1 1) "a")))
(assert (< 1 (str.len p_1)))
(assert (not (= (str.at p_1 0) "P")))
(assert (< 0 (str.len p_1)))



======================
(define-fun p_1 () String
  "ABCDEFr")
Returned solutions: 
(define-fun p_1 () String  "ABCDEFr")
*************************************
Satisfiable: true
p_1 => "ABCDEFr"
*************************************

numeric PC: constraint # = 14
CharAt(CONST_6)_7_ != CONST_114 &&
CONST_6 < Length_0_ &&
CharAt(CONST_5)_6_ != CONST_48 &&
CONST_5 < Length_0_ &&
CharAt(CONST_4)_5_ != CONST_119 &&
CONST_4 < Length_0_ &&
CharAt(CONST_3)_4_ != CONST_36 &&
CONST_3 < Length_0_ &&
CharAt(CONST_2)_3_ != CONST_36 &&
CONST_2 < Length_0_ &&
CharAt(CONST_1)_2_ != CONST_97 &&
CONST_1 < Length_0_ &&
CharAt(CONST_0)_1_ != CONST_80 &&
CONST_0 < Length_0_ -> true

### PCs: total:28 sat:28 unsat:0

string analysis: SPC # = 0
NPC constraint # = 14
CharAt(CONST_6)_7_ != CONST_114 &&
CONST_6 < Length_0_ &&
CharAt(CONST_5)_6_ != CONST_48 &&
CONST_5 < Length_0_ &&
CharAt(CONST_4)_5_ != CONST_119 &&
CONST_4 < Length_0_ &&
CharAt(CONST_3)_4_ != CONST_36 &&
CONST_3 < Length_0_ &&
CharAt(CONST_2)_3_ != CONST_36 &&
CONST_2 < Length_0_ &&
CharAt(CONST_1)_2_ != CONST_97 &&
CONST_1 < Length_0_ &&
CharAt(CONST_0)_1_ != CONST_80 &&
CONST_0 < Length_0_
$$$$$$$$$$$$$$$$$$$$$$$$$$$$$$$$
Calling Z3str3

current query... 
(declare-const p_1 String)


(assert (not (= (str.at p_1 6) "r")))
(assert (< 6 (str.len p_1)))
(assert (not (= (str.at p_1 5) "0")))
(assert (< 5 (str.len p_1)))
(assert (not (= (str.at p_1 4) "w")))
(assert (< 4 (str.len p_1)))
(assert (not (= (str.at p_1 3) "$")))
(assert (< 3 (str.len p_1)))
(assert (not (= (str.at p_1 2) "$")))
(assert (< 2 (str.len p_1)))
(assert (not (= (str.at p_1 1) "a")))
(assert (< 1 (str.len p_1)))
(assert (not (= (str.at p_1 0) "P")))
(assert (< 0 (str.len p_1)))



======================
(define-fun p_1 () String
  "ABCDEFG")
Returned solutions: 
(define-fun p_1 () String  "ABCDEFG")
*************************************
Satisfiable: true
p_1 => "ABCDEFG"
*************************************

numeric PC: constraint # = 15
CONST_7 >= Length_0_ &&
CharAt(CONST_6)_7_ != CONST_114 &&
CONST_6 < Length_0_ &&
CharAt(CONST_5)_6_ != CONST_48 &&
CONST_5 < Length_0_ &&
CharAt(CONST_4)_5_ != CONST_119 &&
CONST_4 < Length_0_ &&
CharAt(CONST_3)_4_ != CONST_36 &&
CONST_3 < Length_0_ &&
CharAt(CONST_2)_3_ != CONST_36 &&
CONST_2 < Length_0_ &&
CharAt(CONST_1)_2_ != CONST_97 &&
CONST_1 < Length_0_ &&
CharAt(CONST_0)_1_ != CONST_80 &&
CONST_0 < Length_0_ -> true

### PCs: total:29 sat:29 unsat:0

string analysis: SPC # = 0
NPC constraint # = 15
CONST_7 >= Length_0_ &&
CharAt(CONST_6)_7_ != CONST_114 &&
CONST_6 < Length_0_ &&
CharAt(CONST_5)_6_ != CONST_48 &&
CONST_5 < Length_0_ &&
CharAt(CONST_4)_5_ != CONST_119 &&
CONST_4 < Length_0_ &&
CharAt(CONST_3)_4_ != CONST_36 &&
CONST_3 < Length_0_ &&
CharAt(CONST_2)_3_ != CONST_36 &&
CONST_2 < Length_0_ &&
CharAt(CONST_1)_2_ != CONST_97 &&
CONST_1 < Length_0_ &&
CharAt(CONST_0)_1_ != CONST_80 &&
CONST_0 < Length_0_
$$$$$$$$$$$$$$$$$$$$$$$$$$$$$$$$
Calling Z3str3

current query... 
(declare-const p_1 String)


(assert (>= 7 (str.len p_1)))
(assert (not (= (str.at p_1 6) "r")))
(assert (< 6 (str.len p_1)))
(assert (not (= (str.at p_1 5) "0")))
(assert (< 5 (str.len p_1)))
(assert (not (= (str.at p_1 4) "w")))
(assert (< 4 (str.len p_1)))
(assert (not (= (str.at p_1 3) "$")))
(assert (< 3 (str.len p_1)))
(assert (not (= (str.at p_1 2) "$")))
(assert (< 2 (str.len p_1)))
(assert (not (= (str.at p_1 1) "a")))
(assert (< 1 (str.len p_1)))
(assert (not (= (str.at p_1 0) "P")))
(assert (< 0 (str.len p_1)))



======================
(define-fun p_1 () String
  "ABCDEFG")
Returned solutions: 
(define-fun p_1 () String  "ABCDEFG")
*************************************
Satisfiable: true
p_1 => "ABCDEFG"
*************************************

numeric PC: constraint # = 15
CONST_7 < Length_0_ &&
CharAt(CONST_6)_7_ != CONST_114 &&
CONST_6 < Length_0_ &&
CharAt(CONST_5)_6_ != CONST_48 &&
CONST_5 < Length_0_ &&
CharAt(CONST_4)_5_ != CONST_119 &&
CONST_4 < Length_0_ &&
CharAt(CONST_3)_4_ != CONST_36 &&
CONST_3 < Length_0_ &&
CharAt(CONST_2)_3_ != CONST_36 &&
CONST_2 < Length_0_ &&
CharAt(CONST_1)_2_ != CONST_97 &&
CONST_1 < Length_0_ &&
CharAt(CONST_0)_1_ != CONST_80 &&
CONST_0 < Length_0_ -> true

### PCs: total:30 sat:30 unsat:0

string analysis: SPC # = 0
NPC constraint # = 15
CONST_7 < Length_0_ &&
CharAt(CONST_6)_7_ != CONST_114 &&
CONST_6 < Length_0_ &&
CharAt(CONST_5)_6_ != CONST_48 &&
CONST_5 < Length_0_ &&
CharAt(CONST_4)_5_ != CONST_119 &&
CONST_4 < Length_0_ &&
CharAt(CONST_3)_4_ != CONST_36 &&
CONST_3 < Length_0_ &&
CharAt(CONST_2)_3_ != CONST_36 &&
CONST_2 < Length_0_ &&
CharAt(CONST_1)_2_ != CONST_97 &&
CONST_1 < Length_0_ &&
CharAt(CONST_0)_1_ != CONST_80 &&
CONST_0 < Length_0_
$$$$$$$$$$$$$$$$$$$$$$$$$$$$$$$$
Calling Z3str3

current query... 
(declare-const p_1 String)


(assert (< 7 (str.len p_1)))
(assert (not (= (str.at p_1 6) "r")))
(assert (< 6 (str.len p_1)))
(assert (not (= (str.at p_1 5) "0")))
(assert (< 5 (str.len p_1)))
(assert (not (= (str.at p_1 4) "w")))
(assert (< 4 (str.len p_1)))
(assert (not (= (str.at p_1 3) "$")))
(assert (< 3 (str.len p_1)))
(assert (not (= (str.at p_1 2) "$")))
(assert (< 2 (str.len p_1)))
(assert (not (= (str.at p_1 1) "a")))
(assert (< 1 (str.len p_1)))
(assert (not (= (str.at p_1 0) "P")))
(assert (< 0 (str.len p_1)))



======================
(define-fun p_1 () String
  "ABCDEFGH")
Returned solutions: 
(define-fun p_1 () String  "ABCDEFGH")
*************************************
Satisfiable: true
p_1 => "ABCDEFGH"
*************************************

New sym int CharAt(CONST_7)_8_ min=0, max=65535
numeric PC: constraint # = 16
CharAt(CONST_7)_8_ == CONST_100 &&
CONST_7 < Length_0_ &&
CharAt(CONST_6)_7_ != CONST_114 &&
CONST_6 < Length_0_ &&
CharAt(CONST_5)_6_ != CONST_48 &&
CONST_5 < Length_0_ &&
CharAt(CONST_4)_5_ != CONST_119 &&
CONST_4 < Length_0_ &&
CharAt(CONST_3)_4_ != CONST_36 &&
CONST_3 < Length_0_ &&
CharAt(CONST_2)_3_ != CONST_36 &&
CONST_2 < Length_0_ &&
CharAt(CONST_1)_2_ != CONST_97 &&
CONST_1 < Length_0_ &&
CharAt(CONST_0)_1_ != CONST_80 &&
CONST_0 < Length_0_ -> true

### PCs: total:31 sat:31 unsat:0

string analysis: SPC # = 0
NPC constraint # = 16
CharAt(CONST_7)_8_ == CONST_100 &&
CONST_7 < Length_0_ &&
CharAt(CONST_6)_7_ != CONST_114 &&
CONST_6 < Length_0_ &&
CharAt(CONST_5)_6_ != CONST_48 &&
CONST_5 < Length_0_ &&
CharAt(CONST_4)_5_ != CONST_119 &&
CONST_4 < Length_0_ &&
CharAt(CONST_3)_4_ != CONST_36 &&
CONST_3 < Length_0_ &&
CharAt(CONST_2)_3_ != CONST_36 &&
CONST_2 < Length_0_ &&
CharAt(CONST_1)_2_ != CONST_97 &&
CONST_1 < Length_0_ &&
CharAt(CONST_0)_1_ != CONST_80 &&
CONST_0 < Length_0_
$$$$$$$$$$$$$$$$$$$$$$$$$$$$$$$$
Calling Z3str3

current query... 
(declare-const p_1 String)


(assert (= (str.at p_1 7) "d"))
(assert (< 7 (str.len p_1)))
(assert (not (= (str.at p_1 6) "r")))
(assert (< 6 (str.len p_1)))
(assert (not (= (str.at p_1 5) "0")))
(assert (< 5 (str.len p_1)))
(assert (not (= (str.at p_1 4) "w")))
(assert (< 4 (str.len p_1)))
(assert (not (= (str.at p_1 3) "$")))
(assert (< 3 (str.len p_1)))
(assert (not (= (str.at p_1 2) "$")))
(assert (< 2 (str.len p_1)))
(assert (not (= (str.at p_1 1) "a")))
(assert (< 1 (str.len p_1)))
(assert (not (= (str.at p_1 0) "P")))
(assert (< 0 (str.len p_1)))



======================
(define-fun p_1 () String
  "ABCDEFGd")
Returned solutions: 
(define-fun p_1 () String  "ABCDEFGd")
*************************************
Satisfiable: true
p_1 => "ABCDEFGd"
*************************************

numeric PC: constraint # = 16
CharAt(CONST_7)_8_ != CONST_100 &&
CONST_7 < Length_0_ &&
CharAt(CONST_6)_7_ != CONST_114 &&
CONST_6 < Length_0_ &&
CharAt(CONST_5)_6_ != CONST_48 &&
CONST_5 < Length_0_ &&
CharAt(CONST_4)_5_ != CONST_119 &&
CONST_4 < Length_0_ &&
CharAt(CONST_3)_4_ != CONST_36 &&
CONST_3 < Length_0_ &&
CharAt(CONST_2)_3_ != CONST_36 &&
CONST_2 < Length_0_ &&
CharAt(CONST_1)_2_ != CONST_97 &&
CONST_1 < Length_0_ &&
CharAt(CONST_0)_1_ != CONST_80 &&
CONST_0 < Length_0_ -> true

### PCs: total:32 sat:32 unsat:0

string analysis: SPC # = 0
NPC constraint # = 16
CharAt(CONST_7)_8_ != CONST_100 &&
CONST_7 < Length_0_ &&
CharAt(CONST_6)_7_ != CONST_114 &&
CONST_6 < Length_0_ &&
CharAt(CONST_5)_6_ != CONST_48 &&
CONST_5 < Length_0_ &&
CharAt(CONST_4)_5_ != CONST_119 &&
CONST_4 < Length_0_ &&
CharAt(CONST_3)_4_ != CONST_36 &&
CONST_3 < Length_0_ &&
CharAt(CONST_2)_3_ != CONST_36 &&
CONST_2 < Length_0_ &&
CharAt(CONST_1)_2_ != CONST_97 &&
CONST_1 < Length_0_ &&
CharAt(CONST_0)_1_ != CONST_80 &&
CONST_0 < Length_0_
$$$$$$$$$$$$$$$$$$$$$$$$$$$$$$$$
Calling Z3str3

current query... 
(declare-const p_1 String)


(assert (not (= (str.at p_1 7) "d")))
(assert (< 7 (str.len p_1)))
(assert (not (= (str.at p_1 6) "r")))
(assert (< 6 (str.len p_1)))
(assert (not (= (str.at p_1 5) "0")))
(assert (< 5 (str.len p_1)))
(assert (not (= (str.at p_1 4) "w")))
(assert (< 4 (str.len p_1)))
(assert (not (= (str.at p_1 3) "$")))
(assert (< 3 (str.len p_1)))
(assert (not (= (str.at p_1 2) "$")))
(assert (< 2 (str.len p_1)))
(assert (not (= (str.at p_1 1) "a")))
(assert (< 1 (str.len p_1)))
(assert (not (= (str.at p_1 0) "P")))
(assert (< 0 (str.len p_1)))



======================
(define-fun p_1 () String
  "ABCDEFGH")
Returned solutions: 
(define-fun p_1 () String  "ABCDEFGH")
*************************************
Satisfiable: true
p_1 => "ABCDEFGH"
*************************************

numeric PC: constraint # = 17
CONST_8 >= Length_0_ &&
CharAt(CONST_7)_8_ != CONST_100 &&
CONST_7 < Length_0_ &&
CharAt(CONST_6)_7_ != CONST_114 &&
CONST_6 < Length_0_ &&
CharAt(CONST_5)_6_ != CONST_48 &&
CONST_5 < Length_0_ &&
CharAt(CONST_4)_5_ != CONST_119 &&
CONST_4 < Length_0_ &&
CharAt(CONST_3)_4_ != CONST_36 &&
CONST_3 < Length_0_ &&
CharAt(CONST_2)_3_ != CONST_36 &&
CONST_2 < Length_0_ &&
CharAt(CONST_1)_2_ != CONST_97 &&
CONST_1 < Length_0_ &&
CharAt(CONST_0)_1_ != CONST_80 &&
CONST_0 < Length_0_ -> true

### PCs: total:33 sat:33 unsat:0

string analysis: SPC # = 0
NPC constraint # = 17
CONST_8 >= Length_0_ &&
CharAt(CONST_7)_8_ != CONST_100 &&
CONST_7 < Length_0_ &&
CharAt(CONST_6)_7_ != CONST_114 &&
CONST_6 < Length_0_ &&
CharAt(CONST_5)_6_ != CONST_48 &&
CONST_5 < Length_0_ &&
CharAt(CONST_4)_5_ != CONST_119 &&
CONST_4 < Length_0_ &&
CharAt(CONST_3)_4_ != CONST_36 &&
CONST_3 < Length_0_ &&
CharAt(CONST_2)_3_ != CONST_36 &&
CONST_2 < Length_0_ &&
CharAt(CONST_1)_2_ != CONST_97 &&
CONST_1 < Length_0_ &&
CharAt(CONST_0)_1_ != CONST_80 &&
CONST_0 < Length_0_
$$$$$$$$$$$$$$$$$$$$$$$$$$$$$$$$
Calling Z3str3

current query... 
(declare-const p_1 String)


(assert (>= 8 (str.len p_1)))
(assert (not (= (str.at p_1 7) "d")))
(assert (< 7 (str.len p_1)))
(assert (not (= (str.at p_1 6) "r")))
(assert (< 6 (str.len p_1)))
(assert (not (= (str.at p_1 5) "0")))
(assert (< 5 (str.len p_1)))
(assert (not (= (str.at p_1 4) "w")))
(assert (< 4 (str.len p_1)))
(assert (not (= (str.at p_1 3) "$")))
(assert (< 3 (str.len p_1)))
(assert (not (= (str.at p_1 2) "$")))
(assert (< 2 (str.len p_1)))
(assert (not (= (str.at p_1 1) "a")))
(assert (< 1 (str.len p_1)))
(assert (not (= (str.at p_1 0) "P")))
(assert (< 0 (str.len p_1)))



======================
(define-fun p_1 () String
  "ABCDEFGH")
Returned solutions: 
(define-fun p_1 () String  "ABCDEFGH")
*************************************
Satisfiable: true
p_1 => "ABCDEFGH"
*************************************

numeric PC: constraint # = 17
CONST_8 < Length_0_ &&
CharAt(CONST_7)_8_ != CONST_100 &&
CONST_7 < Length_0_ &&
CharAt(CONST_6)_7_ != CONST_114 &&
CONST_6 < Length_0_ &&
CharAt(CONST_5)_6_ != CONST_48 &&
CONST_5 < Length_0_ &&
CharAt(CONST_4)_5_ != CONST_119 &&
CONST_4 < Length_0_ &&
CharAt(CONST_3)_4_ != CONST_36 &&
CONST_3 < Length_0_ &&
CharAt(CONST_2)_3_ != CONST_36 &&
CONST_2 < Length_0_ &&
CharAt(CONST_1)_2_ != CONST_97 &&
CONST_1 < Length_0_ &&
CharAt(CONST_0)_1_ != CONST_80 &&
CONST_0 < Length_0_ -> true

### PCs: total:34 sat:34 unsat:0

string analysis: SPC # = 0
NPC constraint # = 17
CONST_8 < Length_0_ &&
CharAt(CONST_7)_8_ != CONST_100 &&
CONST_7 < Length_0_ &&
CharAt(CONST_6)_7_ != CONST_114 &&
CONST_6 < Length_0_ &&
CharAt(CONST_5)_6_ != CONST_48 &&
CONST_5 < Length_0_ &&
CharAt(CONST_4)_5_ != CONST_119 &&
CONST_4 < Length_0_ &&
CharAt(CONST_3)_4_ != CONST_36 &&
CONST_3 < Length_0_ &&
CharAt(CONST_2)_3_ != CONST_36 &&
CONST_2 < Length_0_ &&
CharAt(CONST_1)_2_ != CONST_97 &&
CONST_1 < Length_0_ &&
CharAt(CONST_0)_1_ != CONST_80 &&
CONST_0 < Length_0_
$$$$$$$$$$$$$$$$$$$$$$$$$$$$$$$$
Calling Z3str3

current query... 
(declare-const p_1 String)


(assert (< 8 (str.len p_1)))
(assert (not (= (str.at p_1 7) "d")))
(assert (< 7 (str.len p_1)))
(assert (not (= (str.at p_1 6) "r")))
(assert (< 6 (str.len p_1)))
(assert (not (= (str.at p_1 5) "0")))
(assert (< 5 (str.len p_1)))
(assert (not (= (str.at p_1 4) "w")))
(assert (< 4 (str.len p_1)))
(assert (not (= (str.at p_1 3) "$")))
(assert (< 3 (str.len p_1)))
(assert (not (= (str.at p_1 2) "$")))
(assert (< 2 (str.len p_1)))
(assert (not (= (str.at p_1 1) "a")))
(assert (< 1 (str.len p_1)))
(assert (not (= (str.at p_1 0) "P")))
(assert (< 0 (str.len p_1)))



======================
(define-fun p_1 () String
  "ABCDEFGHI")
Returned solutions: 
(define-fun p_1 () String  "ABCDEFGHI")
*************************************
Satisfiable: true
p_1 => "ABCDEFGHI"
*************************************

New sym int CharAt(CONST_8)_9_ min=0, max=65535

====================================================== error 1
gov.nasa.jpf.vm.NoUncaughtExceptionsProperty
java.lang.StringIndexOutOfBoundsException: String index out of range: 8
	at java.lang.String.charAt(gov.nasa.jpf.vm.JPF_java_lang_String)
	at strings.PassCheck.passCheckSecure(PassCheck.java:41)
	at strings.PassCheck.main(PassCheck.java:15)


====================================================== snapshot #1
thread java.lang.Thread:{id:0,name:main,status:RUNNING,priority:5,isDaemon:false,lockCount:0,suspendCount:0}
  call stack:
	at java.lang.String.charAt(String.java)
	at strings.PassCheck.passCheckSecure(PassCheck.java:41)
	at strings.PassCheck.main(PassCheck.java:15)


====================================================== results
error #1: gov.nasa.jpf.vm.NoUncaughtExceptionsProperty "java.lang.StringIndexOutOfBoundsException: String ..."

====================================================== statistics
elapsed time:       00:00:00
states:             new=18,visited=0,backtracked=0,end=0
search:             maxDepth=18,constraints=0
choice generators:  thread=1 (signal=0,lock=1,sharedRef=0,threadApi=0,reschedule=0), data=17
heap:               new=473,released=4,maxLive=450,gcCycles=17
instructions:       6701
max memory:         477MB
loaded code:        classes=86,methods=1653

====================================================== search finished: 9/4/25 1:53 PM
Runtime(ms) :866