Running Symbolic PathFinder ...
symbolic.dp=choco
symbolic.dp_timeout_ms=5000
symbolic.string_dp_timeout_ms=0
symbolic.string_dp_alpha=A-Z
symbolic.string_dp_alphaSize=26
symbolic.string_dp_upper=10
symbolic.string_dp_lower=1
symbolic.string_dp=z3str3
symbolic.max_pc_length=2147483647
symbolic.max_pc_msec=0
symbolic.bvlength=32
symbolic.min_int=-2147483648
symbolic.min_long=-9223372036854775808
symbolic.min_short=-32768
symbolic.min_byte=-128
symbolic.min_char=0
symbolic.max_int=2147483647
symbolic.max_long=9223372036854775807
symbolic.max_short=32767
symbolic.max_byte=127
symbolic.max_char=65535
symbolic.min_double=-1.7976931348623157E308
symbolic.max_double=1.7976931348623157E308
JavaPathfinder core system v8.0 (rev 971b2284d9c2c2f40e7985fbbe347c26faf4ed71) - (C) 2005-2014 United States Government. All rights reserved.


====================================================== system under test
strings.PassCheck.main()

====================================================== search started: 11/6/25 1:02 PM
New sym int p_1_SYMSTRING.length min=-2147483648, max=2147483647
New sym int Length_0_ min=0, max=125
numeric PC: constraint # = 1
Length_0_ == CONST_8 -> true

### PCs: total:1 sat:1 unsat:0

numeric PC: constraint # = 1
Length_0_ != CONST_8 -> true

### PCs: total:2 sat:2 unsat:0

Insecure Fail.
Secure Fail.
numeric PC: constraint # = 1
Length_0_ != CONST_8 -> true

numeric PC: constraint # = 2
CONST_0 >= Length_0_ &&
Length_0_ == CONST_8 -> false

### PCs: total:3 sat:2 unsat:1

numeric PC: constraint # = 2
CONST_0 < Length_0_ &&
Length_0_ == CONST_8 -> true

### PCs: total:4 sat:3 unsat:1

New sym int CharAt(CONST_0)_1_ min=0, max=65535
numeric PC: constraint # = 2
CharAt(CONST_0)_1_ == CONST_80 &&
Length_0_ == CONST_8 -> true

### PCs: total:5 sat:4 unsat:1

string analysis: SPC # = 0
NPC constraint # = 2
CharAt(CONST_0)_1_ == CONST_80 &&
Length_0_ == CONST_8
$$$$$$$$$$$$$$$$$$$$$$$$$$$$$$$$
Calling Z3str3

current query... 
(declare-const p_1 String)


(assert (= (str.at p_1 0) "P"))
(assert (= (str.len p_1) 8))



======================
(define-fun p_1 () String
  "PBACDEGF")
Returned solutions: 
(define-fun p_1 () String  "PBACDEGF")
*************************************
Satisfiable: true
p_1 => "PBACDEGF"
*************************************

numeric PC: constraint # = 2
CharAt(CONST_0)_1_ != CONST_80 &&
Length_0_ == CONST_8 -> true

### PCs: total:6 sat:5 unsat:1

string analysis: SPC # = 0
NPC constraint # = 2
CharAt(CONST_0)_1_ != CONST_80 &&
Length_0_ == CONST_8
$$$$$$$$$$$$$$$$$$$$$$$$$$$$$$$$
Calling Z3str3

current query... 
(declare-const p_1 String)


(assert (not (= (str.at p_1 0) "P")))
(assert (= (str.len p_1) 8))



======================
(define-fun p_1 () String
  "ACBDEFHG")
Returned solutions: 
(define-fun p_1 () String  "ACBDEFHG")
*************************************
Satisfiable: true
p_1 => "ACBDEFHG"
*************************************

Insecure Fail.
Secure Fail.
numeric PC: constraint # = 2
CharAt(CONST_0)_1_ != CONST_80 &&
Length_0_ == CONST_8 -> true

string analysis: SPC # = 0
NPC constraint # = 2
CharAt(CONST_0)_1_[0] != CONST_80 &&
Length_0_[8] == CONST_8
$$$$$$$$$$$$$$$$$$$$$$$$$$$$$$$$
Calling Z3str3

current query... 
(declare-const p_1 String)


(assert (not (= (str.at p_1 0) "P")))
(assert (= (str.len p_1) 8))



======================
(define-fun p_1 () String
  "ACBDEFHG")
Returned solutions: 
(define-fun p_1 () String  "ACBDEFHG")
*************************************
Satisfiable: true
p_1 => "ACBDEFHG"
*************************************

numeric PC: constraint # = 3
CONST_1 >= Length_0_ &&
CharAt(CONST_0)_1_ == CONST_80 &&
Length_0_ == CONST_8 -> false

### PCs: total:7 sat:5 unsat:2

numeric PC: constraint # = 3
CONST_1 < Length_0_ &&
CharAt(CONST_0)_1_ == CONST_80 &&
Length_0_ == CONST_8 -> true

### PCs: total:8 sat:6 unsat:2

string analysis: SPC # = 0
NPC constraint # = 3
CONST_1 < Length_0_ &&
CharAt(CONST_0)_1_ == CONST_80 &&
Length_0_ == CONST_8
$$$$$$$$$$$$$$$$$$$$$$$$$$$$$$$$
Calling Z3str3

current query... 
(declare-const p_1 String)


(assert (< 1 (str.len p_1)))
(assert (= (str.at p_1 0) "P"))
(assert (= (str.len p_1) 8))



======================
(define-fun p_1 () String
  "PBACDEGF")
Returned solutions: 
(define-fun p_1 () String  "PBACDEGF")
*************************************
Satisfiable: true
p_1 => "PBACDEGF"
*************************************

New sym int CharAt(CONST_1)_2_ min=0, max=65535
numeric PC: constraint # = 3
CharAt(CONST_1)_2_ == CONST_97 &&
CharAt(CONST_0)_1_ == CONST_80 &&
Length_0_ == CONST_8 -> true

### PCs: total:9 sat:7 unsat:2

string analysis: SPC # = 0
NPC constraint # = 3
CharAt(CONST_1)_2_ == CONST_97 &&
CharAt(CONST_0)_1_ == CONST_80 &&
Length_0_ == CONST_8
$$$$$$$$$$$$$$$$$$$$$$$$$$$$$$$$
Calling Z3str3

current query... 
(declare-const p_1 String)


(assert (= (str.at p_1 1) "a"))
(assert (= (str.at p_1 0) "P"))
(assert (= (str.len p_1) 8))



======================
(define-fun p_1 () String
  "PaBACDFE")
Returned solutions: 
(define-fun p_1 () String  "PaBACDFE")
*************************************
Satisfiable: true
p_1 => "PaBACDFE"
*************************************

numeric PC: constraint # = 3
CharAt(CONST_1)_2_ != CONST_97 &&
CharAt(CONST_0)_1_ == CONST_80 &&
Length_0_ == CONST_8 -> true

### PCs: total:10 sat:8 unsat:2

string analysis: SPC # = 0
NPC constraint # = 3
CharAt(CONST_1)_2_ != CONST_97 &&
CharAt(CONST_0)_1_ == CONST_80 &&
Length_0_ == CONST_8
$$$$$$$$$$$$$$$$$$$$$$$$$$$$$$$$
Calling Z3str3

current query... 
(declare-const p_1 String)


(assert (not (= (str.at p_1 1) "a")))
(assert (= (str.at p_1 0) "P"))
(assert (= (str.len p_1) 8))



======================
(define-fun p_1 () String
  "PACBDEGF")
Returned solutions: 
(define-fun p_1 () String  "PACBDEGF")
*************************************
Satisfiable: true
p_1 => "PACBDEGF"
*************************************

Insecure Fail.
Secure Fail.
numeric PC: constraint # = 3
CharAt(CONST_1)_2_ != CONST_97 &&
CharAt(CONST_0)_1_ == CONST_80 &&
Length_0_ == CONST_8 -> true

string analysis: SPC # = 0
NPC constraint # = 3
CharAt(CONST_1)_2_[0] != CONST_97 &&
CharAt(CONST_0)_1_[80] == CONST_80 &&
Length_0_[8] == CONST_8
$$$$$$$$$$$$$$$$$$$$$$$$$$$$$$$$
Calling Z3str3

current query... 
(declare-const p_1 String)


(assert (not (= (str.at p_1 1) "a")))
(assert (= (str.at p_1 0) "P"))
(assert (= (str.len p_1) 8))



======================
(define-fun p_1 () String
  "PACBDEGF")
Returned solutions: 
(define-fun p_1 () String  "PACBDEGF")
*************************************
Satisfiable: true
p_1 => "PACBDEGF"
*************************************

numeric PC: constraint # = 4
CONST_2 >= Length_0_ &&
CharAt(CONST_1)_2_ == CONST_97 &&
CharAt(CONST_0)_1_ == CONST_80 &&
Length_0_ == CONST_8 -> false

### PCs: total:11 sat:8 unsat:3

numeric PC: constraint # = 4
CONST_2 < Length_0_ &&
CharAt(CONST_1)_2_ == CONST_97 &&
CharAt(CONST_0)_1_ == CONST_80 &&
Length_0_ == CONST_8 -> true

### PCs: total:12 sat:9 unsat:3

string analysis: SPC # = 0
NPC constraint # = 4
CONST_2 < Length_0_ &&
CharAt(CONST_1)_2_ == CONST_97 &&
CharAt(CONST_0)_1_ == CONST_80 &&
Length_0_ == CONST_8
$$$$$$$$$$$$$$$$$$$$$$$$$$$$$$$$
Calling Z3str3

current query... 
(declare-const p_1 String)


(assert (< 2 (str.len p_1)))
(assert (= (str.at p_1 1) "a"))
(assert (= (str.at p_1 0) "P"))
(assert (= (str.len p_1) 8))



======================
(define-fun p_1 () String
  "PaBACDFE")
Returned solutions: 
(define-fun p_1 () String  "PaBACDFE")
*************************************
Satisfiable: true
p_1 => "PaBACDFE"
*************************************

New sym int CharAt(CONST_2)_3_ min=0, max=65535
numeric PC: constraint # = 4
CharAt(CONST_2)_3_ == CONST_36 &&
CharAt(CONST_1)_2_ == CONST_97 &&
CharAt(CONST_0)_1_ == CONST_80 &&
Length_0_ == CONST_8 -> true

### PCs: total:13 sat:10 unsat:3

string analysis: SPC # = 0
NPC constraint # = 4
CharAt(CONST_2)_3_ == CONST_36 &&
CharAt(CONST_1)_2_ == CONST_97 &&
CharAt(CONST_0)_1_ == CONST_80 &&
Length_0_ == CONST_8
$$$$$$$$$$$$$$$$$$$$$$$$$$$$$$$$
Calling Z3str3

current query... 
(declare-const p_1 String)


(assert (= (str.at p_1 2) "$"))
(assert (= (str.at p_1 1) "a"))
(assert (= (str.at p_1 0) "P"))
(assert (= (str.len p_1) 8))



======================
(define-fun p_1 () String
  "Pa$BACED")
Returned solutions: 
(define-fun p_1 () String  "Pa$BACED")
*************************************
Satisfiable: true
p_1 => "Pa$BACED"
*************************************

numeric PC: constraint # = 4
CharAt(CONST_2)_3_ != CONST_36 &&
CharAt(CONST_1)_2_ == CONST_97 &&
CharAt(CONST_0)_1_ == CONST_80 &&
Length_0_ == CONST_8 -> true

### PCs: total:14 sat:11 unsat:3

string analysis: SPC # = 0
NPC constraint # = 4
CharAt(CONST_2)_3_ != CONST_36 &&
CharAt(CONST_1)_2_ == CONST_97 &&
CharAt(CONST_0)_1_ == CONST_80 &&
Length_0_ == CONST_8
$$$$$$$$$$$$$$$$$$$$$$$$$$$$$$$$
Calling Z3str3

current query... 
(declare-const p_1 String)


(assert (not (= (str.at p_1 2) "$")))
(assert (= (str.at p_1 1) "a"))
(assert (= (str.at p_1 0) "P"))
(assert (= (str.len p_1) 8))



======================
(define-fun p_1 () String
  "PaACBDFE")
Returned solutions: 
(define-fun p_1 () String  "PaACBDFE")
*************************************
Satisfiable: true
p_1 => "PaACBDFE"
*************************************

Insecure Fail.
Secure Fail.
numeric PC: constraint # = 4
CharAt(CONST_2)_3_ != CONST_36 &&
CharAt(CONST_1)_2_ == CONST_97 &&
CharAt(CONST_0)_1_ == CONST_80 &&
Length_0_ == CONST_8 -> true

string analysis: SPC # = 0
NPC constraint # = 4
CharAt(CONST_2)_3_[0] != CONST_36 &&
CharAt(CONST_1)_2_[97] == CONST_97 &&
CharAt(CONST_0)_1_[80] == CONST_80 &&
Length_0_[8] == CONST_8
$$$$$$$$$$$$$$$$$$$$$$$$$$$$$$$$
Calling Z3str3

current query... 
(declare-const p_1 String)


(assert (not (= (str.at p_1 2) "$")))
(assert (= (str.at p_1 1) "a"))
(assert (= (str.at p_1 0) "P"))
(assert (= (str.len p_1) 8))



======================
(define-fun p_1 () String
  "PaACBDFE")
Returned solutions: 
(define-fun p_1 () String  "PaACBDFE")
*************************************
Satisfiable: true
p_1 => "PaACBDFE"
*************************************

numeric PC: constraint # = 5
CONST_3 >= Length_0_ &&
CharAt(CONST_2)_3_ == CONST_36 &&
CharAt(CONST_1)_2_ == CONST_97 &&
CharAt(CONST_0)_1_ == CONST_80 &&
Length_0_ == CONST_8 -> false

### PCs: total:15 sat:11 unsat:4

numeric PC: constraint # = 5
CONST_3 < Length_0_ &&
CharAt(CONST_2)_3_ == CONST_36 &&
CharAt(CONST_1)_2_ == CONST_97 &&
CharAt(CONST_0)_1_ == CONST_80 &&
Length_0_ == CONST_8 -> true

### PCs: total:16 sat:12 unsat:4

string analysis: SPC # = 0
NPC constraint # = 5
CONST_3 < Length_0_ &&
CharAt(CONST_2)_3_ == CONST_36 &&
CharAt(CONST_1)_2_ == CONST_97 &&
CharAt(CONST_0)_1_ == CONST_80 &&
Length_0_ == CONST_8
$$$$$$$$$$$$$$$$$$$$$$$$$$$$$$$$
Calling Z3str3

current query... 
(declare-const p_1 String)


(assert (< 3 (str.len p_1)))
(assert (= (str.at p_1 2) "$"))
(assert (= (str.at p_1 1) "a"))
(assert (= (str.at p_1 0) "P"))
(assert (= (str.len p_1) 8))



======================
(define-fun p_1 () String
  "Pa$BACED")
Returned solutions: 
(define-fun p_1 () String  "Pa$BACED")
*************************************
Satisfiable: true
p_1 => "Pa$BACED"
*************************************

New sym int CharAt(CONST_3)_4_ min=0, max=65535
numeric PC: constraint # = 5
CharAt(CONST_3)_4_ == CONST_36 &&
CharAt(CONST_2)_3_ == CONST_36 &&
CharAt(CONST_1)_2_ == CONST_97 &&
CharAt(CONST_0)_1_ == CONST_80 &&
Length_0_ == CONST_8 -> true

### PCs: total:17 sat:13 unsat:4

string analysis: SPC # = 0
NPC constraint # = 5
CharAt(CONST_3)_4_ == CONST_36 &&
CharAt(CONST_2)_3_ == CONST_36 &&
CharAt(CONST_1)_2_ == CONST_97 &&
CharAt(CONST_0)_1_ == CONST_80 &&
Length_0_ == CONST_8
$$$$$$$$$$$$$$$$$$$$$$$$$$$$$$$$
Calling Z3str3

current query... 
(declare-const p_1 String)


(assert (= (str.at p_1 3) "$"))
(assert (= (str.at p_1 2) "$"))
(assert (= (str.at p_1 1) "a"))
(assert (= (str.at p_1 0) "P"))
(assert (= (str.len p_1) 8))



======================
(define-fun p_1 () String
  "Pa$$BADC")
Returned solutions: 
(define-fun p_1 () String  "Pa$$BADC")
*************************************
Satisfiable: true
p_1 => "Pa$$BADC"
*************************************

numeric PC: constraint # = 5
CharAt(CONST_3)_4_ != CONST_36 &&
CharAt(CONST_2)_3_ == CONST_36 &&
CharAt(CONST_1)_2_ == CONST_97 &&
CharAt(CONST_0)_1_ == CONST_80 &&
Length_0_ == CONST_8 -> true

### PCs: total:18 sat:14 unsat:4

string analysis: SPC # = 0
NPC constraint # = 5
CharAt(CONST_3)_4_ != CONST_36 &&
CharAt(CONST_2)_3_ == CONST_36 &&
CharAt(CONST_1)_2_ == CONST_97 &&
CharAt(CONST_0)_1_ == CONST_80 &&
Length_0_ == CONST_8
$$$$$$$$$$$$$$$$$$$$$$$$$$$$$$$$
Calling Z3str3

current query... 
(declare-const p_1 String)


(assert (not (= (str.at p_1 3) "$")))
(assert (= (str.at p_1 2) "$"))
(assert (= (str.at p_1 1) "a"))
(assert (= (str.at p_1 0) "P"))
(assert (= (str.len p_1) 8))



======================
(define-fun p_1 () String
  "Pa$ACBED")
Returned solutions: 
(define-fun p_1 () String  "Pa$ACBED")
*************************************
Satisfiable: true
p_1 => "Pa$ACBED"
*************************************

Insecure Fail.
Secure Fail.
numeric PC: constraint # = 5
CharAt(CONST_3)_4_ != CONST_36 &&
CharAt(CONST_2)_3_ == CONST_36 &&
CharAt(CONST_1)_2_ == CONST_97 &&
CharAt(CONST_0)_1_ == CONST_80 &&
Length_0_ == CONST_8 -> true

string analysis: SPC # = 0
NPC constraint # = 5
CharAt(CONST_3)_4_[0] != CONST_36 &&
CharAt(CONST_2)_3_[36] == CONST_36 &&
CharAt(CONST_1)_2_[97] == CONST_97 &&
CharAt(CONST_0)_1_[80] == CONST_80 &&
Length_0_[8] == CONST_8
$$$$$$$$$$$$$$$$$$$$$$$$$$$$$$$$
Calling Z3str3

current query... 
(declare-const p_1 String)


(assert (not (= (str.at p_1 3) "$")))
(assert (= (str.at p_1 2) "$"))
(assert (= (str.at p_1 1) "a"))
(assert (= (str.at p_1 0) "P"))
(assert (= (str.len p_1) 8))



======================
(define-fun p_1 () String
  "Pa$ACBED")
Returned solutions: 
(define-fun p_1 () String  "Pa$ACBED")
*************************************
Satisfiable: true
p_1 => "Pa$ACBED"
*************************************

numeric PC: constraint # = 6
CONST_4 >= Length_0_ &&
CharAt(CONST_3)_4_ == CONST_36 &&
CharAt(CONST_2)_3_ == CONST_36 &&
CharAt(CONST_1)_2_ == CONST_97 &&
CharAt(CONST_0)_1_ == CONST_80 &&
Length_0_ == CONST_8 -> false

### PCs: total:19 sat:14 unsat:5

numeric PC: constraint # = 6
CONST_4 < Length_0_ &&
CharAt(CONST_3)_4_ == CONST_36 &&
CharAt(CONST_2)_3_ == CONST_36 &&
CharAt(CONST_1)_2_ == CONST_97 &&
CharAt(CONST_0)_1_ == CONST_80 &&
Length_0_ == CONST_8 -> true

### PCs: total:20 sat:15 unsat:5

string analysis: SPC # = 0
NPC constraint # = 6
CONST_4 < Length_0_ &&
CharAt(CONST_3)_4_ == CONST_36 &&
CharAt(CONST_2)_3_ == CONST_36 &&
CharAt(CONST_1)_2_ == CONST_97 &&
CharAt(CONST_0)_1_ == CONST_80 &&
Length_0_ == CONST_8
$$$$$$$$$$$$$$$$$$$$$$$$$$$$$$$$
Calling Z3str3

current query... 
(declare-const p_1 String)


(assert (< 4 (str.len p_1)))
(assert (= (str.at p_1 3) "$"))
(assert (= (str.at p_1 2) "$"))
(assert (= (str.at p_1 1) "a"))
(assert (= (str.at p_1 0) "P"))
(assert (= (str.len p_1) 8))



======================
(define-fun p_1 () String
  "Pa$$BADC")
Returned solutions: 
(define-fun p_1 () String  "Pa$$BADC")
*************************************
Satisfiable: true
p_1 => "Pa$$BADC"
*************************************

New sym int CharAt(CONST_4)_5_ min=0, max=65535
numeric PC: constraint # = 6
CharAt(CONST_4)_5_ == CONST_119 &&
CharAt(CONST_3)_4_ == CONST_36 &&
CharAt(CONST_2)_3_ == CONST_36 &&
CharAt(CONST_1)_2_ == CONST_97 &&
CharAt(CONST_0)_1_ == CONST_80 &&
Length_0_ == CONST_8 -> true

### PCs: total:21 sat:16 unsat:5

string analysis: SPC # = 0
NPC constraint # = 6
CharAt(CONST_4)_5_ == CONST_119 &&
CharAt(CONST_3)_4_ == CONST_36 &&
CharAt(CONST_2)_3_ == CONST_36 &&
CharAt(CONST_1)_2_ == CONST_97 &&
CharAt(CONST_0)_1_ == CONST_80 &&
Length_0_ == CONST_8
$$$$$$$$$$$$$$$$$$$$$$$$$$$$$$$$
Calling Z3str3

current query... 
(declare-const p_1 String)


(assert (= (str.at p_1 4) "w"))
(assert (= (str.at p_1 3) "$"))
(assert (= (str.at p_1 2) "$"))
(assert (= (str.at p_1 1) "a"))
(assert (= (str.at p_1 0) "P"))
(assert (= (str.len p_1) 8))



======================
(define-fun p_1 () String
  "Pa$$wBCA")
Returned solutions: 
(define-fun p_1 () String  "Pa$$wBCA")
*************************************
Satisfiable: true
p_1 => "Pa$$wBCA"
*************************************

numeric PC: constraint # = 6
CharAt(CONST_4)_5_ != CONST_119 &&
CharAt(CONST_3)_4_ == CONST_36 &&
CharAt(CONST_2)_3_ == CONST_36 &&
CharAt(CONST_1)_2_ == CONST_97 &&
CharAt(CONST_0)_1_ == CONST_80 &&
Length_0_ == CONST_8 -> true

### PCs: total:22 sat:17 unsat:5

string analysis: SPC # = 0
NPC constraint # = 6
CharAt(CONST_4)_5_ != CONST_119 &&
CharAt(CONST_3)_4_ == CONST_36 &&
CharAt(CONST_2)_3_ == CONST_36 &&
CharAt(CONST_1)_2_ == CONST_97 &&
CharAt(CONST_0)_1_ == CONST_80 &&
Length_0_ == CONST_8
$$$$$$$$$$$$$$$$$$$$$$$$$$$$$$$$
Calling Z3str3

current query... 
(declare-const p_1 String)


(assert (not (= (str.at p_1 4) "w")))
(assert (= (str.at p_1 3) "$"))
(assert (= (str.at p_1 2) "$"))
(assert (= (str.at p_1 1) "a"))
(assert (= (str.at p_1 0) "P"))
(assert (= (str.len p_1) 8))



======================
(define-fun p_1 () String
  "Pa$$ACDB")
Returned solutions: 
(define-fun p_1 () String  "Pa$$ACDB")
*************************************
Satisfiable: true
p_1 => "Pa$$ACDB"
*************************************

Insecure Fail.
Secure Fail.
numeric PC: constraint # = 6
CharAt(CONST_4)_5_ != CONST_119 &&
CharAt(CONST_3)_4_ == CONST_36 &&
CharAt(CONST_2)_3_ == CONST_36 &&
CharAt(CONST_1)_2_ == CONST_97 &&
CharAt(CONST_0)_1_ == CONST_80 &&
Length_0_ == CONST_8 -> true

string analysis: SPC # = 0
NPC constraint # = 6
CharAt(CONST_4)_5_[0] != CONST_119 &&
CharAt(CONST_3)_4_[36] == CONST_36 &&
CharAt(CONST_2)_3_[36] == CONST_36 &&
CharAt(CONST_1)_2_[97] == CONST_97 &&
CharAt(CONST_0)_1_[80] == CONST_80 &&
Length_0_[8] == CONST_8
$$$$$$$$$$$$$$$$$$$$$$$$$$$$$$$$
Calling Z3str3

current query... 
(declare-const p_1 String)


(assert (not (= (str.at p_1 4) "w")))
(assert (= (str.at p_1 3) "$"))
(assert (= (str.at p_1 2) "$"))
(assert (= (str.at p_1 1) "a"))
(assert (= (str.at p_1 0) "P"))
(assert (= (str.len p_1) 8))



======================
(define-fun p_1 () String
  "Pa$$ACDB")
Returned solutions: 
(define-fun p_1 () String  "Pa$$ACDB")
*************************************
Satisfiable: true
p_1 => "Pa$$ACDB"
*************************************

numeric PC: constraint # = 7
CONST_5 >= Length_0_ &&
CharAt(CONST_4)_5_ == CONST_119 &&
CharAt(CONST_3)_4_ == CONST_36 &&
CharAt(CONST_2)_3_ == CONST_36 &&
CharAt(CONST_1)_2_ == CONST_97 &&
CharAt(CONST_0)_1_ == CONST_80 &&
Length_0_ == CONST_8 -> false

### PCs: total:23 sat:17 unsat:6

numeric PC: constraint # = 7
CONST_5 < Length_0_ &&
CharAt(CONST_4)_5_ == CONST_119 &&
CharAt(CONST_3)_4_ == CONST_36 &&
CharAt(CONST_2)_3_ == CONST_36 &&
CharAt(CONST_1)_2_ == CONST_97 &&
CharAt(CONST_0)_1_ == CONST_80 &&
Length_0_ == CONST_8 -> true

### PCs: total:24 sat:18 unsat:6

string analysis: SPC # = 0
NPC constraint # = 7
CONST_5 < Length_0_ &&
CharAt(CONST_4)_5_ == CONST_119 &&
CharAt(CONST_3)_4_ == CONST_36 &&
CharAt(CONST_2)_3_ == CONST_36 &&
CharAt(CONST_1)_2_ == CONST_97 &&
CharAt(CONST_0)_1_ == CONST_80 &&
Length_0_ == CONST_8
$$$$$$$$$$$$$$$$$$$$$$$$$$$$$$$$
Calling Z3str3

current query... 
(declare-const p_1 String)


(assert (< 5 (str.len p_1)))
(assert (= (str.at p_1 4) "w"))
(assert (= (str.at p_1 3) "$"))
(assert (= (str.at p_1 2) "$"))
(assert (= (str.at p_1 1) "a"))
(assert (= (str.at p_1 0) "P"))
(assert (= (str.len p_1) 8))



======================
(define-fun p_1 () String
  "Pa$$wBCA")
Returned solutions: 
(define-fun p_1 () String  "Pa$$wBCA")
*************************************
Satisfiable: true
p_1 => "Pa$$wBCA"
*************************************

New sym int CharAt(CONST_5)_6_ min=0, max=65535
numeric PC: constraint # = 7
CharAt(CONST_5)_6_ == CONST_48 &&
CharAt(CONST_4)_5_ == CONST_119 &&
CharAt(CONST_3)_4_ == CONST_36 &&
CharAt(CONST_2)_3_ == CONST_36 &&
CharAt(CONST_1)_2_ == CONST_97 &&
CharAt(CONST_0)_1_ == CONST_80 &&
Length_0_ == CONST_8 -> true

### PCs: total:25 sat:19 unsat:6

string analysis: SPC # = 0
NPC constraint # = 7
CharAt(CONST_5)_6_ == CONST_48 &&
CharAt(CONST_4)_5_ == CONST_119 &&
CharAt(CONST_3)_4_ == CONST_36 &&
CharAt(CONST_2)_3_ == CONST_36 &&
CharAt(CONST_1)_2_ == CONST_97 &&
CharAt(CONST_0)_1_ == CONST_80 &&
Length_0_ == CONST_8
$$$$$$$$$$$$$$$$$$$$$$$$$$$$$$$$
Calling Z3str3

current query... 
(declare-const p_1 String)


(assert (= (str.at p_1 5) "0"))
(assert (= (str.at p_1 4) "w"))
(assert (= (str.at p_1 3) "$"))
(assert (= (str.at p_1 2) "$"))
(assert (= (str.at p_1 1) "a"))
(assert (= (str.at p_1 0) "P"))
(assert (= (str.len p_1) 8))



======================
(define-fun p_1 () String
  "Pa$$w0BA")
Returned solutions: 
(define-fun p_1 () String  "Pa$$w0BA")
*************************************
Satisfiable: true
p_1 => "Pa$$w0BA"
*************************************

numeric PC: constraint # = 7
CharAt(CONST_5)_6_ != CONST_48 &&
CharAt(CONST_4)_5_ == CONST_119 &&
CharAt(CONST_3)_4_ == CONST_36 &&
CharAt(CONST_2)_3_ == CONST_36 &&
CharAt(CONST_1)_2_ == CONST_97 &&
CharAt(CONST_0)_1_ == CONST_80 &&
Length_0_ == CONST_8 -> true

### PCs: total:26 sat:20 unsat:6

string analysis: SPC # = 0
NPC constraint # = 7
CharAt(CONST_5)_6_ != CONST_48 &&
CharAt(CONST_4)_5_ == CONST_119 &&
CharAt(CONST_3)_4_ == CONST_36 &&
CharAt(CONST_2)_3_ == CONST_36 &&
CharAt(CONST_1)_2_ == CONST_97 &&
CharAt(CONST_0)_1_ == CONST_80 &&
Length_0_ == CONST_8
$$$$$$$$$$$$$$$$$$$$$$$$$$$$$$$$
Calling Z3str3

current query... 
(declare-const p_1 String)


(assert (not (= (str.at p_1 5) "0")))
(assert (= (str.at p_1 4) "w"))
(assert (= (str.at p_1 3) "$"))
(assert (= (str.at p_1 2) "$"))
(assert (= (str.at p_1 1) "a"))
(assert (= (str.at p_1 0) "P"))
(assert (= (str.len p_1) 8))



======================
(define-fun p_1 () String
  "Pa$$wABC")
Returned solutions: 
(define-fun p_1 () String  "Pa$$wABC")
*************************************
Satisfiable: true
p_1 => "Pa$$wABC"
*************************************

Insecure Fail.
Secure Fail.
numeric PC: constraint # = 7
CharAt(CONST_5)_6_ != CONST_48 &&
CharAt(CONST_4)_5_ == CONST_119 &&
CharAt(CONST_3)_4_ == CONST_36 &&
CharAt(CONST_2)_3_ == CONST_36 &&
CharAt(CONST_1)_2_ == CONST_97 &&
CharAt(CONST_0)_1_ == CONST_80 &&
Length_0_ == CONST_8 -> true

string analysis: SPC # = 0
NPC constraint # = 7
CharAt(CONST_5)_6_[0] != CONST_48 &&
CharAt(CONST_4)_5_[119] == CONST_119 &&
CharAt(CONST_3)_4_[36] == CONST_36 &&
CharAt(CONST_2)_3_[36] == CONST_36 &&
CharAt(CONST_1)_2_[97] == CONST_97 &&
CharAt(CONST_0)_1_[80] == CONST_80 &&
Length_0_[8] == CONST_8
$$$$$$$$$$$$$$$$$$$$$$$$$$$$$$$$
Calling Z3str3

current query... 
(declare-const p_1 String)


(assert (not (= (str.at p_1 5) "0")))
(assert (= (str.at p_1 4) "w"))
(assert (= (str.at p_1 3) "$"))
(assert (= (str.at p_1 2) "$"))
(assert (= (str.at p_1 1) "a"))
(assert (= (str.at p_1 0) "P"))
(assert (= (str.len p_1) 8))



======================
(define-fun p_1 () String
  "Pa$$wABC")
Returned solutions: 
(define-fun p_1 () String  "Pa$$wABC")
*************************************
Satisfiable: true
p_1 => "Pa$$wABC"
*************************************

numeric PC: constraint # = 8
CONST_6 >= Length_0_ &&
CharAt(CONST_5)_6_ == CONST_48 &&
CharAt(CONST_4)_5_ == CONST_119 &&
CharAt(CONST_3)_4_ == CONST_36 &&
CharAt(CONST_2)_3_ == CONST_36 &&
CharAt(CONST_1)_2_ == CONST_97 &&
CharAt(CONST_0)_1_ == CONST_80 &&
Length_0_ == CONST_8 -> false

### PCs: total:27 sat:20 unsat:7

numeric PC: constraint # = 8
CONST_6 < Length_0_ &&
CharAt(CONST_5)_6_ == CONST_48 &&
CharAt(CONST_4)_5_ == CONST_119 &&
CharAt(CONST_3)_4_ == CONST_36 &&
CharAt(CONST_2)_3_ == CONST_36 &&
CharAt(CONST_1)_2_ == CONST_97 &&
CharAt(CONST_0)_1_ == CONST_80 &&
Length_0_ == CONST_8 -> true

### PCs: total:28 sat:21 unsat:7

string analysis: SPC # = 0
NPC constraint # = 8
CONST_6 < Length_0_ &&
CharAt(CONST_5)_6_ == CONST_48 &&
CharAt(CONST_4)_5_ == CONST_119 &&
CharAt(CONST_3)_4_ == CONST_36 &&
CharAt(CONST_2)_3_ == CONST_36 &&
CharAt(CONST_1)_2_ == CONST_97 &&
CharAt(CONST_0)_1_ == CONST_80 &&
Length_0_ == CONST_8
$$$$$$$$$$$$$$$$$$$$$$$$$$$$$$$$
Calling Z3str3

current query... 
(declare-const p_1 String)


(assert (< 6 (str.len p_1)))
(assert (= (str.at p_1 5) "0"))
(assert (= (str.at p_1 4) "w"))
(assert (= (str.at p_1 3) "$"))
(assert (= (str.at p_1 2) "$"))
(assert (= (str.at p_1 1) "a"))
(assert (= (str.at p_1 0) "P"))
(assert (= (str.len p_1) 8))



======================
(define-fun p_1 () String
  "Pa$$w0AB")
Returned solutions: 
(define-fun p_1 () String  "Pa$$w0AB")
*************************************
Satisfiable: true
p_1 => "Pa$$w0AB"
*************************************

New sym int CharAt(CONST_6)_7_ min=0, max=65535
numeric PC: constraint # = 8
CharAt(CONST_6)_7_ == CONST_114 &&
CharAt(CONST_5)_6_ == CONST_48 &&
CharAt(CONST_4)_5_ == CONST_119 &&
CharAt(CONST_3)_4_ == CONST_36 &&
CharAt(CONST_2)_3_ == CONST_36 &&
CharAt(CONST_1)_2_ == CONST_97 &&
CharAt(CONST_0)_1_ == CONST_80 &&
Length_0_ == CONST_8 -> true

### PCs: total:29 sat:22 unsat:7

string analysis: SPC # = 0
NPC constraint # = 8
CharAt(CONST_6)_7_ == CONST_114 &&
CharAt(CONST_5)_6_ == CONST_48 &&
CharAt(CONST_4)_5_ == CONST_119 &&
CharAt(CONST_3)_4_ == CONST_36 &&
CharAt(CONST_2)_3_ == CONST_36 &&
CharAt(CONST_1)_2_ == CONST_97 &&
CharAt(CONST_0)_1_ == CONST_80 &&
Length_0_ == CONST_8
$$$$$$$$$$$$$$$$$$$$$$$$$$$$$$$$
Calling Z3str3

current query... 
(declare-const p_1 String)


(assert (= (str.at p_1 6) "r"))
(assert (= (str.at p_1 5) "0"))
(assert (= (str.at p_1 4) "w"))
(assert (= (str.at p_1 3) "$"))
(assert (= (str.at p_1 2) "$"))
(assert (= (str.at p_1 1) "a"))
(assert (= (str.at p_1 0) "P"))
(assert (= (str.len p_1) 8))



======================
(define-fun p_1 () String
  "Pa$$w0rA")
Returned solutions: 
(define-fun p_1 () String  "Pa$$w0rA")
*************************************
Satisfiable: true
p_1 => "Pa$$w0rA"
*************************************

numeric PC: constraint # = 8
CharAt(CONST_6)_7_ != CONST_114 &&
CharAt(CONST_5)_6_ == CONST_48 &&
CharAt(CONST_4)_5_ == CONST_119 &&
CharAt(CONST_3)_4_ == CONST_36 &&
CharAt(CONST_2)_3_ == CONST_36 &&
CharAt(CONST_1)_2_ == CONST_97 &&
CharAt(CONST_0)_1_ == CONST_80 &&
Length_0_ == CONST_8 -> true

### PCs: total:30 sat:23 unsat:7

string analysis: SPC # = 0
NPC constraint # = 8
CharAt(CONST_6)_7_ != CONST_114 &&
CharAt(CONST_5)_6_ == CONST_48 &&
CharAt(CONST_4)_5_ == CONST_119 &&
CharAt(CONST_3)_4_ == CONST_36 &&
CharAt(CONST_2)_3_ == CONST_36 &&
CharAt(CONST_1)_2_ == CONST_97 &&
CharAt(CONST_0)_1_ == CONST_80 &&
Length_0_ == CONST_8
$$$$$$$$$$$$$$$$$$$$$$$$$$$$$$$$
Calling Z3str3

current query... 
(declare-const p_1 String)


(assert (not (= (str.at p_1 6) "r")))
(assert (= (str.at p_1 5) "0"))
(assert (= (str.at p_1 4) "w"))
(assert (= (str.at p_1 3) "$"))
(assert (= (str.at p_1 2) "$"))
(assert (= (str.at p_1 1) "a"))
(assert (= (str.at p_1 0) "P"))
(assert (= (str.len p_1) 8))



======================
(define-fun p_1 () String
  "Pa$$w0AB")
Returned solutions: 
(define-fun p_1 () String  "Pa$$w0AB")
*************************************
Satisfiable: true
p_1 => "Pa$$w0AB"
*************************************

Insecure Fail.
Secure Fail.
numeric PC: constraint # = 8
CharAt(CONST_6)_7_ != CONST_114 &&
CharAt(CONST_5)_6_ == CONST_48 &&
CharAt(CONST_4)_5_ == CONST_119 &&
CharAt(CONST_3)_4_ == CONST_36 &&
CharAt(CONST_2)_3_ == CONST_36 &&
CharAt(CONST_1)_2_ == CONST_97 &&
CharAt(CONST_0)_1_ == CONST_80 &&
Length_0_ == CONST_8 -> true

string analysis: SPC # = 0
NPC constraint # = 8
CharAt(CONST_6)_7_[0] != CONST_114 &&
CharAt(CONST_5)_6_[48] == CONST_48 &&
CharAt(CONST_4)_5_[119] == CONST_119 &&
CharAt(CONST_3)_4_[36] == CONST_36 &&
CharAt(CONST_2)_3_[36] == CONST_36 &&
CharAt(CONST_1)_2_[97] == CONST_97 &&
CharAt(CONST_0)_1_[80] == CONST_80 &&
Length_0_[8] == CONST_8
$$$$$$$$$$$$$$$$$$$$$$$$$$$$$$$$
Calling Z3str3

current query... 
(declare-const p_1 String)


(assert (not (= (str.at p_1 6) "r")))
(assert (= (str.at p_1 5) "0"))
(assert (= (str.at p_1 4) "w"))
(assert (= (str.at p_1 3) "$"))
(assert (= (str.at p_1 2) "$"))
(assert (= (str.at p_1 1) "a"))
(assert (= (str.at p_1 0) "P"))
(assert (= (str.len p_1) 8))



======================
(define-fun p_1 () String
  "Pa$$w0AB")
Returned solutions: 
(define-fun p_1 () String  "Pa$$w0AB")
*************************************
Satisfiable: true
p_1 => "Pa$$w0AB"
*************************************

numeric PC: constraint # = 9
CONST_7 >= Length_0_ &&
CharAt(CONST_6)_7_ == CONST_114 &&
CharAt(CONST_5)_6_ == CONST_48 &&
CharAt(CONST_4)_5_ == CONST_119 &&
CharAt(CONST_3)_4_ == CONST_36 &&
CharAt(CONST_2)_3_ == CONST_36 &&
CharAt(CONST_1)_2_ == CONST_97 &&
CharAt(CONST_0)_1_ == CONST_80 &&
Length_0_ == CONST_8 -> false

### PCs: total:31 sat:23 unsat:8

numeric PC: constraint # = 9
CONST_7 < Length_0_ &&
CharAt(CONST_6)_7_ == CONST_114 &&
CharAt(CONST_5)_6_ == CONST_48 &&
CharAt(CONST_4)_5_ == CONST_119 &&
CharAt(CONST_3)_4_ == CONST_36 &&
CharAt(CONST_2)_3_ == CONST_36 &&
CharAt(CONST_1)_2_ == CONST_97 &&
CharAt(CONST_0)_1_ == CONST_80 &&
Length_0_ == CONST_8 -> true

### PCs: total:32 sat:24 unsat:8

string analysis: SPC # = 0
NPC constraint # = 9
CONST_7 < Length_0_ &&
CharAt(CONST_6)_7_ == CONST_114 &&
CharAt(CONST_5)_6_ == CONST_48 &&
CharAt(CONST_4)_5_ == CONST_119 &&
CharAt(CONST_3)_4_ == CONST_36 &&
CharAt(CONST_2)_3_ == CONST_36 &&
CharAt(CONST_1)_2_ == CONST_97 &&
CharAt(CONST_0)_1_ == CONST_80 &&
Length_0_ == CONST_8
$$$$$$$$$$$$$$$$$$$$$$$$$$$$$$$$
Calling Z3str3

current query... 
(declare-const p_1 String)


(assert (< 7 (str.len p_1)))
(assert (= (str.at p_1 6) "r"))
(assert (= (str.at p_1 5) "0"))
(assert (= (str.at p_1 4) "w"))
(assert (= (str.at p_1 3) "$"))
(assert (= (str.at p_1 2) "$"))
(assert (= (str.at p_1 1) "a"))
(assert (= (str.at p_1 0) "P"))
(assert (= (str.len p_1) 8))



======================
(define-fun p_1 () String
  "Pa$$w0rA")
Returned solutions: 
(define-fun p_1 () String  "Pa$$w0rA")
*************************************
Satisfiable: true
p_1 => "Pa$$w0rA"
*************************************

New sym int CharAt(CONST_7)_8_ min=0, max=65535
numeric PC: constraint # = 9
CharAt(CONST_7)_8_ == CONST_100 &&
CharAt(CONST_6)_7_ == CONST_114 &&
CharAt(CONST_5)_6_ == CONST_48 &&
CharAt(CONST_4)_5_ == CONST_119 &&
CharAt(CONST_3)_4_ == CONST_36 &&
CharAt(CONST_2)_3_ == CONST_36 &&
CharAt(CONST_1)_2_ == CONST_97 &&
CharAt(CONST_0)_1_ == CONST_80 &&
Length_0_ == CONST_8 -> true

### PCs: total:33 sat:25 unsat:8

string analysis: SPC # = 0
NPC constraint # = 9
CharAt(CONST_7)_8_ == CONST_100 &&
CharAt(CONST_6)_7_ == CONST_114 &&
CharAt(CONST_5)_6_ == CONST_48 &&
CharAt(CONST_4)_5_ == CONST_119 &&
CharAt(CONST_3)_4_ == CONST_36 &&
CharAt(CONST_2)_3_ == CONST_36 &&
CharAt(CONST_1)_2_ == CONST_97 &&
CharAt(CONST_0)_1_ == CONST_80 &&
Length_0_ == CONST_8
$$$$$$$$$$$$$$$$$$$$$$$$$$$$$$$$
Calling Z3str3

current query... 
(declare-const p_1 String)


(assert (= (str.at p_1 7) "d"))
(assert (= (str.at p_1 6) "r"))
(assert (= (str.at p_1 5) "0"))
(assert (= (str.at p_1 4) "w"))
(assert (= (str.at p_1 3) "$"))
(assert (= (str.at p_1 2) "$"))
(assert (= (str.at p_1 1) "a"))
(assert (= (str.at p_1 0) "P"))
(assert (= (str.len p_1) 8))



======================
(define-fun p_1 () String
  "Pa$$w0rd")
Returned solutions: 
(define-fun p_1 () String  "Pa$$w0rd")
*************************************
Satisfiable: true
p_1 => "Pa$$w0rd"
*************************************

numeric PC: constraint # = 9
CharAt(CONST_7)_8_ != CONST_100 &&
CharAt(CONST_6)_7_ == CONST_114 &&
CharAt(CONST_5)_6_ == CONST_48 &&
CharAt(CONST_4)_5_ == CONST_119 &&
CharAt(CONST_3)_4_ == CONST_36 &&
CharAt(CONST_2)_3_ == CONST_36 &&
CharAt(CONST_1)_2_ == CONST_97 &&
CharAt(CONST_0)_1_ == CONST_80 &&
Length_0_ == CONST_8 -> true

### PCs: total:34 sat:26 unsat:8

string analysis: SPC # = 0
NPC constraint # = 9
CharAt(CONST_7)_8_ != CONST_100 &&
CharAt(CONST_6)_7_ == CONST_114 &&
CharAt(CONST_5)_6_ == CONST_48 &&
CharAt(CONST_4)_5_ == CONST_119 &&
CharAt(CONST_3)_4_ == CONST_36 &&
CharAt(CONST_2)_3_ == CONST_36 &&
CharAt(CONST_1)_2_ == CONST_97 &&
CharAt(CONST_0)_1_ == CONST_80 &&
Length_0_ == CONST_8
$$$$$$$$$$$$$$$$$$$$$$$$$$$$$$$$
Calling Z3str3

current query... 
(declare-const p_1 String)


(assert (not (= (str.at p_1 7) "d")))
(assert (= (str.at p_1 6) "r"))
(assert (= (str.at p_1 5) "0"))
(assert (= (str.at p_1 4) "w"))
(assert (= (str.at p_1 3) "$"))
(assert (= (str.at p_1 2) "$"))
(assert (= (str.at p_1 1) "a"))
(assert (= (str.at p_1 0) "P"))
(assert (= (str.len p_1) 8))



======================
(define-fun p_1 () String
  "Pa$$w0rA")
Returned solutions: 
(define-fun p_1 () String  "Pa$$w0rA")
*************************************
Satisfiable: true
p_1 => "Pa$$w0rA"
*************************************

Insecure Fail.
Secure Fail.
numeric PC: constraint # = 9
CharAt(CONST_7)_8_ != CONST_100 &&
CharAt(CONST_6)_7_ == CONST_114 &&
CharAt(CONST_5)_6_ == CONST_48 &&
CharAt(CONST_4)_5_ == CONST_119 &&
CharAt(CONST_3)_4_ == CONST_36 &&
CharAt(CONST_2)_3_ == CONST_36 &&
CharAt(CONST_1)_2_ == CONST_97 &&
CharAt(CONST_0)_1_ == CONST_80 &&
Length_0_ == CONST_8 -> true

string analysis: SPC # = 0
NPC constraint # = 9
CharAt(CONST_7)_8_[0] != CONST_100 &&
CharAt(CONST_6)_7_[114] == CONST_114 &&
CharAt(CONST_5)_6_[48] == CONST_48 &&
CharAt(CONST_4)_5_[119] == CONST_119 &&
CharAt(CONST_3)_4_[36] == CONST_36 &&
CharAt(CONST_2)_3_[36] == CONST_36 &&
CharAt(CONST_1)_2_[97] == CONST_97 &&
CharAt(CONST_0)_1_[80] == CONST_80 &&
Length_0_[8] == CONST_8
$$$$$$$$$$$$$$$$$$$$$$$$$$$$$$$$
Calling Z3str3

current query... 
(declare-const p_1 String)


(assert (not (= (str.at p_1 7) "d")))
(assert (= (str.at p_1 6) "r"))
(assert (= (str.at p_1 5) "0"))
(assert (= (str.at p_1 4) "w"))
(assert (= (str.at p_1 3) "$"))
(assert (= (str.at p_1 2) "$"))
(assert (= (str.at p_1 1) "a"))
(assert (= (str.at p_1 0) "P"))
(assert (= (str.len p_1) 8))



======================
(define-fun p_1 () String
  "Pa$$w0rA")
Returned solutions: 
(define-fun p_1 () String  "Pa$$w0rA")
*************************************
Satisfiable: true
p_1 => "Pa$$w0rA"
*************************************

numeric PC: constraint # = 10
CONST_8 >= Length_0_ &&
CharAt(CONST_7)_8_ == CONST_100 &&
CharAt(CONST_6)_7_ == CONST_114 &&
CharAt(CONST_5)_6_ == CONST_48 &&
CharAt(CONST_4)_5_ == CONST_119 &&
CharAt(CONST_3)_4_ == CONST_36 &&
CharAt(CONST_2)_3_ == CONST_36 &&
CharAt(CONST_1)_2_ == CONST_97 &&
CharAt(CONST_0)_1_ == CONST_80 &&
Length_0_ == CONST_8 -> true

### PCs: total:35 sat:27 unsat:8

string analysis: SPC # = 0
NPC constraint # = 10
CONST_8 >= Length_0_ &&
CharAt(CONST_7)_8_ == CONST_100 &&
CharAt(CONST_6)_7_ == CONST_114 &&
CharAt(CONST_5)_6_ == CONST_48 &&
CharAt(CONST_4)_5_ == CONST_119 &&
CharAt(CONST_3)_4_ == CONST_36 &&
CharAt(CONST_2)_3_ == CONST_36 &&
CharAt(CONST_1)_2_ == CONST_97 &&
CharAt(CONST_0)_1_ == CONST_80 &&
Length_0_ == CONST_8
$$$$$$$$$$$$$$$$$$$$$$$$$$$$$$$$
Calling Z3str3

current query... 
(declare-const p_1 String)


(assert (>= 8 (str.len p_1)))
(assert (= (str.at p_1 7) "d"))
(assert (= (str.at p_1 6) "r"))
(assert (= (str.at p_1 5) "0"))
(assert (= (str.at p_1 4) "w"))
(assert (= (str.at p_1 3) "$"))
(assert (= (str.at p_1 2) "$"))
(assert (= (str.at p_1 1) "a"))
(assert (= (str.at p_1 0) "P"))
(assert (= (str.len p_1) 8))



======================
(define-fun p_1 () String
  "Pa$$w0rd")
Returned solutions: 
(define-fun p_1 () String  "Pa$$w0rd")
*************************************
Satisfiable: true
p_1 => "Pa$$w0rd"
*************************************

numeric PC: constraint # = 10
CONST_8 < Length_0_ &&
CharAt(CONST_7)_8_ == CONST_100 &&
CharAt(CONST_6)_7_ == CONST_114 &&
CharAt(CONST_5)_6_ == CONST_48 &&
CharAt(CONST_4)_5_ == CONST_119 &&
CharAt(CONST_3)_4_ == CONST_36 &&
CharAt(CONST_2)_3_ == CONST_36 &&
CharAt(CONST_1)_2_ == CONST_97 &&
CharAt(CONST_0)_1_ == CONST_80 &&
Length_0_ == CONST_8 -> false

### PCs: total:36 sat:27 unsat:9

Insecure Success.
Secure Fail.
numeric PC: constraint # = 9
CharAt(CONST_7)_8_ == CONST_100 &&
CharAt(CONST_6)_7_ == CONST_114 &&
CharAt(CONST_5)_6_ == CONST_48 &&
CharAt(CONST_4)_5_ == CONST_119 &&
CharAt(CONST_3)_4_ == CONST_36 &&
CharAt(CONST_2)_3_ == CONST_36 &&
CharAt(CONST_1)_2_ == CONST_97 &&
CharAt(CONST_0)_1_ == CONST_80 &&
Length_0_ == CONST_8 -> true

string analysis: SPC # = 0
NPC constraint # = 9
CharAt(CONST_7)_8_[100] == CONST_100 &&
CharAt(CONST_6)_7_[114] == CONST_114 &&
CharAt(CONST_5)_6_[48] == CONST_48 &&
CharAt(CONST_4)_5_[119] == CONST_119 &&
CharAt(CONST_3)_4_[36] == CONST_36 &&
CharAt(CONST_2)_3_[36] == CONST_36 &&
CharAt(CONST_1)_2_[97] == CONST_97 &&
CharAt(CONST_0)_1_[80] == CONST_80 &&
Length_0_[8] == CONST_8
$$$$$$$$$$$$$$$$$$$$$$$$$$$$$$$$
Calling Z3str3

current query... 
(declare-const p_1 String)


(assert (= (str.at p_1 7) "d"))
(assert (= (str.at p_1 6) "r"))
(assert (= (str.at p_1 5) "0"))
(assert (= (str.at p_1 4) "w"))
(assert (= (str.at p_1 3) "$"))
(assert (= (str.at p_1 2) "$"))
(assert (= (str.at p_1 1) "a"))
(assert (= (str.at p_1 0) "P"))
(assert (= (str.len p_1) 8))



======================
(define-fun p_1 () String
  "Pa$$w0rd")
Returned solutions: 
(define-fun p_1 () String  "Pa$$w0rd")
*************************************
Satisfiable: true
p_1 => "Pa$$w0rd"
*************************************

numeric PC: constraint # = 8
CharAt(CONST_6)_7_[114] == CONST_114 &&
CharAt(CONST_5)_6_[48] == CONST_48 &&
CharAt(CONST_4)_5_[119] == CONST_119 &&
CharAt(CONST_3)_4_[36] == CONST_36 &&
CharAt(CONST_2)_3_[36] == CONST_36 &&
CharAt(CONST_1)_2_[97] == CONST_97 &&
CharAt(CONST_0)_1_[80] == CONST_80 &&
Length_0_[8] == CONST_8 -> true

string analysis: SPC # = 0
NPC constraint # = 8
CharAt(CONST_6)_7_[114] == CONST_114 &&
CharAt(CONST_5)_6_[48] == CONST_48 &&
CharAt(CONST_4)_5_[119] == CONST_119 &&
CharAt(CONST_3)_4_[36] == CONST_36 &&
CharAt(CONST_2)_3_[36] == CONST_36 &&
CharAt(CONST_1)_2_[97] == CONST_97 &&
CharAt(CONST_0)_1_[80] == CONST_80 &&
Length_0_[8] == CONST_8
$$$$$$$$$$$$$$$$$$$$$$$$$$$$$$$$
Calling Z3str3

current query... 
(declare-const p_1 String)


(assert (= (str.at p_1 6) "r"))
(assert (= (str.at p_1 5) "0"))
(assert (= (str.at p_1 4) "w"))
(assert (= (str.at p_1 3) "$"))
(assert (= (str.at p_1 2) "$"))
(assert (= (str.at p_1 1) "a"))
(assert (= (str.at p_1 0) "P"))
(assert (= (str.len p_1) 8))



======================
(define-fun p_1 () String
  "Pa$$w0rA")
Returned solutions: 
(define-fun p_1 () String  "Pa$$w0rA")
*************************************
Satisfiable: true
p_1 => "Pa$$w0rA"
*************************************

numeric PC: constraint # = 7
CharAt(CONST_5)_6_[48] == CONST_48 &&
CharAt(CONST_4)_5_[119] == CONST_119 &&
CharAt(CONST_3)_4_[36] == CONST_36 &&
CharAt(CONST_2)_3_[36] == CONST_36 &&
CharAt(CONST_1)_2_[97] == CONST_97 &&
CharAt(CONST_0)_1_[80] == CONST_80 &&
Length_0_[8] == CONST_8 -> true

string analysis: SPC # = 0
NPC constraint # = 7
CharAt(CONST_5)_6_[48] == CONST_48 &&
CharAt(CONST_4)_5_[119] == CONST_119 &&
CharAt(CONST_3)_4_[36] == CONST_36 &&
CharAt(CONST_2)_3_[36] == CONST_36 &&
CharAt(CONST_1)_2_[97] == CONST_97 &&
CharAt(CONST_0)_1_[80] == CONST_80 &&
Length_0_[8] == CONST_8
$$$$$$$$$$$$$$$$$$$$$$$$$$$$$$$$
Calling Z3str3

current query... 
(declare-const p_1 String)


(assert (= (str.at p_1 5) "0"))
(assert (= (str.at p_1 4) "w"))
(assert (= (str.at p_1 3) "$"))
(assert (= (str.at p_1 2) "$"))
(assert (= (str.at p_1 1) "a"))
(assert (= (str.at p_1 0) "P"))
(assert (= (str.len p_1) 8))



======================
(define-fun p_1 () String
  "Pa$$w0BA")
Returned solutions: 
(define-fun p_1 () String  "Pa$$w0BA")
*************************************
Satisfiable: true
p_1 => "Pa$$w0BA"
*************************************

numeric PC: constraint # = 6
CharAt(CONST_4)_5_[119] == CONST_119 &&
CharAt(CONST_3)_4_[36] == CONST_36 &&
CharAt(CONST_2)_3_[36] == CONST_36 &&
CharAt(CONST_1)_2_[97] == CONST_97 &&
CharAt(CONST_0)_1_[80] == CONST_80 &&
Length_0_[8] == CONST_8 -> true

string analysis: SPC # = 0
NPC constraint # = 6
CharAt(CONST_4)_5_[119] == CONST_119 &&
CharAt(CONST_3)_4_[36] == CONST_36 &&
CharAt(CONST_2)_3_[36] == CONST_36 &&
CharAt(CONST_1)_2_[97] == CONST_97 &&
CharAt(CONST_0)_1_[80] == CONST_80 &&
Length_0_[8] == CONST_8
$$$$$$$$$$$$$$$$$$$$$$$$$$$$$$$$
Calling Z3str3

current query... 
(declare-const p_1 String)


(assert (= (str.at p_1 4) "w"))
(assert (= (str.at p_1 3) "$"))
(assert (= (str.at p_1 2) "$"))
(assert (= (str.at p_1 1) "a"))
(assert (= (str.at p_1 0) "P"))
(assert (= (str.len p_1) 8))



======================
(define-fun p_1 () String
  "Pa$$wBCA")
Returned solutions: 
(define-fun p_1 () String  "Pa$$wBCA")
*************************************
Satisfiable: true
p_1 => "Pa$$wBCA"
*************************************

numeric PC: constraint # = 5
CharAt(CONST_3)_4_[36] == CONST_36 &&
CharAt(CONST_2)_3_[36] == CONST_36 &&
CharAt(CONST_1)_2_[97] == CONST_97 &&
CharAt(CONST_0)_1_[80] == CONST_80 &&
Length_0_[8] == CONST_8 -> true

string analysis: SPC # = 0
NPC constraint # = 5
CharAt(CONST_3)_4_[36] == CONST_36 &&
CharAt(CONST_2)_3_[36] == CONST_36 &&
CharAt(CONST_1)_2_[97] == CONST_97 &&
CharAt(CONST_0)_1_[80] == CONST_80 &&
Length_0_[8] == CONST_8
$$$$$$$$$$$$$$$$$$$$$$$$$$$$$$$$
Calling Z3str3

current query... 
(declare-const p_1 String)


(assert (= (str.at p_1 3) "$"))
(assert (= (str.at p_1 2) "$"))
(assert (= (str.at p_1 1) "a"))
(assert (= (str.at p_1 0) "P"))
(assert (= (str.len p_1) 8))



======================
(define-fun p_1 () String
  "Pa$$BADC")
Returned solutions: 
(define-fun p_1 () String  "Pa$$BADC")
*************************************
Satisfiable: true
p_1 => "Pa$$BADC"
*************************************

numeric PC: constraint # = 4
CharAt(CONST_2)_3_[36] == CONST_36 &&
CharAt(CONST_1)_2_[97] == CONST_97 &&
CharAt(CONST_0)_1_[80] == CONST_80 &&
Length_0_[8] == CONST_8 -> true

string analysis: SPC # = 0
NPC constraint # = 4
CharAt(CONST_2)_3_[36] == CONST_36 &&
CharAt(CONST_1)_2_[97] == CONST_97 &&
CharAt(CONST_0)_1_[80] == CONST_80 &&
Length_0_[8] == CONST_8
$$$$$$$$$$$$$$$$$$$$$$$$$$$$$$$$
Calling Z3str3

current query... 
(declare-const p_1 String)


(assert (= (str.at p_1 2) "$"))
(assert (= (str.at p_1 1) "a"))
(assert (= (str.at p_1 0) "P"))
(assert (= (str.len p_1) 8))



======================
(define-fun p_1 () String
  "Pa$BACED")
Returned solutions: 
(define-fun p_1 () String  "Pa$BACED")
*************************************
Satisfiable: true
p_1 => "Pa$BACED"
*************************************

numeric PC: constraint # = 3
CharAt(CONST_1)_2_[97] == CONST_97 &&
CharAt(CONST_0)_1_[80] == CONST_80 &&
Length_0_[8] == CONST_8 -> true

string analysis: SPC # = 0
NPC constraint # = 3
CharAt(CONST_1)_2_[97] == CONST_97 &&
CharAt(CONST_0)_1_[80] == CONST_80 &&
Length_0_[8] == CONST_8
$$$$$$$$$$$$$$$$$$$$$$$$$$$$$$$$
Calling Z3str3

current query... 
(declare-const p_1 String)


(assert (= (str.at p_1 1) "a"))
(assert (= (str.at p_1 0) "P"))
(assert (= (str.len p_1) 8))



======================
(define-fun p_1 () String
  "PaBACDFE")
Returned solutions: 
(define-fun p_1 () String  "PaBACDFE")
*************************************
Satisfiable: true
p_1 => "PaBACDFE"
*************************************

numeric PC: constraint # = 2
CharAt(CONST_0)_1_[80] == CONST_80 &&
Length_0_[8] == CONST_8 -> true

string analysis: SPC # = 0
NPC constraint # = 2
CharAt(CONST_0)_1_[80] == CONST_80 &&
Length_0_[8] == CONST_8
$$$$$$$$$$$$$$$$$$$$$$$$$$$$$$$$
Calling Z3str3

current query... 
(declare-const p_1 String)


(assert (= (str.at p_1 0) "P"))
(assert (= (str.len p_1) 8))



======================
(define-fun p_1 () String
  "PBACDEGF")
Returned solutions: 
(define-fun p_1 () String  "PBACDEGF")
*************************************
Satisfiable: true
p_1 => "PBACDEGF"
*************************************

numeric PC: constraint # = 1
Length_0_[8] == CONST_8 -> true


====================================================== Method Sequences
[passCheckInsecure(**UNDEFINED**)]

====================================================== JUnit 4.0 test class
import static org.junit.Assert.*;
import org.junit.Before;
import org.junit.Test;

public class strings_PassCheckTest {

	private strings.PassCheck strings_passcheck;

	@Before
	public void setUp() throws Exception {
		strings_passcheck = new strings.PassCheck();
	}

	@Test
	public void test0() {
		strings_passcheck.passCheckInsecure(**UNDEFINED**);
	}
}

====================================================== results
no errors detected

====================================================== statistics
elapsed time:       00:00:01
states:             new=20,visited=0,backtracked=20,end=10
search:             maxDepth=11,constraints=0
choice generators:  thread=1 (signal=0,lock=1,sharedRef=0,threadApi=0,reschedule=0), data=10
heap:               new=492,released=94,maxLive=448,gcCycles=20
instructions:       8042
max memory:         477MB
loaded code:        classes=81,methods=1620

====================================================== search finished: 11/6/25 1:02 PM
Runtime(ms) :1693