Running Symbolic PathFinder ...
symbolic.dp=choco
symbolic.string_dp_timeout_ms=0
symbolic.string_dp_alpha=A-Z
symbolic.string_dp_alphaSize=26
symbolic.string_dp_upper=10
symbolic.string_dp_lower=1
symbolic.string_dp=z3str3
symbolic.choco_time_bound=30000
symbolic.max_pc_length=2147483647
symbolic.max_pc_msec=0
symbolic.bvlength=32
symbolic.min_int=-2147483648
symbolic.min_long=-9223372036854775808
symbolic.min_short=-32768
symbolic.min_byte=-128
symbolic.min_char=0
symbolic.max_int=2147483647
symbolic.max_long=9223372036854775807
symbolic.max_short=32767
symbolic.max_byte=127
symbolic.max_char=65535
symbolic.min_double=4.9E-324
symbolic.max_double=1.7976931348623157E308
JavaPathfinder core system v8.0 (rev 82e9512831f6880a12cdb606c891cf70f824134e) - (C) 2005-2014 United States Government. All rights reserved.


====================================================== system under test
strings.StringSearch.main()

====================================================== search started: 9/4/25 1:55 PM
0
test: This is a tttest haystack string for testing.
New sym int c_1_SYMINT min=-2147483648, max=2147483647
New sym int s_2_SYMSTRING.length min=-2147483648, max=2147483647
New sym int Length_0_ min=0, max=30
numeric PC: constraint # = 1
CONST_0 >= Length_0_ -> true

### PCs: total:1 sat:1 unsat:0

string analysis: SPC # = 0
NPC constraint # = 1
CONST_0 >= Length_0_
$$$$$$$$$$$$$$$$$$$$$$$$$$$$$$$$
Calling Z3str3

current query... 
(declare-const s_2 String)


(assert (>= 0 (str.len s_2)))



======================
(define-fun s_2 () String
  "")
Returned solutions: 
(define-fun s_2 () String  "")
*************************************
Satisfiable: true
s_2 => ""
*************************************

numeric PC: constraint # = 1
CONST_0 < Length_0_ -> true

### PCs: total:2 sat:2 unsat:0

string analysis: SPC # = 0
NPC constraint # = 1
CONST_0 < Length_0_
$$$$$$$$$$$$$$$$$$$$$$$$$$$$$$$$
Calling Z3str3

current query... 
(declare-const s_2 String)


(assert (< 0 (str.len s_2)))



======================
(define-fun s_2 () String
  "A")
Returned solutions: 
(define-fun s_2 () String  "A")
*************************************
Satisfiable: true
s_2 => "A"
*************************************

New sym int CharAt(CONST_0)_1_ min=0, max=65535
numeric PC: constraint # = 2
CharAt(CONST_0)_1_ != c_1_SYMINT &&
CONST_0 < Length_0_ -> true

### PCs: total:3 sat:3 unsat:0

string analysis: SPC # = 0
NPC constraint # = 2
CharAt(CONST_0)_1_ != c_1_SYMINT &&
CONST_0 < Length_0_
$$$$$$$$$$$$$$$$$$$$$$$$$$$$$$$$
Calling Z3str3

current query... 
(declare-const s_2 String)
(declare-const c_1_SYMINT Int)

(assert (not (= (str.at s_2 0) c_1_SYMINT)))
(assert (< 0 (str.len s_2)))



======================
Z3 exception: (error "line 5 column 41: Sorts String and Int are incompatible")

java.lang.RuntimeException: ERROR: unsupported string operation
	at edu.ucsb.cs.vlab.versions.Z3String3Processor.getOutput(Z3String3Processor.java:139)
	at gov.nasa.jpf.symbc.string.translate.TranslateToZ3str3.solve(TranslateToZ3str3.java:30)
	at gov.nasa.jpf.symbc.string.SymbolicStringConstraintsGeneral.inner_isSatisfiable(SymbolicStringConstraintsGeneral.java:456)
	at gov.nasa.jpf.symbc.string.SymbolicStringConstraintsGeneral.isSatisfiable(SymbolicStringConstraintsGeneral.java:382)
	at gov.nasa.jpf.symbc.string.StringPathCondition.simplify(StringPathCondition.java:145)
	at gov.nasa.jpf.symbc.numeric.PathCondition.simplifyOld(PathCondition.java:409)
	at gov.nasa.jpf.symbc.numeric.PathCondition.simplify(PathCondition.java:340)
	at gov.nasa.jpf.symbc.bytecode.optimization.util.IFInstrSymbHelper.getNextInstructionAndSetPCChoice(IFInstrSymbHelper.java:574)
	at gov.nasa.jpf.symbc.bytecode.optimization.IF_ICMPNE.execute(IF_ICMPNE.java:65)
	at gov.nasa.jpf.vm.ThreadInfo.executeInstruction(ThreadInfo.java:1908)
	at gov.nasa.jpf.vm.ThreadInfo.executeTransition(ThreadInfo.java:1859)
	at gov.nasa.jpf.vm.SystemState.executeNextTransition(SystemState.java:765)
	at gov.nasa.jpf.vm.VM.forward(VM.java:1722)
	at gov.nasa.jpf.search.Search.forward(Search.java:937)
	at gov.nasa.jpf.search.DFSearch.search(DFSearch.java:79)
	at gov.nasa.jpf.JPF.run(JPF.java:613)
	at gov.nasa.jpf.JPF.start(JPF.java:189)
	at sun.reflect.NativeMethodAccessorImpl.invoke0(Native Method)
	at sun.reflect.NativeMethodAccessorImpl.invoke(NativeMethodAccessorImpl.java:62)
	at sun.reflect.DelegatingMethodAccessorImpl.invoke(DelegatingMethodAccessorImpl.java:43)
	at java.lang.reflect.Method.invoke(Method.java:498)
	at gov.nasa.jpf.tool.Run.call(Run.java:80)
	at gov.nasa.jpf.tool.RunJPF.main(RunJPF.java:116)
Runtime(ms) :494