Running Symbolic PathFinder ...
symbolic.dp=choco
symbolic.string_dp_timeout_ms=0
symbolic.string_dp_alpha=A-Z
symbolic.string_dp_alphaSize=26
symbolic.string_dp_upper=10
symbolic.string_dp_lower=1
symbolic.string_dp=z3str3
symbolic.choco_time_bound=30000
symbolic.max_pc_length=2147483647
symbolic.max_pc_msec=0
symbolic.bvlength=32
symbolic.min_int=-2147483648
symbolic.min_long=-9223372036854775808
symbolic.min_short=-32768
symbolic.min_byte=-128
symbolic.min_char=0
symbolic.max_int=2147483647
symbolic.max_long=9223372036854775807
symbolic.max_short=32767
symbolic.max_byte=127
symbolic.max_char=65535
symbolic.min_double=4.9E-324
symbolic.max_double=1.7976931348623157E308
JavaPathfinder core system v8.0 (rev 82e9512831f6880a12cdb606c891cf70f824134e) - (C) 2005-2014 United States Government. All rights reserved.


====================================================== system under test
strings.StringSearch.main()

====================================================== search started: 9/4/25 1:55 PM
0
test: This is a tttest haystack string for testing.
test This is a tttest haystack string for testing.
New sym int needle_1_SYMSTRING.length min=-2147483648, max=2147483647
New sym int haystack_2_SYMSTRING.length min=-2147483648, max=2147483647
New sym int Length_0_ min=0, max=30
numeric PC: constraint # = 1
CONST_0 >= (Length_0_ + CONST_1) -> false

### PCs: total:1 sat:0 unsat:1

numeric PC: constraint # = 1
CONST_0 < (Length_0_ + CONST_1) -> true

### PCs: total:2 sat:1 unsat:1

string analysis: SPC # = 0
NPC constraint # = 1
CONST_0 < (Length_0_ + CONST_1)
$$$$$$$$$$$$$$$$$$$$$$$$$$$$$$$$
Calling Z3str3

current query... 
(declare-const haystack_2 String)


(assert (< 0 ( +  (str.len haystack_2) 1)))



======================

Returned solutions: 
*************************************
Satisfiable: true
*************************************

New sym int CharAt(CONST_0)_1_ min=0, max=65535
## Warning: empty path condition
### PCs: total:3 sat:2 unsat:1

string analysis: SPC # = 1
(.valueof[(CharAt(CONST_0)_1_)] notequals needle_1_SYMSTRING)
NPC constraint # = 0
$$$$$$$$$$$$$$$$$$$$$$$$$$$$$$$$
Calling Z3str3

current query... 
(declare-const needle_1 String)
(declare-const haystack_2 String)

(assert (not (= (str.at haystack_2 0) needle_1)))




======================
(define-fun needle_1 () String
  "B")
(define-fun haystack_2 () String
  "")
Returned solutions: 
(define-fun needle_1 () String  "B")
(define-fun haystack_2 () String  "")
*************************************
Satisfiable: true
needle_1 => "B"
haystack_2 => ""
*************************************

numeric PC: constraint # = 1
CONST_1 >= (Length_0_ + CONST_1) -> true

### PCs: total:4 sat:3 unsat:1

string analysis: SPC # = 1
(.valueof[(CharAt(CONST_0)_1_)] notequals needle_1_SYMSTRING)
NPC constraint # = 1
CONST_1 >= (Length_0_ + CONST_1)
$$$$$$$$$$$$$$$$$$$$$$$$$$$$$$$$
Calling Z3str3

current query... 
(declare-const needle_1 String)
(declare-const haystack_2 String)

(assert (not (= (str.at haystack_2 0) needle_1)))
(assert (>= 1 ( +  (str.len haystack_2) 1)))



======================
(define-fun needle_1 () String
  "B")
(define-fun haystack_2 () String
  "")
Returned solutions: 
(define-fun needle_1 () String  "B")
(define-fun haystack_2 () String  "")
*************************************
Satisfiable: true
needle_1 => "B"
haystack_2 => ""
*************************************

numeric PC: constraint # = 1
CONST_1 < (Length_0_ + CONST_1) -> true

### PCs: total:5 sat:4 unsat:1

string analysis: SPC # = 1
(.valueof[(CharAt(CONST_0)_1_)] notequals needle_1_SYMSTRING)
NPC constraint # = 1
CONST_1 < (Length_0_ + CONST_1)
$$$$$$$$$$$$$$$$$$$$$$$$$$$$$$$$
Calling Z3str3

current query... 
(declare-const needle_1 String)
(declare-const haystack_2 String)

(assert (not (= (str.at haystack_2 0) needle_1)))
(assert (< 1 ( +  (str.len haystack_2) 1)))



======================
(define-fun needle_1 () String
  "B")
(define-fun haystack_2 () String
  "A")
Returned solutions: 
(define-fun needle_1 () String  "B")
(define-fun haystack_2 () String  "A")
*************************************
Satisfiable: true
needle_1 => "B"
haystack_2 => "A"
*************************************

New sym int CharAt(CONST_1)_2_ min=0, max=65535
numeric PC: constraint # = 1
CONST_1 < (Length_0_ + CONST_1) -> true

### PCs: total:6 sat:5 unsat:1

string analysis: SPC # = 2
(.valueof[(CharAt(CONST_1)_2_)] notequals needle_1_SYMSTRING) && (.valueof[(CharAt(CONST_0)_1_)] notequals needle_1_SYMSTRING)
NPC constraint # = 1
CONST_1 < (Length_0_ + CONST_1)
$$$$$$$$$$$$$$$$$$$$$$$$$$$$$$$$
Calling Z3str3

current query... 
(declare-const needle_1 String)
(declare-const haystack_2 String)

(assert (not (= (str.at haystack_2 1) needle_1)))
(assert (not (= (str.at haystack_2 0) needle_1)))
(assert (< 1 ( +  (str.len haystack_2) 1)))



======================
(define-fun needle_1 () String
  "C")
(define-fun haystack_2 () String
  "A")
Returned solutions: 
(define-fun needle_1 () String  "C")
(define-fun haystack_2 () String  "A")
*************************************
Satisfiable: true
needle_1 => "C"
haystack_2 => "A"
*************************************

numeric PC: constraint # = 2
CONST_2 >= (Length_0_ + CONST_1) &&
CONST_1 < (Length_0_ + CONST_1) -> true

### PCs: total:7 sat:6 unsat:1

string analysis: SPC # = 2
(.valueof[(CharAt(CONST_1)_2_)] notequals needle_1_SYMSTRING) && (.valueof[(CharAt(CONST_0)_1_)] notequals needle_1_SYMSTRING)
NPC constraint # = 2
CONST_2 >= (Length_0_ + CONST_1) &&
CONST_1 < (Length_0_ + CONST_1)
$$$$$$$$$$$$$$$$$$$$$$$$$$$$$$$$
Calling Z3str3

current query... 
(declare-const needle_1 String)
(declare-const haystack_2 String)

(assert (not (= (str.at haystack_2 1) needle_1)))
(assert (not (= (str.at haystack_2 0) needle_1)))
(assert (>= 2 ( +  (str.len haystack_2) 1)))
(assert (< 1 ( +  (str.len haystack_2) 1)))



======================
(define-fun needle_1 () String
  "C")
(define-fun haystack_2 () String
  "A")
Returned solutions: 
(define-fun needle_1 () String  "C")
(define-fun haystack_2 () String  "A")
*************************************
Satisfiable: true
needle_1 => "C"
haystack_2 => "A"
*************************************

numeric PC: constraint # = 2
CONST_2 < (Length_0_ + CONST_1) &&
CONST_1 < (Length_0_ + CONST_1) -> true

### PCs: total:8 sat:7 unsat:1

string analysis: SPC # = 2
(.valueof[(CharAt(CONST_1)_2_)] notequals needle_1_SYMSTRING) && (.valueof[(CharAt(CONST_0)_1_)] notequals needle_1_SYMSTRING)
NPC constraint # = 2
CONST_2 < (Length_0_ + CONST_1) &&
CONST_1 < (Length_0_ + CONST_1)
$$$$$$$$$$$$$$$$$$$$$$$$$$$$$$$$
Calling Z3str3

current query... 
(declare-const needle_1 String)
(declare-const haystack_2 String)

(assert (not (= (str.at haystack_2 1) needle_1)))
(assert (not (= (str.at haystack_2 0) needle_1)))
(assert (< 2 ( +  (str.len haystack_2) 1)))
(assert (< 1 ( +  (str.len haystack_2) 1)))



======================
(define-fun needle_1 () String
  "CD")
(define-fun haystack_2 () String
  "AB")
Returned solutions: 
(define-fun needle_1 () String  "CD")
(define-fun haystack_2 () String  "AB")
*************************************
Satisfiable: true
needle_1 => "CD"
haystack_2 => "AB"
*************************************

New sym int CharAt(CONST_2)_3_ min=0, max=65535
numeric PC: constraint # = 2
CONST_2 < (Length_0_ + CONST_1) &&
CONST_1 < (Length_0_ + CONST_1) -> true

### PCs: total:9 sat:8 unsat:1

string analysis: SPC # = 3
(.valueof[(CharAt(CONST_2)_3_)] notequals needle_1_SYMSTRING) && (.valueof[(CharAt(CONST_1)_2_)] notequals needle_1_SYMSTRING) && (.valueof[(CharAt(CONST_0)_1_)] notequals needle_1_SYMSTRING)
NPC constraint # = 2
CONST_2 < (Length_0_ + CONST_1) &&
CONST_1 < (Length_0_ + CONST_1)
$$$$$$$$$$$$$$$$$$$$$$$$$$$$$$$$
Calling Z3str3

current query... 
(declare-const needle_1 String)
(declare-const haystack_2 String)

(assert (not (= (str.at haystack_2 2) needle_1)))
(assert (not (= (str.at haystack_2 1) needle_1)))
(assert (not (= (str.at haystack_2 0) needle_1)))
(assert (< 2 ( +  (str.len haystack_2) 1)))
(assert (< 1 ( +  (str.len haystack_2) 1)))



======================
(define-fun needle_1 () String
  "D")
(define-fun haystack_2 () String
  "AB")
Returned solutions: 
(define-fun needle_1 () String  "D")
(define-fun haystack_2 () String  "AB")
*************************************
Satisfiable: true
needle_1 => "D"
haystack_2 => "AB"
*************************************

numeric PC: constraint # = 3
CONST_3 >= (Length_0_ + CONST_1) &&
CONST_2 < (Length_0_ + CONST_1) &&
CONST_1 < (Length_0_ + CONST_1) -> true

### PCs: total:10 sat:9 unsat:1

string analysis: SPC # = 3
(.valueof[(CharAt(CONST_2)_3_)] notequals needle_1_SYMSTRING) && (.valueof[(CharAt(CONST_1)_2_)] notequals needle_1_SYMSTRING) && (.valueof[(CharAt(CONST_0)_1_)] notequals needle_1_SYMSTRING)
NPC constraint # = 3
CONST_3 >= (Length_0_ + CONST_1) &&
CONST_2 < (Length_0_ + CONST_1) &&
CONST_1 < (Length_0_ + CONST_1)
$$$$$$$$$$$$$$$$$$$$$$$$$$$$$$$$
Calling Z3str3

current query... 
(declare-const needle_1 String)
(declare-const haystack_2 String)

(assert (not (= (str.at haystack_2 2) needle_1)))
(assert (not (= (str.at haystack_2 1) needle_1)))
(assert (not (= (str.at haystack_2 0) needle_1)))
(assert (>= 3 ( +  (str.len haystack_2) 1)))
(assert (< 2 ( +  (str.len haystack_2) 1)))
(assert (< 1 ( +  (str.len haystack_2) 1)))



======================
(define-fun needle_1 () String
  "D")
(define-fun haystack_2 () String
  "AB")
Returned solutions: 
(define-fun needle_1 () String  "D")
(define-fun haystack_2 () String  "AB")
*************************************
Satisfiable: true
needle_1 => "D"
haystack_2 => "AB"
*************************************

numeric PC: constraint # = 3
CONST_3 < (Length_0_ + CONST_1) &&
CONST_2 < (Length_0_ + CONST_1) &&
CONST_1 < (Length_0_ + CONST_1) -> true

### PCs: total:11 sat:10 unsat:1

string analysis: SPC # = 3
(.valueof[(CharAt(CONST_2)_3_)] notequals needle_1_SYMSTRING) && (.valueof[(CharAt(CONST_1)_2_)] notequals needle_1_SYMSTRING) && (.valueof[(CharAt(CONST_0)_1_)] notequals needle_1_SYMSTRING)
NPC constraint # = 3
CONST_3 < (Length_0_ + CONST_1) &&
CONST_2 < (Length_0_ + CONST_1) &&
CONST_1 < (Length_0_ + CONST_1)
$$$$$$$$$$$$$$$$$$$$$$$$$$$$$$$$
Calling Z3str3

current query... 
(declare-const needle_1 String)
(declare-const haystack_2 String)

(assert (not (= (str.at haystack_2 2) needle_1)))
(assert (not (= (str.at haystack_2 1) needle_1)))
(assert (not (= (str.at haystack_2 0) needle_1)))
(assert (< 3 ( +  (str.len haystack_2) 1)))
(assert (< 2 ( +  (str.len haystack_2) 1)))
(assert (< 1 ( +  (str.len haystack_2) 1)))



======================
(define-fun needle_1 () String
  "")
(define-fun haystack_2 () String
  "ABC")
Returned solutions: 
(define-fun needle_1 () String  "")
(define-fun haystack_2 () String  "ABC")
*************************************
Satisfiable: true
needle_1 => ""
haystack_2 => "ABC"
*************************************

New sym int CharAt(CONST_3)_4_ min=0, max=65535
numeric PC: constraint # = 3
CONST_3 < (Length_0_ + CONST_1) &&
CONST_2 < (Length_0_ + CONST_1) &&
CONST_1 < (Length_0_ + CONST_1) -> true

### PCs: total:12 sat:11 unsat:1

string analysis: SPC # = 4
(.valueof[(CharAt(CONST_3)_4_)] notequals needle_1_SYMSTRING) && (.valueof[(CharAt(CONST_2)_3_)] notequals needle_1_SYMSTRING) && (.valueof[(CharAt(CONST_1)_2_)] notequals needle_1_SYMSTRING) && (.valueof[(CharAt(CONST_0)_1_)] notequals needle_1_SYMSTRING)
NPC constraint # = 3
CONST_3 < (Length_0_ + CONST_1) &&
CONST_2 < (Length_0_ + CONST_1) &&
CONST_1 < (Length_0_ + CONST_1)
$$$$$$$$$$$$$$$$$$$$$$$$$$$$$$$$
Calling Z3str3

current query... 
(declare-const needle_1 String)
(declare-const haystack_2 String)

(assert (not (= (str.at haystack_2 3) needle_1)))
(assert (not (= (str.at haystack_2 2) needle_1)))
(assert (not (= (str.at haystack_2 1) needle_1)))
(assert (not (= (str.at haystack_2 0) needle_1)))
(assert (< 3 ( +  (str.len haystack_2) 1)))
(assert (< 2 ( +  (str.len haystack_2) 1)))
(assert (< 1 ( +  (str.len haystack_2) 1)))



======================
(define-fun needle_1 () String
  "E")
(define-fun haystack_2 () String
  "ABC")
Returned solutions: 
(define-fun needle_1 () String  "E")
(define-fun haystack_2 () String  "ABC")
*************************************
Satisfiable: true
needle_1 => "E"
haystack_2 => "ABC"
*************************************

numeric PC: constraint # = 4
CONST_4 >= (Length_0_ + CONST_1) &&
CONST_3 < (Length_0_ + CONST_1) &&
CONST_2 < (Length_0_ + CONST_1) &&
CONST_1 < (Length_0_ + CONST_1) -> true

### PCs: total:13 sat:12 unsat:1

string analysis: SPC # = 4
(.valueof[(CharAt(CONST_3)_4_)] notequals needle_1_SYMSTRING) && (.valueof[(CharAt(CONST_2)_3_)] notequals needle_1_SYMSTRING) && (.valueof[(CharAt(CONST_1)_2_)] notequals needle_1_SYMSTRING) && (.valueof[(CharAt(CONST_0)_1_)] notequals needle_1_SYMSTRING)
NPC constraint # = 4
CONST_4 >= (Length_0_ + CONST_1) &&
CONST_3 < (Length_0_ + CONST_1) &&
CONST_2 < (Length_0_ + CONST_1) &&
CONST_1 < (Length_0_ + CONST_1)
$$$$$$$$$$$$$$$$$$$$$$$$$$$$$$$$
Calling Z3str3

current query... 
(declare-const needle_1 String)
(declare-const haystack_2 String)

(assert (not (= (str.at haystack_2 3) needle_1)))
(assert (not (= (str.at haystack_2 2) needle_1)))
(assert (not (= (str.at haystack_2 1) needle_1)))
(assert (not (= (str.at haystack_2 0) needle_1)))
(assert (>= 4 ( +  (str.len haystack_2) 1)))
(assert (< 3 ( +  (str.len haystack_2) 1)))
(assert (< 2 ( +  (str.len haystack_2) 1)))
(assert (< 1 ( +  (str.len haystack_2) 1)))



======================
(define-fun needle_1 () String
  "E")
(define-fun haystack_2 () String
  "ABC")
Returned solutions: 
(define-fun needle_1 () String  "E")
(define-fun haystack_2 () String  "ABC")
*************************************
Satisfiable: true
needle_1 => "E"
haystack_2 => "ABC"
*************************************

numeric PC: constraint # = 4
CONST_4 < (Length_0_ + CONST_1) &&
CONST_3 < (Length_0_ + CONST_1) &&
CONST_2 < (Length_0_ + CONST_1) &&
CONST_1 < (Length_0_ + CONST_1) -> true

### PCs: total:14 sat:13 unsat:1

string analysis: SPC # = 4
(.valueof[(CharAt(CONST_3)_4_)] notequals needle_1_SYMSTRING) && (.valueof[(CharAt(CONST_2)_3_)] notequals needle_1_SYMSTRING) && (.valueof[(CharAt(CONST_1)_2_)] notequals needle_1_SYMSTRING) && (.valueof[(CharAt(CONST_0)_1_)] notequals needle_1_SYMSTRING)
NPC constraint # = 4
CONST_4 < (Length_0_ + CONST_1) &&
CONST_3 < (Length_0_ + CONST_1) &&
CONST_2 < (Length_0_ + CONST_1) &&
CONST_1 < (Length_0_ + CONST_1)
$$$$$$$$$$$$$$$$$$$$$$$$$$$$$$$$
Calling Z3str3

current query... 
(declare-const needle_1 String)
(declare-const haystack_2 String)

(assert (not (= (str.at haystack_2 3) needle_1)))
(assert (not (= (str.at haystack_2 2) needle_1)))
(assert (not (= (str.at haystack_2 1) needle_1)))
(assert (not (= (str.at haystack_2 0) needle_1)))
(assert (< 4 ( +  (str.len haystack_2) 1)))
(assert (< 3 ( +  (str.len haystack_2) 1)))
(assert (< 2 ( +  (str.len haystack_2) 1)))
(assert (< 1 ( +  (str.len haystack_2) 1)))



======================
(define-fun needle_1 () String
  "EF")
(define-fun haystack_2 () String
  "ABCD")
Returned solutions: 
(define-fun needle_1 () String  "EF")
(define-fun haystack_2 () String  "ABCD")
*************************************
Satisfiable: true
needle_1 => "EF"
haystack_2 => "ABCD"
*************************************

New sym int CharAt(CONST_4)_5_ min=0, max=65535
numeric PC: constraint # = 4
CONST_4 < (Length_0_ + CONST_1) &&
CONST_3 < (Length_0_ + CONST_1) &&
CONST_2 < (Length_0_ + CONST_1) &&
CONST_1 < (Length_0_ + CONST_1) -> true

### PCs: total:15 sat:14 unsat:1

string analysis: SPC # = 5
(.valueof[(CharAt(CONST_4)_5_)] notequals needle_1_SYMSTRING) && (.valueof[(CharAt(CONST_3)_4_)] notequals needle_1_SYMSTRING) && (.valueof[(CharAt(CONST_2)_3_)] notequals needle_1_SYMSTRING) && (.valueof[(CharAt(CONST_1)_2_)] notequals needle_1_SYMSTRING) && (.valueof[(CharAt(CONST_0)_1_)] notequals needle_1_SYMSTRING)
NPC constraint # = 4
CONST_4 < (Length_0_ + CONST_1) &&
CONST_3 < (Length_0_ + CONST_1) &&
CONST_2 < (Length_0_ + CONST_1) &&
CONST_1 < (Length_0_ + CONST_1)
$$$$$$$$$$$$$$$$$$$$$$$$$$$$$$$$
Calling Z3str3

current query... 
(declare-const needle_1 String)
(declare-const haystack_2 String)

(assert (not (= (str.at haystack_2 4) needle_1)))
(assert (not (= (str.at haystack_2 3) needle_1)))
(assert (not (= (str.at haystack_2 2) needle_1)))
(assert (not (= (str.at haystack_2 1) needle_1)))
(assert (not (= (str.at haystack_2 0) needle_1)))
(assert (< 4 ( +  (str.len haystack_2) 1)))
(assert (< 3 ( +  (str.len haystack_2) 1)))
(assert (< 2 ( +  (str.len haystack_2) 1)))
(assert (< 1 ( +  (str.len haystack_2) 1)))



======================
(define-fun needle_1 () String
  "F")
(define-fun haystack_2 () String
  "ABCD")
Returned solutions: 
(define-fun needle_1 () String  "F")
(define-fun haystack_2 () String  "ABCD")
*************************************
Satisfiable: true
needle_1 => "F"
haystack_2 => "ABCD"
*************************************

numeric PC: constraint # = 5
CONST_5 >= (Length_0_ + CONST_1) &&
CONST_4 < (Length_0_ + CONST_1) &&
CONST_3 < (Length_0_ + CONST_1) &&
CONST_2 < (Length_0_ + CONST_1) &&
CONST_1 < (Length_0_ + CONST_1) -> true

### PCs: total:16 sat:15 unsat:1

string analysis: SPC # = 5
(.valueof[(CharAt(CONST_4)_5_)] notequals needle_1_SYMSTRING) && (.valueof[(CharAt(CONST_3)_4_)] notequals needle_1_SYMSTRING) && (.valueof[(CharAt(CONST_2)_3_)] notequals needle_1_SYMSTRING) && (.valueof[(CharAt(CONST_1)_2_)] notequals needle_1_SYMSTRING) && (.valueof[(CharAt(CONST_0)_1_)] notequals needle_1_SYMSTRING)
NPC constraint # = 5
CONST_5 >= (Length_0_ + CONST_1) &&
CONST_4 < (Length_0_ + CONST_1) &&
CONST_3 < (Length_0_ + CONST_1) &&
CONST_2 < (Length_0_ + CONST_1) &&
CONST_1 < (Length_0_ + CONST_1)
$$$$$$$$$$$$$$$$$$$$$$$$$$$$$$$$
Calling Z3str3

current query... 
(declare-const needle_1 String)
(declare-const haystack_2 String)

(assert (not (= (str.at haystack_2 4) needle_1)))
(assert (not (= (str.at haystack_2 3) needle_1)))
(assert (not (= (str.at haystack_2 2) needle_1)))
(assert (not (= (str.at haystack_2 1) needle_1)))
(assert (not (= (str.at haystack_2 0) needle_1)))
(assert (>= 5 ( +  (str.len haystack_2) 1)))
(assert (< 4 ( +  (str.len haystack_2) 1)))
(assert (< 3 ( +  (str.len haystack_2) 1)))
(assert (< 2 ( +  (str.len haystack_2) 1)))
(assert (< 1 ( +  (str.len haystack_2) 1)))



======================
(define-fun needle_1 () String
  "F")
(define-fun haystack_2 () String
  "ABCD")
Returned solutions: 
(define-fun needle_1 () String  "F")
(define-fun haystack_2 () String  "ABCD")
*************************************
Satisfiable: true
needle_1 => "F"
haystack_2 => "ABCD"
*************************************

numeric PC: constraint # = 5
CONST_5 < (Length_0_ + CONST_1) &&
CONST_4 < (Length_0_ + CONST_1) &&
CONST_3 < (Length_0_ + CONST_1) &&
CONST_2 < (Length_0_ + CONST_1) &&
CONST_1 < (Length_0_ + CONST_1) -> true

### PCs: total:17 sat:16 unsat:1

string analysis: SPC # = 5
(.valueof[(CharAt(CONST_4)_5_)] notequals needle_1_SYMSTRING) && (.valueof[(CharAt(CONST_3)_4_)] notequals needle_1_SYMSTRING) && (.valueof[(CharAt(CONST_2)_3_)] notequals needle_1_SYMSTRING) && (.valueof[(CharAt(CONST_1)_2_)] notequals needle_1_SYMSTRING) && (.valueof[(CharAt(CONST_0)_1_)] notequals needle_1_SYMSTRING)
NPC constraint # = 5
CONST_5 < (Length_0_ + CONST_1) &&
CONST_4 < (Length_0_ + CONST_1) &&
CONST_3 < (Length_0_ + CONST_1) &&
CONST_2 < (Length_0_ + CONST_1) &&
CONST_1 < (Length_0_ + CONST_1)
$$$$$$$$$$$$$$$$$$$$$$$$$$$$$$$$
Calling Z3str3

current query... 
(declare-const needle_1 String)
(declare-const haystack_2 String)

(assert (not (= (str.at haystack_2 4) needle_1)))
(assert (not (= (str.at haystack_2 3) needle_1)))
(assert (not (= (str.at haystack_2 2) needle_1)))
(assert (not (= (str.at haystack_2 1) needle_1)))
(assert (not (= (str.at haystack_2 0) needle_1)))
(assert (< 5 ( +  (str.len haystack_2) 1)))
(assert (< 4 ( +  (str.len haystack_2) 1)))
(assert (< 3 ( +  (str.len haystack_2) 1)))
(assert (< 2 ( +  (str.len haystack_2) 1)))
(assert (< 1 ( +  (str.len haystack_2) 1)))



======================
(define-fun needle_1 () String
  "FG")
(define-fun haystack_2 () String
  "ABCDE")
Returned solutions: 
(define-fun needle_1 () String  "FG")
(define-fun haystack_2 () String  "ABCDE")
*************************************
Satisfiable: true
needle_1 => "FG"
haystack_2 => "ABCDE"
*************************************

New sym int CharAt(CONST_5)_6_ min=0, max=65535
numeric PC: constraint # = 5
CONST_5 < (Length_0_ + CONST_1) &&
CONST_4 < (Length_0_ + CONST_1) &&
CONST_3 < (Length_0_ + CONST_1) &&
CONST_2 < (Length_0_ + CONST_1) &&
CONST_1 < (Length_0_ + CONST_1) -> true

### PCs: total:18 sat:17 unsat:1

string analysis: SPC # = 6
(.valueof[(CharAt(CONST_5)_6_)] notequals needle_1_SYMSTRING) && (.valueof[(CharAt(CONST_4)_5_)] notequals needle_1_SYMSTRING) && (.valueof[(CharAt(CONST_3)_4_)] notequals needle_1_SYMSTRING) && (.valueof[(CharAt(CONST_2)_3_)] notequals needle_1_SYMSTRING) && (.valueof[(CharAt(CONST_1)_2_)] notequals needle_1_SYMSTRING) && (.valueof[(CharAt(CONST_0)_1_)] notequals needle_1_SYMSTRING)
NPC constraint # = 5
CONST_5 < (Length_0_ + CONST_1) &&
CONST_4 < (Length_0_ + CONST_1) &&
CONST_3 < (Length_0_ + CONST_1) &&
CONST_2 < (Length_0_ + CONST_1) &&
CONST_1 < (Length_0_ + CONST_1)
$$$$$$$$$$$$$$$$$$$$$$$$$$$$$$$$
Calling Z3str3

current query... 
(declare-const needle_1 String)
(declare-const haystack_2 String)

(assert (not (= (str.at haystack_2 5) needle_1)))
(assert (not (= (str.at haystack_2 4) needle_1)))
(assert (not (= (str.at haystack_2 3) needle_1)))
(assert (not (= (str.at haystack_2 2) needle_1)))
(assert (not (= (str.at haystack_2 1) needle_1)))
(assert (not (= (str.at haystack_2 0) needle_1)))
(assert (< 5 ( +  (str.len haystack_2) 1)))
(assert (< 4 ( +  (str.len haystack_2) 1)))
(assert (< 3 ( +  (str.len haystack_2) 1)))
(assert (< 2 ( +  (str.len haystack_2) 1)))
(assert (< 1 ( +  (str.len haystack_2) 1)))



======================
(define-fun needle_1 () String
  "G")
(define-fun haystack_2 () String
  "ABCDE")
Returned solutions: 
(define-fun needle_1 () String  "G")
(define-fun haystack_2 () String  "ABCDE")
*************************************
Satisfiable: true
needle_1 => "G"
haystack_2 => "ABCDE"
*************************************

numeric PC: constraint # = 6
CONST_6 >= (Length_0_ + CONST_1) &&
CONST_5 < (Length_0_ + CONST_1) &&
CONST_4 < (Length_0_ + CONST_1) &&
CONST_3 < (Length_0_ + CONST_1) &&
CONST_2 < (Length_0_ + CONST_1) &&
CONST_1 < (Length_0_ + CONST_1) -> true

### PCs: total:19 sat:18 unsat:1

string analysis: SPC # = 6
(.valueof[(CharAt(CONST_5)_6_)] notequals needle_1_SYMSTRING) && (.valueof[(CharAt(CONST_4)_5_)] notequals needle_1_SYMSTRING) && (.valueof[(CharAt(CONST_3)_4_)] notequals needle_1_SYMSTRING) && (.valueof[(CharAt(CONST_2)_3_)] notequals needle_1_SYMSTRING) && (.valueof[(CharAt(CONST_1)_2_)] notequals needle_1_SYMSTRING) && (.valueof[(CharAt(CONST_0)_1_)] notequals needle_1_SYMSTRING)
NPC constraint # = 6
CONST_6 >= (Length_0_ + CONST_1) &&
CONST_5 < (Length_0_ + CONST_1) &&
CONST_4 < (Length_0_ + CONST_1) &&
CONST_3 < (Length_0_ + CONST_1) &&
CONST_2 < (Length_0_ + CONST_1) &&
CONST_1 < (Length_0_ + CONST_1)
$$$$$$$$$$$$$$$$$$$$$$$$$$$$$$$$
Calling Z3str3

current query... 
(declare-const needle_1 String)
(declare-const haystack_2 String)

(assert (not (= (str.at haystack_2 5) needle_1)))
(assert (not (= (str.at haystack_2 4) needle_1)))
(assert (not (= (str.at haystack_2 3) needle_1)))
(assert (not (= (str.at haystack_2 2) needle_1)))
(assert (not (= (str.at haystack_2 1) needle_1)))
(assert (not (= (str.at haystack_2 0) needle_1)))
(assert (>= 6 ( +  (str.len haystack_2) 1)))
(assert (< 5 ( +  (str.len haystack_2) 1)))
(assert (< 4 ( +  (str.len haystack_2) 1)))
(assert (< 3 ( +  (str.len haystack_2) 1)))
(assert (< 2 ( +  (str.len haystack_2) 1)))
(assert (< 1 ( +  (str.len haystack_2) 1)))



======================
(define-fun needle_1 () String
  "G")
(define-fun haystack_2 () String
  "ABCDE")
Returned solutions: 
(define-fun needle_1 () String  "G")
(define-fun haystack_2 () String  "ABCDE")
*************************************
Satisfiable: true
needle_1 => "G"
haystack_2 => "ABCDE"
*************************************

numeric PC: constraint # = 6
CONST_6 < (Length_0_ + CONST_1) &&
CONST_5 < (Length_0_ + CONST_1) &&
CONST_4 < (Length_0_ + CONST_1) &&
CONST_3 < (Length_0_ + CONST_1) &&
CONST_2 < (Length_0_ + CONST_1) &&
CONST_1 < (Length_0_ + CONST_1) -> true

### PCs: total:20 sat:19 unsat:1

string analysis: SPC # = 6
(.valueof[(CharAt(CONST_5)_6_)] notequals needle_1_SYMSTRING) && (.valueof[(CharAt(CONST_4)_5_)] notequals needle_1_SYMSTRING) && (.valueof[(CharAt(CONST_3)_4_)] notequals needle_1_SYMSTRING) && (.valueof[(CharAt(CONST_2)_3_)] notequals needle_1_SYMSTRING) && (.valueof[(CharAt(CONST_1)_2_)] notequals needle_1_SYMSTRING) && (.valueof[(CharAt(CONST_0)_1_)] notequals needle_1_SYMSTRING)
NPC constraint # = 6
CONST_6 < (Length_0_ + CONST_1) &&
CONST_5 < (Length_0_ + CONST_1) &&
CONST_4 < (Length_0_ + CONST_1) &&
CONST_3 < (Length_0_ + CONST_1) &&
CONST_2 < (Length_0_ + CONST_1) &&
CONST_1 < (Length_0_ + CONST_1)
$$$$$$$$$$$$$$$$$$$$$$$$$$$$$$$$
Calling Z3str3

current query... 
(declare-const needle_1 String)
(declare-const haystack_2 String)

(assert (not (= (str.at haystack_2 5) needle_1)))
(assert (not (= (str.at haystack_2 4) needle_1)))
(assert (not (= (str.at haystack_2 3) needle_1)))
(assert (not (= (str.at haystack_2 2) needle_1)))
(assert (not (= (str.at haystack_2 1) needle_1)))
(assert (not (= (str.at haystack_2 0) needle_1)))
(assert (< 6 ( +  (str.len haystack_2) 1)))
(assert (< 5 ( +  (str.len haystack_2) 1)))
(assert (< 4 ( +  (str.len haystack_2) 1)))
(assert (< 3 ( +  (str.len haystack_2) 1)))
(assert (< 2 ( +  (str.len haystack_2) 1)))
(assert (< 1 ( +  (str.len haystack_2) 1)))



======================
(define-fun needle_1 () String
  "GH")
(define-fun haystack_2 () String
  "ABCDEF")
Returned solutions: 
(define-fun needle_1 () String  "GH")
(define-fun haystack_2 () String  "ABCDEF")
*************************************
Satisfiable: true
needle_1 => "GH"
haystack_2 => "ABCDEF"
*************************************

New sym int CharAt(CONST_6)_7_ min=0, max=65535
numeric PC: constraint # = 6
CONST_6 < (Length_0_ + CONST_1) &&
CONST_5 < (Length_0_ + CONST_1) &&
CONST_4 < (Length_0_ + CONST_1) &&
CONST_3 < (Length_0_ + CONST_1) &&
CONST_2 < (Length_0_ + CONST_1) &&
CONST_1 < (Length_0_ + CONST_1) -> true

### PCs: total:21 sat:20 unsat:1

string analysis: SPC # = 7
(.valueof[(CharAt(CONST_6)_7_)] notequals needle_1_SYMSTRING) && (.valueof[(CharAt(CONST_5)_6_)] notequals needle_1_SYMSTRING) && (.valueof[(CharAt(CONST_4)_5_)] notequals needle_1_SYMSTRING) && (.valueof[(CharAt(CONST_3)_4_)] notequals needle_1_SYMSTRING) && (.valueof[(CharAt(CONST_2)_3_)] notequals needle_1_SYMSTRING) && (.valueof[(CharAt(CONST_1)_2_)] notequals needle_1_SYMSTRING) && (.valueof[(CharAt(CONST_0)_1_)] notequals needle_1_SYMSTRING)
NPC constraint # = 6
CONST_6 < (Length_0_ + CONST_1) &&
CONST_5 < (Length_0_ + CONST_1) &&
CONST_4 < (Length_0_ + CONST_1) &&
CONST_3 < (Length_0_ + CONST_1) &&
CONST_2 < (Length_0_ + CONST_1) &&
CONST_1 < (Length_0_ + CONST_1)
$$$$$$$$$$$$$$$$$$$$$$$$$$$$$$$$
Calling Z3str3

current query... 
(declare-const needle_1 String)
(declare-const haystack_2 String)

(assert (not (= (str.at haystack_2 6) needle_1)))
(assert (not (= (str.at haystack_2 5) needle_1)))
(assert (not (= (str.at haystack_2 4) needle_1)))
(assert (not (= (str.at haystack_2 3) needle_1)))
(assert (not (= (str.at haystack_2 2) needle_1)))
(assert (not (= (str.at haystack_2 1) needle_1)))
(assert (not (= (str.at haystack_2 0) needle_1)))
(assert (< 6 ( +  (str.len haystack_2) 1)))
(assert (< 5 ( +  (str.len haystack_2) 1)))
(assert (< 4 ( +  (str.len haystack_2) 1)))
(assert (< 3 ( +  (str.len haystack_2) 1)))
(assert (< 2 ( +  (str.len haystack_2) 1)))
(assert (< 1 ( +  (str.len haystack_2) 1)))



======================
(define-fun needle_1 () String
  "H")
(define-fun haystack_2 () String
  "ABCDEF")
Returned solutions: 
(define-fun needle_1 () String  "H")
(define-fun haystack_2 () String  "ABCDEF")
*************************************
Satisfiable: true
needle_1 => "H"
haystack_2 => "ABCDEF"
*************************************

numeric PC: constraint # = 7
CONST_7 >= (Length_0_ + CONST_1) &&
CONST_6 < (Length_0_ + CONST_1) &&
CONST_5 < (Length_0_ + CONST_1) &&
CONST_4 < (Length_0_ + CONST_1) &&
CONST_3 < (Length_0_ + CONST_1) &&
CONST_2 < (Length_0_ + CONST_1) &&
CONST_1 < (Length_0_ + CONST_1) -> true

### PCs: total:22 sat:21 unsat:1

string analysis: SPC # = 7
(.valueof[(CharAt(CONST_6)_7_)] notequals needle_1_SYMSTRING) && (.valueof[(CharAt(CONST_5)_6_)] notequals needle_1_SYMSTRING) && (.valueof[(CharAt(CONST_4)_5_)] notequals needle_1_SYMSTRING) && (.valueof[(CharAt(CONST_3)_4_)] notequals needle_1_SYMSTRING) && (.valueof[(CharAt(CONST_2)_3_)] notequals needle_1_SYMSTRING) && (.valueof[(CharAt(CONST_1)_2_)] notequals needle_1_SYMSTRING) && (.valueof[(CharAt(CONST_0)_1_)] notequals needle_1_SYMSTRING)
NPC constraint # = 7
CONST_7 >= (Length_0_ + CONST_1) &&
CONST_6 < (Length_0_ + CONST_1) &&
CONST_5 < (Length_0_ + CONST_1) &&
CONST_4 < (Length_0_ + CONST_1) &&
CONST_3 < (Length_0_ + CONST_1) &&
CONST_2 < (Length_0_ + CONST_1) &&
CONST_1 < (Length_0_ + CONST_1)
$$$$$$$$$$$$$$$$$$$$$$$$$$$$$$$$
Calling Z3str3

current query... 
(declare-const needle_1 String)
(declare-const haystack_2 String)

(assert (not (= (str.at haystack_2 6) needle_1)))
(assert (not (= (str.at haystack_2 5) needle_1)))
(assert (not (= (str.at haystack_2 4) needle_1)))
(assert (not (= (str.at haystack_2 3) needle_1)))
(assert (not (= (str.at haystack_2 2) needle_1)))
(assert (not (= (str.at haystack_2 1) needle_1)))
(assert (not (= (str.at haystack_2 0) needle_1)))
(assert (>= 7 ( +  (str.len haystack_2) 1)))
(assert (< 6 ( +  (str.len haystack_2) 1)))
(assert (< 5 ( +  (str.len haystack_2) 1)))
(assert (< 4 ( +  (str.len haystack_2) 1)))
(assert (< 3 ( +  (str.len haystack_2) 1)))
(assert (< 2 ( +  (str.len haystack_2) 1)))
(assert (< 1 ( +  (str.len haystack_2) 1)))



======================
(define-fun needle_1 () String
  "H")
(define-fun haystack_2 () String
  "ABCDEF")
Returned solutions: 
(define-fun needle_1 () String  "H")
(define-fun haystack_2 () String  "ABCDEF")
*************************************
Satisfiable: true
needle_1 => "H"
haystack_2 => "ABCDEF"
*************************************

numeric PC: constraint # = 7
CONST_7 < (Length_0_ + CONST_1) &&
CONST_6 < (Length_0_ + CONST_1) &&
CONST_5 < (Length_0_ + CONST_1) &&
CONST_4 < (Length_0_ + CONST_1) &&
CONST_3 < (Length_0_ + CONST_1) &&
CONST_2 < (Length_0_ + CONST_1) &&
CONST_1 < (Length_0_ + CONST_1) -> true

### PCs: total:23 sat:22 unsat:1

string analysis: SPC # = 7
(.valueof[(CharAt(CONST_6)_7_)] notequals needle_1_SYMSTRING) && (.valueof[(CharAt(CONST_5)_6_)] notequals needle_1_SYMSTRING) && (.valueof[(CharAt(CONST_4)_5_)] notequals needle_1_SYMSTRING) && (.valueof[(CharAt(CONST_3)_4_)] notequals needle_1_SYMSTRING) && (.valueof[(CharAt(CONST_2)_3_)] notequals needle_1_SYMSTRING) && (.valueof[(CharAt(CONST_1)_2_)] notequals needle_1_SYMSTRING) && (.valueof[(CharAt(CONST_0)_1_)] notequals needle_1_SYMSTRING)
NPC constraint # = 7
CONST_7 < (Length_0_ + CONST_1) &&
CONST_6 < (Length_0_ + CONST_1) &&
CONST_5 < (Length_0_ + CONST_1) &&
CONST_4 < (Length_0_ + CONST_1) &&
CONST_3 < (Length_0_ + CONST_1) &&
CONST_2 < (Length_0_ + CONST_1) &&
CONST_1 < (Length_0_ + CONST_1)
$$$$$$$$$$$$$$$$$$$$$$$$$$$$$$$$
Calling Z3str3

current query... 
(declare-const needle_1 String)
(declare-const haystack_2 String)

(assert (not (= (str.at haystack_2 6) needle_1)))
(assert (not (= (str.at haystack_2 5) needle_1)))
(assert (not (= (str.at haystack_2 4) needle_1)))
(assert (not (= (str.at haystack_2 3) needle_1)))
(assert (not (= (str.at haystack_2 2) needle_1)))
(assert (not (= (str.at haystack_2 1) needle_1)))
(assert (not (= (str.at haystack_2 0) needle_1)))
(assert (< 7 ( +  (str.len haystack_2) 1)))
(assert (< 6 ( +  (str.len haystack_2) 1)))
(assert (< 5 ( +  (str.len haystack_2) 1)))
(assert (< 4 ( +  (str.len haystack_2) 1)))
(assert (< 3 ( +  (str.len haystack_2) 1)))
(assert (< 2 ( +  (str.len haystack_2) 1)))
(assert (< 1 ( +  (str.len haystack_2) 1)))



======================
(define-fun needle_1 () String
  "HI")
(define-fun haystack_2 () String
  "ABCDEFG")
Returned solutions: 
(define-fun needle_1 () String  "HI")
(define-fun haystack_2 () String  "ABCDEFG")
*************************************
Satisfiable: true
needle_1 => "HI"
haystack_2 => "ABCDEFG"
*************************************

New sym int CharAt(CONST_7)_8_ min=0, max=65535
numeric PC: constraint # = 7
CONST_7 < (Length_0_ + CONST_1) &&
CONST_6 < (Length_0_ + CONST_1) &&
CONST_5 < (Length_0_ + CONST_1) &&
CONST_4 < (Length_0_ + CONST_1) &&
CONST_3 < (Length_0_ + CONST_1) &&
CONST_2 < (Length_0_ + CONST_1) &&
CONST_1 < (Length_0_ + CONST_1) -> true

### PCs: total:24 sat:23 unsat:1

string analysis: SPC # = 8
(.valueof[(CharAt(CONST_7)_8_)] notequals needle_1_SYMSTRING) && (.valueof[(CharAt(CONST_6)_7_)] notequals needle_1_SYMSTRING) && (.valueof[(CharAt(CONST_5)_6_)] notequals needle_1_SYMSTRING) && (.valueof[(CharAt(CONST_4)_5_)] notequals needle_1_SYMSTRING) && (.valueof[(CharAt(CONST_3)_4_)] notequals needle_1_SYMSTRING) && (.valueof[(CharAt(CONST_2)_3_)] notequals needle_1_SYMSTRING) && (.valueof[(CharAt(CONST_1)_2_)] notequals needle_1_SYMSTRING) && (.valueof[(CharAt(CONST_0)_1_)] notequals needle_1_SYMSTRING)
NPC constraint # = 7
CONST_7 < (Length_0_ + CONST_1) &&
CONST_6 < (Length_0_ + CONST_1) &&
CONST_5 < (Length_0_ + CONST_1) &&
CONST_4 < (Length_0_ + CONST_1) &&
CONST_3 < (Length_0_ + CONST_1) &&
CONST_2 < (Length_0_ + CONST_1) &&
CONST_1 < (Length_0_ + CONST_1)
$$$$$$$$$$$$$$$$$$$$$$$$$$$$$$$$
Calling Z3str3

current query... 
(declare-const needle_1 String)
(declare-const haystack_2 String)

(assert (not (= (str.at haystack_2 7) needle_1)))
(assert (not (= (str.at haystack_2 6) needle_1)))
(assert (not (= (str.at haystack_2 5) needle_1)))
(assert (not (= (str.at haystack_2 4) needle_1)))
(assert (not (= (str.at haystack_2 3) needle_1)))
(assert (not (= (str.at haystack_2 2) needle_1)))
(assert (not (= (str.at haystack_2 1) needle_1)))
(assert (not (= (str.at haystack_2 0) needle_1)))
(assert (< 7 ( +  (str.len haystack_2) 1)))
(assert (< 6 ( +  (str.len haystack_2) 1)))
(assert (< 5 ( +  (str.len haystack_2) 1)))
(assert (< 4 ( +  (str.len haystack_2) 1)))
(assert (< 3 ( +  (str.len haystack_2) 1)))
(assert (< 2 ( +  (str.len haystack_2) 1)))
(assert (< 1 ( +  (str.len haystack_2) 1)))



======================
(define-fun needle_1 () String
  "I")
(define-fun haystack_2 () String
  "ABCDEFG")
Returned solutions: 
(define-fun needle_1 () String  "I")
(define-fun haystack_2 () String  "ABCDEFG")
*************************************
Satisfiable: true
needle_1 => "I"
haystack_2 => "ABCDEFG"
*************************************

numeric PC: constraint # = 8
CONST_8 >= (Length_0_ + CONST_1) &&
CONST_7 < (Length_0_ + CONST_1) &&
CONST_6 < (Length_0_ + CONST_1) &&
CONST_5 < (Length_0_ + CONST_1) &&
CONST_4 < (Length_0_ + CONST_1) &&
CONST_3 < (Length_0_ + CONST_1) &&
CONST_2 < (Length_0_ + CONST_1) &&
CONST_1 < (Length_0_ + CONST_1) -> true

### PCs: total:25 sat:24 unsat:1

string analysis: SPC # = 8
(.valueof[(CharAt(CONST_7)_8_)] notequals needle_1_SYMSTRING) && (.valueof[(CharAt(CONST_6)_7_)] notequals needle_1_SYMSTRING) && (.valueof[(CharAt(CONST_5)_6_)] notequals needle_1_SYMSTRING) && (.valueof[(CharAt(CONST_4)_5_)] notequals needle_1_SYMSTRING) && (.valueof[(CharAt(CONST_3)_4_)] notequals needle_1_SYMSTRING) && (.valueof[(CharAt(CONST_2)_3_)] notequals needle_1_SYMSTRING) && (.valueof[(CharAt(CONST_1)_2_)] notequals needle_1_SYMSTRING) && (.valueof[(CharAt(CONST_0)_1_)] notequals needle_1_SYMSTRING)
NPC constraint # = 8
CONST_8 >= (Length_0_ + CONST_1) &&
CONST_7 < (Length_0_ + CONST_1) &&
CONST_6 < (Length_0_ + CONST_1) &&
CONST_5 < (Length_0_ + CONST_1) &&
CONST_4 < (Length_0_ + CONST_1) &&
CONST_3 < (Length_0_ + CONST_1) &&
CONST_2 < (Length_0_ + CONST_1) &&
CONST_1 < (Length_0_ + CONST_1)
$$$$$$$$$$$$$$$$$$$$$$$$$$$$$$$$
Calling Z3str3

current query... 
(declare-const needle_1 String)
(declare-const haystack_2 String)

(assert (not (= (str.at haystack_2 7) needle_1)))
(assert (not (= (str.at haystack_2 6) needle_1)))
(assert (not (= (str.at haystack_2 5) needle_1)))
(assert (not (= (str.at haystack_2 4) needle_1)))
(assert (not (= (str.at haystack_2 3) needle_1)))
(assert (not (= (str.at haystack_2 2) needle_1)))
(assert (not (= (str.at haystack_2 1) needle_1)))
(assert (not (= (str.at haystack_2 0) needle_1)))
(assert (>= 8 ( +  (str.len haystack_2) 1)))
(assert (< 7 ( +  (str.len haystack_2) 1)))
(assert (< 6 ( +  (str.len haystack_2) 1)))
(assert (< 5 ( +  (str.len haystack_2) 1)))
(assert (< 4 ( +  (str.len haystack_2) 1)))
(assert (< 3 ( +  (str.len haystack_2) 1)))
(assert (< 2 ( +  (str.len haystack_2) 1)))
(assert (< 1 ( +  (str.len haystack_2) 1)))



======================
(define-fun needle_1 () String
  "I")
(define-fun haystack_2 () String
  "ABCDEFG")
Returned solutions: 
(define-fun needle_1 () String  "I")
(define-fun haystack_2 () String  "ABCDEFG")
*************************************
Satisfiable: true
needle_1 => "I"
haystack_2 => "ABCDEFG"
*************************************

numeric PC: constraint # = 8
CONST_8 < (Length_0_ + CONST_1) &&
CONST_7 < (Length_0_ + CONST_1) &&
CONST_6 < (Length_0_ + CONST_1) &&
CONST_5 < (Length_0_ + CONST_1) &&
CONST_4 < (Length_0_ + CONST_1) &&
CONST_3 < (Length_0_ + CONST_1) &&
CONST_2 < (Length_0_ + CONST_1) &&
CONST_1 < (Length_0_ + CONST_1) -> true

### PCs: total:26 sat:25 unsat:1

string analysis: SPC # = 8
(.valueof[(CharAt(CONST_7)_8_)] notequals needle_1_SYMSTRING) && (.valueof[(CharAt(CONST_6)_7_)] notequals needle_1_SYMSTRING) && (.valueof[(CharAt(CONST_5)_6_)] notequals needle_1_SYMSTRING) && (.valueof[(CharAt(CONST_4)_5_)] notequals needle_1_SYMSTRING) && (.valueof[(CharAt(CONST_3)_4_)] notequals needle_1_SYMSTRING) && (.valueof[(CharAt(CONST_2)_3_)] notequals needle_1_SYMSTRING) && (.valueof[(CharAt(CONST_1)_2_)] notequals needle_1_SYMSTRING) && (.valueof[(CharAt(CONST_0)_1_)] notequals needle_1_SYMSTRING)
NPC constraint # = 8
CONST_8 < (Length_0_ + CONST_1) &&
CONST_7 < (Length_0_ + CONST_1) &&
CONST_6 < (Length_0_ + CONST_1) &&
CONST_5 < (Length_0_ + CONST_1) &&
CONST_4 < (Length_0_ + CONST_1) &&
CONST_3 < (Length_0_ + CONST_1) &&
CONST_2 < (Length_0_ + CONST_1) &&
CONST_1 < (Length_0_ + CONST_1)
$$$$$$$$$$$$$$$$$$$$$$$$$$$$$$$$
Calling Z3str3

current query... 
(declare-const needle_1 String)
(declare-const haystack_2 String)

(assert (not (= (str.at haystack_2 7) needle_1)))
(assert (not (= (str.at haystack_2 6) needle_1)))
(assert (not (= (str.at haystack_2 5) needle_1)))
(assert (not (= (str.at haystack_2 4) needle_1)))
(assert (not (= (str.at haystack_2 3) needle_1)))
(assert (not (= (str.at haystack_2 2) needle_1)))
(assert (not (= (str.at haystack_2 1) needle_1)))
(assert (not (= (str.at haystack_2 0) needle_1)))
(assert (< 8 ( +  (str.len haystack_2) 1)))
(assert (< 7 ( +  (str.len haystack_2) 1)))
(assert (< 6 ( +  (str.len haystack_2) 1)))
(assert (< 5 ( +  (str.len haystack_2) 1)))
(assert (< 4 ( +  (str.len haystack_2) 1)))
(assert (< 3 ( +  (str.len haystack_2) 1)))
(assert (< 2 ( +  (str.len haystack_2) 1)))
(assert (< 1 ( +  (str.len haystack_2) 1)))



======================
(define-fun needle_1 () String
  "")
(define-fun haystack_2 () String
  "ABCDEFGH")
Returned solutions: 
(define-fun needle_1 () String  "")
(define-fun haystack_2 () String  "ABCDEFGH")
*************************************
Satisfiable: true
needle_1 => ""
haystack_2 => "ABCDEFGH"
*************************************

New sym int CharAt(CONST_8)_9_ min=0, max=65535
numeric PC: constraint # = 8
CONST_8 < (Length_0_ + CONST_1) &&
CONST_7 < (Length_0_ + CONST_1) &&
CONST_6 < (Length_0_ + CONST_1) &&
CONST_5 < (Length_0_ + CONST_1) &&
CONST_4 < (Length_0_ + CONST_1) &&
CONST_3 < (Length_0_ + CONST_1) &&
CONST_2 < (Length_0_ + CONST_1) &&
CONST_1 < (Length_0_ + CONST_1) -> true

### PCs: total:27 sat:26 unsat:1

string analysis: SPC # = 9
(.valueof[(CharAt(CONST_8)_9_)] notequals needle_1_SYMSTRING) && (.valueof[(CharAt(CONST_7)_8_)] notequals needle_1_SYMSTRING) && (.valueof[(CharAt(CONST_6)_7_)] notequals needle_1_SYMSTRING) && (.valueof[(CharAt(CONST_5)_6_)] notequals needle_1_SYMSTRING) && (.valueof[(CharAt(CONST_4)_5_)] notequals needle_1_SYMSTRING) && (.valueof[(CharAt(CONST_3)_4_)] notequals needle_1_SYMSTRING) && (.valueof[(CharAt(CONST_2)_3_)] notequals needle_1_SYMSTRING) && (.valueof[(CharAt(CONST_1)_2_)] notequals needle_1_SYMSTRING) && (.valueof[(CharAt(CONST_0)_1_)] notequals needle_1_SYMSTRING)
NPC constraint # = 8
CONST_8 < (Length_0_ + CONST_1) &&
CONST_7 < (Length_0_ + CONST_1) &&
CONST_6 < (Length_0_ + CONST_1) &&
CONST_5 < (Length_0_ + CONST_1) &&
CONST_4 < (Length_0_ + CONST_1) &&
CONST_3 < (Length_0_ + CONST_1) &&
CONST_2 < (Length_0_ + CONST_1) &&
CONST_1 < (Length_0_ + CONST_1)
$$$$$$$$$$$$$$$$$$$$$$$$$$$$$$$$
Calling Z3str3

current query... 
(declare-const needle_1 String)
(declare-const haystack_2 String)

(assert (not (= (str.at haystack_2 8) needle_1)))
(assert (not (= (str.at haystack_2 7) needle_1)))
(assert (not (= (str.at haystack_2 6) needle_1)))
(assert (not (= (str.at haystack_2 5) needle_1)))
(assert (not (= (str.at haystack_2 4) needle_1)))
(assert (not (= (str.at haystack_2 3) needle_1)))
(assert (not (= (str.at haystack_2 2) needle_1)))
(assert (not (= (str.at haystack_2 1) needle_1)))
(assert (not (= (str.at haystack_2 0) needle_1)))
(assert (< 8 ( +  (str.len haystack_2) 1)))
(assert (< 7 ( +  (str.len haystack_2) 1)))
(assert (< 6 ( +  (str.len haystack_2) 1)))
(assert (< 5 ( +  (str.len haystack_2) 1)))
(assert (< 4 ( +  (str.len haystack_2) 1)))
(assert (< 3 ( +  (str.len haystack_2) 1)))
(assert (< 2 ( +  (str.len haystack_2) 1)))
(assert (< 1 ( +  (str.len haystack_2) 1)))



======================
(define-fun needle_1 () String
  "J")
(define-fun haystack_2 () String
  "ABCDEFGH")
Returned solutions: 
(define-fun needle_1 () String  "J")
(define-fun haystack_2 () String  "ABCDEFGH")
*************************************
Satisfiable: true
needle_1 => "J"
haystack_2 => "ABCDEFGH"
*************************************

numeric PC: constraint # = 9
CONST_9 >= (Length_0_ + CONST_1) &&
CONST_8 < (Length_0_ + CONST_1) &&
CONST_7 < (Length_0_ + CONST_1) &&
CONST_6 < (Length_0_ + CONST_1) &&
CONST_5 < (Length_0_ + CONST_1) &&
CONST_4 < (Length_0_ + CONST_1) &&
CONST_3 < (Length_0_ + CONST_1) &&
CONST_2 < (Length_0_ + CONST_1) &&
CONST_1 < (Length_0_ + CONST_1) -> true

### PCs: total:28 sat:27 unsat:1

string analysis: SPC # = 9
(.valueof[(CharAt(CONST_8)_9_)] notequals needle_1_SYMSTRING) && (.valueof[(CharAt(CONST_7)_8_)] notequals needle_1_SYMSTRING) && (.valueof[(CharAt(CONST_6)_7_)] notequals needle_1_SYMSTRING) && (.valueof[(CharAt(CONST_5)_6_)] notequals needle_1_SYMSTRING) && (.valueof[(CharAt(CONST_4)_5_)] notequals needle_1_SYMSTRING) && (.valueof[(CharAt(CONST_3)_4_)] notequals needle_1_SYMSTRING) && (.valueof[(CharAt(CONST_2)_3_)] notequals needle_1_SYMSTRING) && (.valueof[(CharAt(CONST_1)_2_)] notequals needle_1_SYMSTRING) && (.valueof[(CharAt(CONST_0)_1_)] notequals needle_1_SYMSTRING)
NPC constraint # = 9
CONST_9 >= (Length_0_ + CONST_1) &&
CONST_8 < (Length_0_ + CONST_1) &&
CONST_7 < (Length_0_ + CONST_1) &&
CONST_6 < (Length_0_ + CONST_1) &&
CONST_5 < (Length_0_ + CONST_1) &&
CONST_4 < (Length_0_ + CONST_1) &&
CONST_3 < (Length_0_ + CONST_1) &&
CONST_2 < (Length_0_ + CONST_1) &&
CONST_1 < (Length_0_ + CONST_1)
$$$$$$$$$$$$$$$$$$$$$$$$$$$$$$$$
Calling Z3str3

current query... 
(declare-const needle_1 String)
(declare-const haystack_2 String)

(assert (not (= (str.at haystack_2 8) needle_1)))
(assert (not (= (str.at haystack_2 7) needle_1)))
(assert (not (= (str.at haystack_2 6) needle_1)))
(assert (not (= (str.at haystack_2 5) needle_1)))
(assert (not (= (str.at haystack_2 4) needle_1)))
(assert (not (= (str.at haystack_2 3) needle_1)))
(assert (not (= (str.at haystack_2 2) needle_1)))
(assert (not (= (str.at haystack_2 1) needle_1)))
(assert (not (= (str.at haystack_2 0) needle_1)))
(assert (>= 9 ( +  (str.len haystack_2) 1)))
(assert (< 8 ( +  (str.len haystack_2) 1)))
(assert (< 7 ( +  (str.len haystack_2) 1)))
(assert (< 6 ( +  (str.len haystack_2) 1)))
(assert (< 5 ( +  (str.len haystack_2) 1)))
(assert (< 4 ( +  (str.len haystack_2) 1)))
(assert (< 3 ( +  (str.len haystack_2) 1)))
(assert (< 2 ( +  (str.len haystack_2) 1)))
(assert (< 1 ( +  (str.len haystack_2) 1)))



======================
(define-fun needle_1 () String
  "J")
(define-fun haystack_2 () String
  "ABCDEFGH")
Returned solutions: 
(define-fun needle_1 () String  "J")
(define-fun haystack_2 () String  "ABCDEFGH")
*************************************
Satisfiable: true
needle_1 => "J"
haystack_2 => "ABCDEFGH"
*************************************

numeric PC: constraint # = 9
CONST_9 < (Length_0_ + CONST_1) &&
CONST_8 < (Length_0_ + CONST_1) &&
CONST_7 < (Length_0_ + CONST_1) &&
CONST_6 < (Length_0_ + CONST_1) &&
CONST_5 < (Length_0_ + CONST_1) &&
CONST_4 < (Length_0_ + CONST_1) &&
CONST_3 < (Length_0_ + CONST_1) &&
CONST_2 < (Length_0_ + CONST_1) &&
CONST_1 < (Length_0_ + CONST_1) -> true

### PCs: total:29 sat:28 unsat:1

string analysis: SPC # = 9
(.valueof[(CharAt(CONST_8)_9_)] notequals needle_1_SYMSTRING) && (.valueof[(CharAt(CONST_7)_8_)] notequals needle_1_SYMSTRING) && (.valueof[(CharAt(CONST_6)_7_)] notequals needle_1_SYMSTRING) && (.valueof[(CharAt(CONST_5)_6_)] notequals needle_1_SYMSTRING) && (.valueof[(CharAt(CONST_4)_5_)] notequals needle_1_SYMSTRING) && (.valueof[(CharAt(CONST_3)_4_)] notequals needle_1_SYMSTRING) && (.valueof[(CharAt(CONST_2)_3_)] notequals needle_1_SYMSTRING) && (.valueof[(CharAt(CONST_1)_2_)] notequals needle_1_SYMSTRING) && (.valueof[(CharAt(CONST_0)_1_)] notequals needle_1_SYMSTRING)
NPC constraint # = 9
CONST_9 < (Length_0_ + CONST_1) &&
CONST_8 < (Length_0_ + CONST_1) &&
CONST_7 < (Length_0_ + CONST_1) &&
CONST_6 < (Length_0_ + CONST_1) &&
CONST_5 < (Length_0_ + CONST_1) &&
CONST_4 < (Length_0_ + CONST_1) &&
CONST_3 < (Length_0_ + CONST_1) &&
CONST_2 < (Length_0_ + CONST_1) &&
CONST_1 < (Length_0_ + CONST_1)
$$$$$$$$$$$$$$$$$$$$$$$$$$$$$$$$
Calling Z3str3

current query... 
(declare-const needle_1 String)
(declare-const haystack_2 String)

(assert (not (= (str.at haystack_2 8) needle_1)))
(assert (not (= (str.at haystack_2 7) needle_1)))
(assert (not (= (str.at haystack_2 6) needle_1)))
(assert (not (= (str.at haystack_2 5) needle_1)))
(assert (not (= (str.at haystack_2 4) needle_1)))
(assert (not (= (str.at haystack_2 3) needle_1)))
(assert (not (= (str.at haystack_2 2) needle_1)))
(assert (not (= (str.at haystack_2 1) needle_1)))
(assert (not (= (str.at haystack_2 0) needle_1)))
(assert (< 9 ( +  (str.len haystack_2) 1)))
(assert (< 8 ( +  (str.len haystack_2) 1)))
(assert (< 7 ( +  (str.len haystack_2) 1)))
(assert (< 6 ( +  (str.len haystack_2) 1)))
(assert (< 5 ( +  (str.len haystack_2) 1)))
(assert (< 4 ( +  (str.len haystack_2) 1)))
(assert (< 3 ( +  (str.len haystack_2) 1)))
(assert (< 2 ( +  (str.len haystack_2) 1)))
(assert (< 1 ( +  (str.len haystack_2) 1)))



======================
(define-fun needle_1 () String
  "")
(define-fun haystack_2 () String
  "ABCDEFGHI")
Returned solutions: 
(define-fun needle_1 () String  "")
(define-fun haystack_2 () String  "ABCDEFGHI")
*************************************
Satisfiable: true
needle_1 => ""
haystack_2 => "ABCDEFGHI"
*************************************

New sym int CharAt(CONST_9)_10_ min=0, max=65535
numeric PC: constraint # = 9
CONST_9 < (Length_0_ + CONST_1) &&
CONST_8 < (Length_0_ + CONST_1) &&
CONST_7 < (Length_0_ + CONST_1) &&
CONST_6 < (Length_0_ + CONST_1) &&
CONST_5 < (Length_0_ + CONST_1) &&
CONST_4 < (Length_0_ + CONST_1) &&
CONST_3 < (Length_0_ + CONST_1) &&
CONST_2 < (Length_0_ + CONST_1) &&
CONST_1 < (Length_0_ + CONST_1) -> true

### PCs: total:30 sat:29 unsat:1

string analysis: SPC # = 10
(.valueof[(CharAt(CONST_9)_10_)] notequals needle_1_SYMSTRING) && (.valueof[(CharAt(CONST_8)_9_)] notequals needle_1_SYMSTRING) && (.valueof[(CharAt(CONST_7)_8_)] notequals needle_1_SYMSTRING) && (.valueof[(CharAt(CONST_6)_7_)] notequals needle_1_SYMSTRING) && (.valueof[(CharAt(CONST_5)_6_)] notequals needle_1_SYMSTRING) && (.valueof[(CharAt(CONST_4)_5_)] notequals needle_1_SYMSTRING) && (.valueof[(CharAt(CONST_3)_4_)] notequals needle_1_SYMSTRING) && (.valueof[(CharAt(CONST_2)_3_)] notequals needle_1_SYMSTRING) && (.valueof[(CharAt(CONST_1)_2_)] notequals needle_1_SYMSTRING) && (.valueof[(CharAt(CONST_0)_1_)] notequals needle_1_SYMSTRING)
NPC constraint # = 9
CONST_9 < (Length_0_ + CONST_1) &&
CONST_8 < (Length_0_ + CONST_1) &&
CONST_7 < (Length_0_ + CONST_1) &&
CONST_6 < (Length_0_ + CONST_1) &&
CONST_5 < (Length_0_ + CONST_1) &&
CONST_4 < (Length_0_ + CONST_1) &&
CONST_3 < (Length_0_ + CONST_1) &&
CONST_2 < (Length_0_ + CONST_1) &&
CONST_1 < (Length_0_ + CONST_1)
$$$$$$$$$$$$$$$$$$$$$$$$$$$$$$$$
Calling Z3str3

current query... 
(declare-const needle_1 String)
(declare-const haystack_2 String)

(assert (not (= (str.at haystack_2 9) needle_1)))
(assert (not (= (str.at haystack_2 8) needle_1)))
(assert (not (= (str.at haystack_2 7) needle_1)))
(assert (not (= (str.at haystack_2 6) needle_1)))
(assert (not (= (str.at haystack_2 5) needle_1)))
(assert (not (= (str.at haystack_2 4) needle_1)))
(assert (not (= (str.at haystack_2 3) needle_1)))
(assert (not (= (str.at haystack_2 2) needle_1)))
(assert (not (= (str.at haystack_2 1) needle_1)))
(assert (not (= (str.at haystack_2 0) needle_1)))
(assert (< 9 ( +  (str.len haystack_2) 1)))
(assert (< 8 ( +  (str.len haystack_2) 1)))
(assert (< 7 ( +  (str.len haystack_2) 1)))
(assert (< 6 ( +  (str.len haystack_2) 1)))
(assert (< 5 ( +  (str.len haystack_2) 1)))
(assert (< 4 ( +  (str.len haystack_2) 1)))
(assert (< 3 ( +  (str.len haystack_2) 1)))
(assert (< 2 ( +  (str.len haystack_2) 1)))
(assert (< 1 ( +  (str.len haystack_2) 1)))



======================
(define-fun needle_1 () String
  "K")
(define-fun haystack_2 () String
  "ABCDEFGHI")
Returned solutions: 
(define-fun needle_1 () String  "K")
(define-fun haystack_2 () String  "ABCDEFGHI")
*************************************
Satisfiable: true
needle_1 => "K"
haystack_2 => "ABCDEFGHI"
*************************************

numeric PC: constraint # = 10
CONST_10 >= (Length_0_ + CONST_1) &&
CONST_9 < (Length_0_ + CONST_1) &&
CONST_8 < (Length_0_ + CONST_1) &&
CONST_7 < (Length_0_ + CONST_1) &&
CONST_6 < (Length_0_ + CONST_1) &&
CONST_5 < (Length_0_ + CONST_1) &&
CONST_4 < (Length_0_ + CONST_1) &&
CONST_3 < (Length_0_ + CONST_1) &&
CONST_2 < (Length_0_ + CONST_1) &&
CONST_1 < (Length_0_ + CONST_1) -> true

### PCs: total:31 sat:30 unsat:1

string analysis: SPC # = 10
(.valueof[(CharAt(CONST_9)_10_)] notequals needle_1_SYMSTRING) && (.valueof[(CharAt(CONST_8)_9_)] notequals needle_1_SYMSTRING) && (.valueof[(CharAt(CONST_7)_8_)] notequals needle_1_SYMSTRING) && (.valueof[(CharAt(CONST_6)_7_)] notequals needle_1_SYMSTRING) && (.valueof[(CharAt(CONST_5)_6_)] notequals needle_1_SYMSTRING) && (.valueof[(CharAt(CONST_4)_5_)] notequals needle_1_SYMSTRING) && (.valueof[(CharAt(CONST_3)_4_)] notequals needle_1_SYMSTRING) && (.valueof[(CharAt(CONST_2)_3_)] notequals needle_1_SYMSTRING) && (.valueof[(CharAt(CONST_1)_2_)] notequals needle_1_SYMSTRING) && (.valueof[(CharAt(CONST_0)_1_)] notequals needle_1_SYMSTRING)
NPC constraint # = 10
CONST_10 >= (Length_0_ + CONST_1) &&
CONST_9 < (Length_0_ + CONST_1) &&
CONST_8 < (Length_0_ + CONST_1) &&
CONST_7 < (Length_0_ + CONST_1) &&
CONST_6 < (Length_0_ + CONST_1) &&
CONST_5 < (Length_0_ + CONST_1) &&
CONST_4 < (Length_0_ + CONST_1) &&
CONST_3 < (Length_0_ + CONST_1) &&
CONST_2 < (Length_0_ + CONST_1) &&
CONST_1 < (Length_0_ + CONST_1)
$$$$$$$$$$$$$$$$$$$$$$$$$$$$$$$$
Calling Z3str3

current query... 
(declare-const needle_1 String)
(declare-const haystack_2 String)

(assert (not (= (str.at haystack_2 9) needle_1)))
(assert (not (= (str.at haystack_2 8) needle_1)))
(assert (not (= (str.at haystack_2 7) needle_1)))
(assert (not (= (str.at haystack_2 6) needle_1)))
(assert (not (= (str.at haystack_2 5) needle_1)))
(assert (not (= (str.at haystack_2 4) needle_1)))
(assert (not (= (str.at haystack_2 3) needle_1)))
(assert (not (= (str.at haystack_2 2) needle_1)))
(assert (not (= (str.at haystack_2 1) needle_1)))
(assert (not (= (str.at haystack_2 0) needle_1)))
(assert (>= 10 ( +  (str.len haystack_2) 1)))
(assert (< 9 ( +  (str.len haystack_2) 1)))
(assert (< 8 ( +  (str.len haystack_2) 1)))
(assert (< 7 ( +  (str.len haystack_2) 1)))
(assert (< 6 ( +  (str.len haystack_2) 1)))
(assert (< 5 ( +  (str.len haystack_2) 1)))
(assert (< 4 ( +  (str.len haystack_2) 1)))
(assert (< 3 ( +  (str.len haystack_2) 1)))
(assert (< 2 ( +  (str.len haystack_2) 1)))
(assert (< 1 ( +  (str.len haystack_2) 1)))



======================
(define-fun needle_1 () String
  "K")
(define-fun haystack_2 () String
  "ABCDEFGHI")
Returned solutions: 
(define-fun needle_1 () String  "K")
(define-fun haystack_2 () String  "ABCDEFGHI")
*************************************
Satisfiable: true
needle_1 => "K"
haystack_2 => "ABCDEFGHI"
*************************************

numeric PC: constraint # = 10
CONST_10 < (Length_0_ + CONST_1) &&
CONST_9 < (Length_0_ + CONST_1) &&
CONST_8 < (Length_0_ + CONST_1) &&
CONST_7 < (Length_0_ + CONST_1) &&
CONST_6 < (Length_0_ + CONST_1) &&
CONST_5 < (Length_0_ + CONST_1) &&
CONST_4 < (Length_0_ + CONST_1) &&
CONST_3 < (Length_0_ + CONST_1) &&
CONST_2 < (Length_0_ + CONST_1) &&
CONST_1 < (Length_0_ + CONST_1) -> true

### PCs: total:32 sat:31 unsat:1

string analysis: SPC # = 10
(.valueof[(CharAt(CONST_9)_10_)] notequals needle_1_SYMSTRING) && (.valueof[(CharAt(CONST_8)_9_)] notequals needle_1_SYMSTRING) && (.valueof[(CharAt(CONST_7)_8_)] notequals needle_1_SYMSTRING) && (.valueof[(CharAt(CONST_6)_7_)] notequals needle_1_SYMSTRING) && (.valueof[(CharAt(CONST_5)_6_)] notequals needle_1_SYMSTRING) && (.valueof[(CharAt(CONST_4)_5_)] notequals needle_1_SYMSTRING) && (.valueof[(CharAt(CONST_3)_4_)] notequals needle_1_SYMSTRING) && (.valueof[(CharAt(CONST_2)_3_)] notequals needle_1_SYMSTRING) && (.valueof[(CharAt(CONST_1)_2_)] notequals needle_1_SYMSTRING) && (.valueof[(CharAt(CONST_0)_1_)] notequals needle_1_SYMSTRING)
NPC constraint # = 10
CONST_10 < (Length_0_ + CONST_1) &&
CONST_9 < (Length_0_ + CONST_1) &&
CONST_8 < (Length_0_ + CONST_1) &&
CONST_7 < (Length_0_ + CONST_1) &&
CONST_6 < (Length_0_ + CONST_1) &&
CONST_5 < (Length_0_ + CONST_1) &&
CONST_4 < (Length_0_ + CONST_1) &&
CONST_3 < (Length_0_ + CONST_1) &&
CONST_2 < (Length_0_ + CONST_1) &&
CONST_1 < (Length_0_ + CONST_1)
$$$$$$$$$$$$$$$$$$$$$$$$$$$$$$$$
Calling Z3str3

current query... 
(declare-const needle_1 String)
(declare-const haystack_2 String)

(assert (not (= (str.at haystack_2 9) needle_1)))
(assert (not (= (str.at haystack_2 8) needle_1)))
(assert (not (= (str.at haystack_2 7) needle_1)))
(assert (not (= (str.at haystack_2 6) needle_1)))
(assert (not (= (str.at haystack_2 5) needle_1)))
(assert (not (= (str.at haystack_2 4) needle_1)))
(assert (not (= (str.at haystack_2 3) needle_1)))
(assert (not (= (str.at haystack_2 2) needle_1)))
(assert (not (= (str.at haystack_2 1) needle_1)))
(assert (not (= (str.at haystack_2 0) needle_1)))
(assert (< 10 ( +  (str.len haystack_2) 1)))
(assert (< 9 ( +  (str.len haystack_2) 1)))
(assert (< 8 ( +  (str.len haystack_2) 1)))
(assert (< 7 ( +  (str.len haystack_2) 1)))
(assert (< 6 ( +  (str.len haystack_2) 1)))
(assert (< 5 ( +  (str.len haystack_2) 1)))
(assert (< 4 ( +  (str.len haystack_2) 1)))
(assert (< 3 ( +  (str.len haystack_2) 1)))
(assert (< 2 ( +  (str.len haystack_2) 1)))
(assert (< 1 ( +  (str.len haystack_2) 1)))



======================
(define-fun needle_1 () String
  "")
(define-fun haystack_2 () String
  "ABCDEFGHIJ")
Returned solutions: 
(define-fun needle_1 () String  "")
(define-fun haystack_2 () String  "ABCDEFGHIJ")
*************************************
Satisfiable: true
needle_1 => ""
haystack_2 => "ABCDEFGHIJ"
*************************************

New sym int CharAt(CONST_10)_11_ min=0, max=65535
numeric PC: constraint # = 10
CONST_10 < (Length_0_ + CONST_1) &&
CONST_9 < (Length_0_ + CONST_1) &&
CONST_8 < (Length_0_ + CONST_1) &&
CONST_7 < (Length_0_ + CONST_1) &&
CONST_6 < (Length_0_ + CONST_1) &&
CONST_5 < (Length_0_ + CONST_1) &&
CONST_4 < (Length_0_ + CONST_1) &&
CONST_3 < (Length_0_ + CONST_1) &&
CONST_2 < (Length_0_ + CONST_1) &&
CONST_1 < (Length_0_ + CONST_1) -> true

### PCs: total:33 sat:32 unsat:1

string analysis: SPC # = 11
(.valueof[(CharAt(CONST_10)_11_)] notequals needle_1_SYMSTRING) && (.valueof[(CharAt(CONST_9)_10_)] notequals needle_1_SYMSTRING) && (.valueof[(CharAt(CONST_8)_9_)] notequals needle_1_SYMSTRING) && (.valueof[(CharAt(CONST_7)_8_)] notequals needle_1_SYMSTRING) && (.valueof[(CharAt(CONST_6)_7_)] notequals needle_1_SYMSTRING) && (.valueof[(CharAt(CONST_5)_6_)] notequals needle_1_SYMSTRING) && (.valueof[(CharAt(CONST_4)_5_)] notequals needle_1_SYMSTRING) && (.valueof[(CharAt(CONST_3)_4_)] notequals needle_1_SYMSTRING) && (.valueof[(CharAt(CONST_2)_3_)] notequals needle_1_SYMSTRING) && (.valueof[(CharAt(CONST_1)_2_)] notequals needle_1_SYMSTRING) && (.valueof[(CharAt(CONST_0)_1_)] notequals needle_1_SYMSTRING)
NPC constraint # = 10
CONST_10 < (Length_0_ + CONST_1) &&
CONST_9 < (Length_0_ + CONST_1) &&
CONST_8 < (Length_0_ + CONST_1) &&
CONST_7 < (Length_0_ + CONST_1) &&
CONST_6 < (Length_0_ + CONST_1) &&
CONST_5 < (Length_0_ + CONST_1) &&
CONST_4 < (Length_0_ + CONST_1) &&
CONST_3 < (Length_0_ + CONST_1) &&
CONST_2 < (Length_0_ + CONST_1) &&
CONST_1 < (Length_0_ + CONST_1)
$$$$$$$$$$$$$$$$$$$$$$$$$$$$$$$$
Calling Z3str3

current query... 
(declare-const needle_1 String)
(declare-const haystack_2 String)

(assert (not (= (str.at haystack_2 10) needle_1)))
(assert (not (= (str.at haystack_2 9) needle_1)))
(assert (not (= (str.at haystack_2 8) needle_1)))
(assert (not (= (str.at haystack_2 7) needle_1)))
(assert (not (= (str.at haystack_2 6) needle_1)))
(assert (not (= (str.at haystack_2 5) needle_1)))
(assert (not (= (str.at haystack_2 4) needle_1)))
(assert (not (= (str.at haystack_2 3) needle_1)))
(assert (not (= (str.at haystack_2 2) needle_1)))
(assert (not (= (str.at haystack_2 1) needle_1)))
(assert (not (= (str.at haystack_2 0) needle_1)))
(assert (< 10 ( +  (str.len haystack_2) 1)))
(assert (< 9 ( +  (str.len haystack_2) 1)))
(assert (< 8 ( +  (str.len haystack_2) 1)))
(assert (< 7 ( +  (str.len haystack_2) 1)))
(assert (< 6 ( +  (str.len haystack_2) 1)))
(assert (< 5 ( +  (str.len haystack_2) 1)))
(assert (< 4 ( +  (str.len haystack_2) 1)))
(assert (< 3 ( +  (str.len haystack_2) 1)))
(assert (< 2 ( +  (str.len haystack_2) 1)))
(assert (< 1 ( +  (str.len haystack_2) 1)))



======================
(define-fun needle_1 () String
  "L")
(define-fun haystack_2 () String
  "ABCDEFGHIJ")
Returned solutions: 
(define-fun needle_1 () String  "L")
(define-fun haystack_2 () String  "ABCDEFGHIJ")
*************************************
Satisfiable: true
needle_1 => "L"
haystack_2 => "ABCDEFGHIJ"
*************************************

numeric PC: constraint # = 11
CONST_11 >= (Length_0_ + CONST_1) &&
CONST_10 < (Length_0_ + CONST_1) &&
CONST_9 < (Length_0_ + CONST_1) &&
CONST_8 < (Length_0_ + CONST_1) &&
CONST_7 < (Length_0_ + CONST_1) &&
CONST_6 < (Length_0_ + CONST_1) &&
CONST_5 < (Length_0_ + CONST_1) &&
CONST_4 < (Length_0_ + CONST_1) &&
CONST_3 < (Length_0_ + CONST_1) &&
CONST_2 < (Length_0_ + CONST_1) &&
CONST_1 < (Length_0_ + CONST_1) -> true

### PCs: total:34 sat:33 unsat:1

string analysis: SPC # = 11
(.valueof[(CharAt(CONST_10)_11_)] notequals needle_1_SYMSTRING) && (.valueof[(CharAt(CONST_9)_10_)] notequals needle_1_SYMSTRING) && (.valueof[(CharAt(CONST_8)_9_)] notequals needle_1_SYMSTRING) && (.valueof[(CharAt(CONST_7)_8_)] notequals needle_1_SYMSTRING) && (.valueof[(CharAt(CONST_6)_7_)] notequals needle_1_SYMSTRING) && (.valueof[(CharAt(CONST_5)_6_)] notequals needle_1_SYMSTRING) && (.valueof[(CharAt(CONST_4)_5_)] notequals needle_1_SYMSTRING) && (.valueof[(CharAt(CONST_3)_4_)] notequals needle_1_SYMSTRING) && (.valueof[(CharAt(CONST_2)_3_)] notequals needle_1_SYMSTRING) && (.valueof[(CharAt(CONST_1)_2_)] notequals needle_1_SYMSTRING) && (.valueof[(CharAt(CONST_0)_1_)] notequals needle_1_SYMSTRING)
NPC constraint # = 11
CONST_11 >= (Length_0_ + CONST_1) &&
CONST_10 < (Length_0_ + CONST_1) &&
CONST_9 < (Length_0_ + CONST_1) &&
CONST_8 < (Length_0_ + CONST_1) &&
CONST_7 < (Length_0_ + CONST_1) &&
CONST_6 < (Length_0_ + CONST_1) &&
CONST_5 < (Length_0_ + CONST_1) &&
CONST_4 < (Length_0_ + CONST_1) &&
CONST_3 < (Length_0_ + CONST_1) &&
CONST_2 < (Length_0_ + CONST_1) &&
CONST_1 < (Length_0_ + CONST_1)
$$$$$$$$$$$$$$$$$$$$$$$$$$$$$$$$
Calling Z3str3

current query... 
(declare-const needle_1 String)
(declare-const haystack_2 String)

(assert (not (= (str.at haystack_2 10) needle_1)))
(assert (not (= (str.at haystack_2 9) needle_1)))
(assert (not (= (str.at haystack_2 8) needle_1)))
(assert (not (= (str.at haystack_2 7) needle_1)))
(assert (not (= (str.at haystack_2 6) needle_1)))
(assert (not (= (str.at haystack_2 5) needle_1)))
(assert (not (= (str.at haystack_2 4) needle_1)))
(assert (not (= (str.at haystack_2 3) needle_1)))
(assert (not (= (str.at haystack_2 2) needle_1)))
(assert (not (= (str.at haystack_2 1) needle_1)))
(assert (not (= (str.at haystack_2 0) needle_1)))
(assert (>= 11 ( +  (str.len haystack_2) 1)))
(assert (< 10 ( +  (str.len haystack_2) 1)))
(assert (< 9 ( +  (str.len haystack_2) 1)))
(assert (< 8 ( +  (str.len haystack_2) 1)))
(assert (< 7 ( +  (str.len haystack_2) 1)))
(assert (< 6 ( +  (str.len haystack_2) 1)))
(assert (< 5 ( +  (str.len haystack_2) 1)))
(assert (< 4 ( +  (str.len haystack_2) 1)))
(assert (< 3 ( +  (str.len haystack_2) 1)))
(assert (< 2 ( +  (str.len haystack_2) 1)))
(assert (< 1 ( +  (str.len haystack_2) 1)))



======================
(define-fun needle_1 () String
  "L")
(define-fun haystack_2 () String
  "ABCDEFGHIJ")
Returned solutions: 
(define-fun needle_1 () String  "L")
(define-fun haystack_2 () String  "ABCDEFGHIJ")
*************************************
Satisfiable: true
needle_1 => "L"
haystack_2 => "ABCDEFGHIJ"
*************************************

numeric PC: constraint # = 11
CONST_11 < (Length_0_ + CONST_1) &&
CONST_10 < (Length_0_ + CONST_1) &&
CONST_9 < (Length_0_ + CONST_1) &&
CONST_8 < (Length_0_ + CONST_1) &&
CONST_7 < (Length_0_ + CONST_1) &&
CONST_6 < (Length_0_ + CONST_1) &&
CONST_5 < (Length_0_ + CONST_1) &&
CONST_4 < (Length_0_ + CONST_1) &&
CONST_3 < (Length_0_ + CONST_1) &&
CONST_2 < (Length_0_ + CONST_1) &&
CONST_1 < (Length_0_ + CONST_1) -> true

### PCs: total:35 sat:34 unsat:1

string analysis: SPC # = 11
(.valueof[(CharAt(CONST_10)_11_)] notequals needle_1_SYMSTRING) && (.valueof[(CharAt(CONST_9)_10_)] notequals needle_1_SYMSTRING) && (.valueof[(CharAt(CONST_8)_9_)] notequals needle_1_SYMSTRING) && (.valueof[(CharAt(CONST_7)_8_)] notequals needle_1_SYMSTRING) && (.valueof[(CharAt(CONST_6)_7_)] notequals needle_1_SYMSTRING) && (.valueof[(CharAt(CONST_5)_6_)] notequals needle_1_SYMSTRING) && (.valueof[(CharAt(CONST_4)_5_)] notequals needle_1_SYMSTRING) && (.valueof[(CharAt(CONST_3)_4_)] notequals needle_1_SYMSTRING) && (.valueof[(CharAt(CONST_2)_3_)] notequals needle_1_SYMSTRING) && (.valueof[(CharAt(CONST_1)_2_)] notequals needle_1_SYMSTRING) && (.valueof[(CharAt(CONST_0)_1_)] notequals needle_1_SYMSTRING)
NPC constraint # = 11
CONST_11 < (Length_0_ + CONST_1) &&
CONST_10 < (Length_0_ + CONST_1) &&
CONST_9 < (Length_0_ + CONST_1) &&
CONST_8 < (Length_0_ + CONST_1) &&
CONST_7 < (Length_0_ + CONST_1) &&
CONST_6 < (Length_0_ + CONST_1) &&
CONST_5 < (Length_0_ + CONST_1) &&
CONST_4 < (Length_0_ + CONST_1) &&
CONST_3 < (Length_0_ + CONST_1) &&
CONST_2 < (Length_0_ + CONST_1) &&
CONST_1 < (Length_0_ + CONST_1)
$$$$$$$$$$$$$$$$$$$$$$$$$$$$$$$$
Calling Z3str3

current query... 
(declare-const needle_1 String)
(declare-const haystack_2 String)

(assert (not (= (str.at haystack_2 10) needle_1)))
(assert (not (= (str.at haystack_2 9) needle_1)))
(assert (not (= (str.at haystack_2 8) needle_1)))
(assert (not (= (str.at haystack_2 7) needle_1)))
(assert (not (= (str.at haystack_2 6) needle_1)))
(assert (not (= (str.at haystack_2 5) needle_1)))
(assert (not (= (str.at haystack_2 4) needle_1)))
(assert (not (= (str.at haystack_2 3) needle_1)))
(assert (not (= (str.at haystack_2 2) needle_1)))
(assert (not (= (str.at haystack_2 1) needle_1)))
(assert (not (= (str.at haystack_2 0) needle_1)))
(assert (< 11 ( +  (str.len haystack_2) 1)))
(assert (< 10 ( +  (str.len haystack_2) 1)))
(assert (< 9 ( +  (str.len haystack_2) 1)))
(assert (< 8 ( +  (str.len haystack_2) 1)))
(assert (< 7 ( +  (str.len haystack_2) 1)))
(assert (< 6 ( +  (str.len haystack_2) 1)))
(assert (< 5 ( +  (str.len haystack_2) 1)))
(assert (< 4 ( +  (str.len haystack_2) 1)))
(assert (< 3 ( +  (str.len haystack_2) 1)))
(assert (< 2 ( +  (str.len haystack_2) 1)))
(assert (< 1 ( +  (str.len haystack_2) 1)))



======================
(define-fun needle_1 () String
  "LM")
(define-fun haystack_2 () String
  "ABCDEFGHIJK")
Returned solutions: 
(define-fun needle_1 () String  "LM")
(define-fun haystack_2 () String  "ABCDEFGHIJK")
*************************************
Satisfiable: true
needle_1 => "LM"
haystack_2 => "ABCDEFGHIJK"
*************************************

New sym int CharAt(CONST_11)_12_ min=0, max=65535

====================================================== search constraint
depth limit reached: 23

====================================================== snapshot 
thread java.lang.Thread:{id:0,name:main,status:RUNNING,priority:5,isDaemon:false,lockCount:0,suspendCount:0}
  call stack:
	at strings.StringSearch.search_4(StringSearch.java:50)
	at strings.StringSearch.main(StringSearch.java:10)

-1
114514
0

====================================================== search constraint
depth limit reached: 23

====================================================== snapshot 
no live threads
numeric PC: constraint # = 10
CONST_10 < (Length_0_ + CONST_1) &&
CONST_9 < (Length_0_ + CONST_1) &&
CONST_8 < (Length_0_ + CONST_1) &&
CONST_7 < (Length_0_ + CONST_1) &&
CONST_6 < (Length_0_ + CONST_1) &&
CONST_5 < (Length_0_ + CONST_1) &&
CONST_4 < (Length_0_ + CONST_1) &&
CONST_3 < (Length_0_ + CONST_1) &&
CONST_2 < (Length_0_ + CONST_1) &&
CONST_1 < (Length_0_ + CONST_1) -> true

### PCs: total:36 sat:35 unsat:1

string analysis: SPC # = 11
(.valueof[(CharAt(CONST_10)_11_)] equals needle_1_SYMSTRING) && (.valueof[(CharAt(CONST_9)_10_)] notequals needle_1_SYMSTRING) && (.valueof[(CharAt(CONST_8)_9_)] notequals needle_1_SYMSTRING) && (.valueof[(CharAt(CONST_7)_8_)] notequals needle_1_SYMSTRING) && (.valueof[(CharAt(CONST_6)_7_)] notequals needle_1_SYMSTRING) && (.valueof[(CharAt(CONST_5)_6_)] notequals needle_1_SYMSTRING) && (.valueof[(CharAt(CONST_4)_5_)] notequals needle_1_SYMSTRING) && (.valueof[(CharAt(CONST_3)_4_)] notequals needle_1_SYMSTRING) && (.valueof[(CharAt(CONST_2)_3_)] notequals needle_1_SYMSTRING) && (.valueof[(CharAt(CONST_1)_2_)] notequals needle_1_SYMSTRING) && (.valueof[(CharAt(CONST_0)_1_)] notequals needle_1_SYMSTRING)
NPC constraint # = 10
CONST_10 < (Length_0_ + CONST_1) &&
CONST_9 < (Length_0_ + CONST_1) &&
CONST_8 < (Length_0_ + CONST_1) &&
CONST_7 < (Length_0_ + CONST_1) &&
CONST_6 < (Length_0_ + CONST_1) &&
CONST_5 < (Length_0_ + CONST_1) &&
CONST_4 < (Length_0_ + CONST_1) &&
CONST_3 < (Length_0_ + CONST_1) &&
CONST_2 < (Length_0_ + CONST_1) &&
CONST_1 < (Length_0_ + CONST_1)
$$$$$$$$$$$$$$$$$$$$$$$$$$$$$$$$
Calling Z3str3

current query... 
(declare-const needle_1 String)
(declare-const haystack_2 String)

(assert (= (str.at haystack_2 10) needle_1))
(assert (not (= (str.at haystack_2 9) needle_1)))
(assert (not (= (str.at haystack_2 8) needle_1)))
(assert (not (= (str.at haystack_2 7) needle_1)))
(assert (not (= (str.at haystack_2 6) needle_1)))
(assert (not (= (str.at haystack_2 5) needle_1)))
(assert (not (= (str.at haystack_2 4) needle_1)))
(assert (not (= (str.at haystack_2 3) needle_1)))
(assert (not (= (str.at haystack_2 2) needle_1)))
(assert (not (= (str.at haystack_2 1) needle_1)))
(assert (not (= (str.at haystack_2 0) needle_1)))
(assert (< 10 ( +  (str.len haystack_2) 1)))
(assert (< 9 ( +  (str.len haystack_2) 1)))
(assert (< 8 ( +  (str.len haystack_2) 1)))
(assert (< 7 ( +  (str.len haystack_2) 1)))
(assert (< 6 ( +  (str.len haystack_2) 1)))
(assert (< 5 ( +  (str.len haystack_2) 1)))
(assert (< 4 ( +  (str.len haystack_2) 1)))
(assert (< 3 ( +  (str.len haystack_2) 1)))
(assert (< 2 ( +  (str.len haystack_2) 1)))
(assert (< 1 ( +  (str.len haystack_2) 1)))



======================
(define-fun haystack_2 () String
  "ABCDEFGHIJ")
(define-fun needle_1 () String
  "")
Returned solutions: 
(define-fun haystack_2 () String  "ABCDEFGHIJ")
(define-fun needle_1 () String  "")
*************************************
Satisfiable: true
needle_1 => ""
haystack_2 => "ABCDEFGHIJ"
*************************************

10
114514
0
-1
114514
0
numeric PC: constraint # = 9
CONST_9 < (Length_0_ + CONST_1) &&
CONST_8 < (Length_0_ + CONST_1) &&
CONST_7 < (Length_0_ + CONST_1) &&
CONST_6 < (Length_0_ + CONST_1) &&
CONST_5 < (Length_0_ + CONST_1) &&
CONST_4 < (Length_0_ + CONST_1) &&
CONST_3 < (Length_0_ + CONST_1) &&
CONST_2 < (Length_0_ + CONST_1) &&
CONST_1 < (Length_0_ + CONST_1) -> true

### PCs: total:37 sat:36 unsat:1

string analysis: SPC # = 10
(.valueof[(CharAt(CONST_9)_10_)] equals needle_1_SYMSTRING) && (.valueof[(CharAt(CONST_8)_9_)] notequals needle_1_SYMSTRING) && (.valueof[(CharAt(CONST_7)_8_)] notequals needle_1_SYMSTRING) && (.valueof[(CharAt(CONST_6)_7_)] notequals needle_1_SYMSTRING) && (.valueof[(CharAt(CONST_5)_6_)] notequals needle_1_SYMSTRING) && (.valueof[(CharAt(CONST_4)_5_)] notequals needle_1_SYMSTRING) && (.valueof[(CharAt(CONST_3)_4_)] notequals needle_1_SYMSTRING) && (.valueof[(CharAt(CONST_2)_3_)] notequals needle_1_SYMSTRING) && (.valueof[(CharAt(CONST_1)_2_)] notequals needle_1_SYMSTRING) && (.valueof[(CharAt(CONST_0)_1_)] notequals needle_1_SYMSTRING)
NPC constraint # = 9
CONST_9 < (Length_0_ + CONST_1) &&
CONST_8 < (Length_0_ + CONST_1) &&
CONST_7 < (Length_0_ + CONST_1) &&
CONST_6 < (Length_0_ + CONST_1) &&
CONST_5 < (Length_0_ + CONST_1) &&
CONST_4 < (Length_0_ + CONST_1) &&
CONST_3 < (Length_0_ + CONST_1) &&
CONST_2 < (Length_0_ + CONST_1) &&
CONST_1 < (Length_0_ + CONST_1)
$$$$$$$$$$$$$$$$$$$$$$$$$$$$$$$$
Calling Z3str3

current query... 
(declare-const needle_1 String)
(declare-const haystack_2 String)

(assert (= (str.at haystack_2 9) needle_1))
(assert (not (= (str.at haystack_2 8) needle_1)))
(assert (not (= (str.at haystack_2 7) needle_1)))
(assert (not (= (str.at haystack_2 6) needle_1)))
(assert (not (= (str.at haystack_2 5) needle_1)))
(assert (not (= (str.at haystack_2 4) needle_1)))
(assert (not (= (str.at haystack_2 3) needle_1)))
(assert (not (= (str.at haystack_2 2) needle_1)))
(assert (not (= (str.at haystack_2 1) needle_1)))
(assert (not (= (str.at haystack_2 0) needle_1)))
(assert (< 9 ( +  (str.len haystack_2) 1)))
(assert (< 8 ( +  (str.len haystack_2) 1)))
(assert (< 7 ( +  (str.len haystack_2) 1)))
(assert (< 6 ( +  (str.len haystack_2) 1)))
(assert (< 5 ( +  (str.len haystack_2) 1)))
(assert (< 4 ( +  (str.len haystack_2) 1)))
(assert (< 3 ( +  (str.len haystack_2) 1)))
(assert (< 2 ( +  (str.len haystack_2) 1)))
(assert (< 1 ( +  (str.len haystack_2) 1)))



======================
(define-fun haystack_2 () String
  "ABCDEFGHI")
(define-fun needle_1 () String
  "")
Returned solutions: 
(define-fun haystack_2 () String  "ABCDEFGHI")
(define-fun needle_1 () String  "")
*************************************
Satisfiable: true
needle_1 => ""
haystack_2 => "ABCDEFGHI"
*************************************

9
114514
0
-1
114514
0
numeric PC: constraint # = 8
CONST_8 < (Length_0_ + CONST_1) &&
CONST_7 < (Length_0_ + CONST_1) &&
CONST_6 < (Length_0_ + CONST_1) &&
CONST_5 < (Length_0_ + CONST_1) &&
CONST_4 < (Length_0_ + CONST_1) &&
CONST_3 < (Length_0_ + CONST_1) &&
CONST_2 < (Length_0_ + CONST_1) &&
CONST_1 < (Length_0_ + CONST_1) -> true

### PCs: total:38 sat:37 unsat:1

string analysis: SPC # = 9
(.valueof[(CharAt(CONST_8)_9_)] equals needle_1_SYMSTRING) && (.valueof[(CharAt(CONST_7)_8_)] notequals needle_1_SYMSTRING) && (.valueof[(CharAt(CONST_6)_7_)] notequals needle_1_SYMSTRING) && (.valueof[(CharAt(CONST_5)_6_)] notequals needle_1_SYMSTRING) && (.valueof[(CharAt(CONST_4)_5_)] notequals needle_1_SYMSTRING) && (.valueof[(CharAt(CONST_3)_4_)] notequals needle_1_SYMSTRING) && (.valueof[(CharAt(CONST_2)_3_)] notequals needle_1_SYMSTRING) && (.valueof[(CharAt(CONST_1)_2_)] notequals needle_1_SYMSTRING) && (.valueof[(CharAt(CONST_0)_1_)] notequals needle_1_SYMSTRING)
NPC constraint # = 8
CONST_8 < (Length_0_ + CONST_1) &&
CONST_7 < (Length_0_ + CONST_1) &&
CONST_6 < (Length_0_ + CONST_1) &&
CONST_5 < (Length_0_ + CONST_1) &&
CONST_4 < (Length_0_ + CONST_1) &&
CONST_3 < (Length_0_ + CONST_1) &&
CONST_2 < (Length_0_ + CONST_1) &&
CONST_1 < (Length_0_ + CONST_1)
$$$$$$$$$$$$$$$$$$$$$$$$$$$$$$$$
Calling Z3str3

current query... 
(declare-const needle_1 String)
(declare-const haystack_2 String)

(assert (= (str.at haystack_2 8) needle_1))
(assert (not (= (str.at haystack_2 7) needle_1)))
(assert (not (= (str.at haystack_2 6) needle_1)))
(assert (not (= (str.at haystack_2 5) needle_1)))
(assert (not (= (str.at haystack_2 4) needle_1)))
(assert (not (= (str.at haystack_2 3) needle_1)))
(assert (not (= (str.at haystack_2 2) needle_1)))
(assert (not (= (str.at haystack_2 1) needle_1)))
(assert (not (= (str.at haystack_2 0) needle_1)))
(assert (< 8 ( +  (str.len haystack_2) 1)))
(assert (< 7 ( +  (str.len haystack_2) 1)))
(assert (< 6 ( +  (str.len haystack_2) 1)))
(assert (< 5 ( +  (str.len haystack_2) 1)))
(assert (< 4 ( +  (str.len haystack_2) 1)))
(assert (< 3 ( +  (str.len haystack_2) 1)))
(assert (< 2 ( +  (str.len haystack_2) 1)))
(assert (< 1 ( +  (str.len haystack_2) 1)))



======================
(define-fun haystack_2 () String
  "ABCDEFGH")
(define-fun needle_1 () String
  "")
Returned solutions: 
(define-fun haystack_2 () String  "ABCDEFGH")
(define-fun needle_1 () String  "")
*************************************
Satisfiable: true
needle_1 => ""
haystack_2 => "ABCDEFGH"
*************************************

8
114514
0
-1
114514
0
numeric PC: constraint # = 7
CONST_7 < (Length_0_ + CONST_1) &&
CONST_6 < (Length_0_ + CONST_1) &&
CONST_5 < (Length_0_ + CONST_1) &&
CONST_4 < (Length_0_ + CONST_1) &&
CONST_3 < (Length_0_ + CONST_1) &&
CONST_2 < (Length_0_ + CONST_1) &&
CONST_1 < (Length_0_ + CONST_1) -> true

### PCs: total:39 sat:38 unsat:1

string analysis: SPC # = 8
(.valueof[(CharAt(CONST_7)_8_)] equals needle_1_SYMSTRING) && (.valueof[(CharAt(CONST_6)_7_)] notequals needle_1_SYMSTRING) && (.valueof[(CharAt(CONST_5)_6_)] notequals needle_1_SYMSTRING) && (.valueof[(CharAt(CONST_4)_5_)] notequals needle_1_SYMSTRING) && (.valueof[(CharAt(CONST_3)_4_)] notequals needle_1_SYMSTRING) && (.valueof[(CharAt(CONST_2)_3_)] notequals needle_1_SYMSTRING) && (.valueof[(CharAt(CONST_1)_2_)] notequals needle_1_SYMSTRING) && (.valueof[(CharAt(CONST_0)_1_)] notequals needle_1_SYMSTRING)
NPC constraint # = 7
CONST_7 < (Length_0_ + CONST_1) &&
CONST_6 < (Length_0_ + CONST_1) &&
CONST_5 < (Length_0_ + CONST_1) &&
CONST_4 < (Length_0_ + CONST_1) &&
CONST_3 < (Length_0_ + CONST_1) &&
CONST_2 < (Length_0_ + CONST_1) &&
CONST_1 < (Length_0_ + CONST_1)
$$$$$$$$$$$$$$$$$$$$$$$$$$$$$$$$
Calling Z3str3

current query... 
(declare-const needle_1 String)
(declare-const haystack_2 String)

(assert (= (str.at haystack_2 7) needle_1))
(assert (not (= (str.at haystack_2 6) needle_1)))
(assert (not (= (str.at haystack_2 5) needle_1)))
(assert (not (= (str.at haystack_2 4) needle_1)))
(assert (not (= (str.at haystack_2 3) needle_1)))
(assert (not (= (str.at haystack_2 2) needle_1)))
(assert (not (= (str.at haystack_2 1) needle_1)))
(assert (not (= (str.at haystack_2 0) needle_1)))
(assert (< 7 ( +  (str.len haystack_2) 1)))
(assert (< 6 ( +  (str.len haystack_2) 1)))
(assert (< 5 ( +  (str.len haystack_2) 1)))
(assert (< 4 ( +  (str.len haystack_2) 1)))
(assert (< 3 ( +  (str.len haystack_2) 1)))
(assert (< 2 ( +  (str.len haystack_2) 1)))
(assert (< 1 ( +  (str.len haystack_2) 1)))



======================
(define-fun haystack_2 () String
  "ABCDEFG")
(define-fun needle_1 () String
  "")
Returned solutions: 
(define-fun haystack_2 () String  "ABCDEFG")
(define-fun needle_1 () String  "")
*************************************
Satisfiable: true
needle_1 => ""
haystack_2 => "ABCDEFG"
*************************************

7
114514
0
-1
114514
0
numeric PC: constraint # = 6
CONST_6 < (Length_0_ + CONST_1) &&
CONST_5 < (Length_0_ + CONST_1) &&
CONST_4 < (Length_0_ + CONST_1) &&
CONST_3 < (Length_0_ + CONST_1) &&
CONST_2 < (Length_0_ + CONST_1) &&
CONST_1 < (Length_0_ + CONST_1) -> true

### PCs: total:40 sat:39 unsat:1

string analysis: SPC # = 7
(.valueof[(CharAt(CONST_6)_7_)] equals needle_1_SYMSTRING) && (.valueof[(CharAt(CONST_5)_6_)] notequals needle_1_SYMSTRING) && (.valueof[(CharAt(CONST_4)_5_)] notequals needle_1_SYMSTRING) && (.valueof[(CharAt(CONST_3)_4_)] notequals needle_1_SYMSTRING) && (.valueof[(CharAt(CONST_2)_3_)] notequals needle_1_SYMSTRING) && (.valueof[(CharAt(CONST_1)_2_)] notequals needle_1_SYMSTRING) && (.valueof[(CharAt(CONST_0)_1_)] notequals needle_1_SYMSTRING)
NPC constraint # = 6
CONST_6 < (Length_0_ + CONST_1) &&
CONST_5 < (Length_0_ + CONST_1) &&
CONST_4 < (Length_0_ + CONST_1) &&
CONST_3 < (Length_0_ + CONST_1) &&
CONST_2 < (Length_0_ + CONST_1) &&
CONST_1 < (Length_0_ + CONST_1)
$$$$$$$$$$$$$$$$$$$$$$$$$$$$$$$$
Calling Z3str3

current query... 
(declare-const needle_1 String)
(declare-const haystack_2 String)

(assert (= (str.at haystack_2 6) needle_1))
(assert (not (= (str.at haystack_2 5) needle_1)))
(assert (not (= (str.at haystack_2 4) needle_1)))
(assert (not (= (str.at haystack_2 3) needle_1)))
(assert (not (= (str.at haystack_2 2) needle_1)))
(assert (not (= (str.at haystack_2 1) needle_1)))
(assert (not (= (str.at haystack_2 0) needle_1)))
(assert (< 6 ( +  (str.len haystack_2) 1)))
(assert (< 5 ( +  (str.len haystack_2) 1)))
(assert (< 4 ( +  (str.len haystack_2) 1)))
(assert (< 3 ( +  (str.len haystack_2) 1)))
(assert (< 2 ( +  (str.len haystack_2) 1)))
(assert (< 1 ( +  (str.len haystack_2) 1)))



======================
(define-fun haystack_2 () String
  "ABCDEF")
(define-fun needle_1 () String
  "")
Returned solutions: 
(define-fun haystack_2 () String  "ABCDEF")
(define-fun needle_1 () String  "")
*************************************
Satisfiable: true
needle_1 => ""
haystack_2 => "ABCDEF"
*************************************

6
114514
0
-1
114514
0
numeric PC: constraint # = 5
CONST_5 < (Length_0_ + CONST_1) &&
CONST_4 < (Length_0_ + CONST_1) &&
CONST_3 < (Length_0_ + CONST_1) &&
CONST_2 < (Length_0_ + CONST_1) &&
CONST_1 < (Length_0_ + CONST_1) -> true

### PCs: total:41 sat:40 unsat:1

string analysis: SPC # = 6
(.valueof[(CharAt(CONST_5)_6_)] equals needle_1_SYMSTRING) && (.valueof[(CharAt(CONST_4)_5_)] notequals needle_1_SYMSTRING) && (.valueof[(CharAt(CONST_3)_4_)] notequals needle_1_SYMSTRING) && (.valueof[(CharAt(CONST_2)_3_)] notequals needle_1_SYMSTRING) && (.valueof[(CharAt(CONST_1)_2_)] notequals needle_1_SYMSTRING) && (.valueof[(CharAt(CONST_0)_1_)] notequals needle_1_SYMSTRING)
NPC constraint # = 5
CONST_5 < (Length_0_ + CONST_1) &&
CONST_4 < (Length_0_ + CONST_1) &&
CONST_3 < (Length_0_ + CONST_1) &&
CONST_2 < (Length_0_ + CONST_1) &&
CONST_1 < (Length_0_ + CONST_1)
$$$$$$$$$$$$$$$$$$$$$$$$$$$$$$$$
Calling Z3str3

current query... 
(declare-const needle_1 String)
(declare-const haystack_2 String)

(assert (= (str.at haystack_2 5) needle_1))
(assert (not (= (str.at haystack_2 4) needle_1)))
(assert (not (= (str.at haystack_2 3) needle_1)))
(assert (not (= (str.at haystack_2 2) needle_1)))
(assert (not (= (str.at haystack_2 1) needle_1)))
(assert (not (= (str.at haystack_2 0) needle_1)))
(assert (< 5 ( +  (str.len haystack_2) 1)))
(assert (< 4 ( +  (str.len haystack_2) 1)))
(assert (< 3 ( +  (str.len haystack_2) 1)))
(assert (< 2 ( +  (str.len haystack_2) 1)))
(assert (< 1 ( +  (str.len haystack_2) 1)))



======================
(define-fun haystack_2 () String
  "ABCDE")
(define-fun needle_1 () String
  "")
Returned solutions: 
(define-fun haystack_2 () String  "ABCDE")
(define-fun needle_1 () String  "")
*************************************
Satisfiable: true
needle_1 => ""
haystack_2 => "ABCDE"
*************************************

5
114514
0
-1
114514
0
numeric PC: constraint # = 4
CONST_4 < (Length_0_ + CONST_1) &&
CONST_3 < (Length_0_ + CONST_1) &&
CONST_2 < (Length_0_ + CONST_1) &&
CONST_1 < (Length_0_ + CONST_1) -> true

### PCs: total:42 sat:41 unsat:1

string analysis: SPC # = 5
(.valueof[(CharAt(CONST_4)_5_)] equals needle_1_SYMSTRING) && (.valueof[(CharAt(CONST_3)_4_)] notequals needle_1_SYMSTRING) && (.valueof[(CharAt(CONST_2)_3_)] notequals needle_1_SYMSTRING) && (.valueof[(CharAt(CONST_1)_2_)] notequals needle_1_SYMSTRING) && (.valueof[(CharAt(CONST_0)_1_)] notequals needle_1_SYMSTRING)
NPC constraint # = 4
CONST_4 < (Length_0_ + CONST_1) &&
CONST_3 < (Length_0_ + CONST_1) &&
CONST_2 < (Length_0_ + CONST_1) &&
CONST_1 < (Length_0_ + CONST_1)
$$$$$$$$$$$$$$$$$$$$$$$$$$$$$$$$
Calling Z3str3

current query... 
(declare-const needle_1 String)
(declare-const haystack_2 String)

(assert (= (str.at haystack_2 4) needle_1))
(assert (not (= (str.at haystack_2 3) needle_1)))
(assert (not (= (str.at haystack_2 2) needle_1)))
(assert (not (= (str.at haystack_2 1) needle_1)))
(assert (not (= (str.at haystack_2 0) needle_1)))
(assert (< 4 ( +  (str.len haystack_2) 1)))
(assert (< 3 ( +  (str.len haystack_2) 1)))
(assert (< 2 ( +  (str.len haystack_2) 1)))
(assert (< 1 ( +  (str.len haystack_2) 1)))



======================
(define-fun haystack_2 () String
  "ABCD")
(define-fun needle_1 () String
  "")
Returned solutions: 
(define-fun haystack_2 () String  "ABCD")
(define-fun needle_1 () String  "")
*************************************
Satisfiable: true
needle_1 => ""
haystack_2 => "ABCD"
*************************************

4
114514
0
-1
114514
0
numeric PC: constraint # = 3
CONST_3 < (Length_0_ + CONST_1) &&
CONST_2 < (Length_0_ + CONST_1) &&
CONST_1 < (Length_0_ + CONST_1) -> true

### PCs: total:43 sat:42 unsat:1

string analysis: SPC # = 4
(.valueof[(CharAt(CONST_3)_4_)] equals needle_1_SYMSTRING) && (.valueof[(CharAt(CONST_2)_3_)] notequals needle_1_SYMSTRING) && (.valueof[(CharAt(CONST_1)_2_)] notequals needle_1_SYMSTRING) && (.valueof[(CharAt(CONST_0)_1_)] notequals needle_1_SYMSTRING)
NPC constraint # = 3
CONST_3 < (Length_0_ + CONST_1) &&
CONST_2 < (Length_0_ + CONST_1) &&
CONST_1 < (Length_0_ + CONST_1)
$$$$$$$$$$$$$$$$$$$$$$$$$$$$$$$$
Calling Z3str3

current query... 
(declare-const needle_1 String)
(declare-const haystack_2 String)

(assert (= (str.at haystack_2 3) needle_1))
(assert (not (= (str.at haystack_2 2) needle_1)))
(assert (not (= (str.at haystack_2 1) needle_1)))
(assert (not (= (str.at haystack_2 0) needle_1)))
(assert (< 3 ( +  (str.len haystack_2) 1)))
(assert (< 2 ( +  (str.len haystack_2) 1)))
(assert (< 1 ( +  (str.len haystack_2) 1)))



======================
(define-fun haystack_2 () String
  "ABC")
(define-fun needle_1 () String
  "")
Returned solutions: 
(define-fun haystack_2 () String  "ABC")
(define-fun needle_1 () String  "")
*************************************
Satisfiable: true
needle_1 => ""
haystack_2 => "ABC"
*************************************

3
114514
0
-1
114514
0
numeric PC: constraint # = 2
CONST_2 < (Length_0_ + CONST_1) &&
CONST_1 < (Length_0_ + CONST_1) -> true

### PCs: total:44 sat:43 unsat:1

string analysis: SPC # = 3
(.valueof[(CharAt(CONST_2)_3_)] equals needle_1_SYMSTRING) && (.valueof[(CharAt(CONST_1)_2_)] notequals needle_1_SYMSTRING) && (.valueof[(CharAt(CONST_0)_1_)] notequals needle_1_SYMSTRING)
NPC constraint # = 2
CONST_2 < (Length_0_ + CONST_1) &&
CONST_1 < (Length_0_ + CONST_1)
$$$$$$$$$$$$$$$$$$$$$$$$$$$$$$$$
Calling Z3str3

current query... 
(declare-const needle_1 String)
(declare-const haystack_2 String)

(assert (= (str.at haystack_2 2) needle_1))
(assert (not (= (str.at haystack_2 1) needle_1)))
(assert (not (= (str.at haystack_2 0) needle_1)))
(assert (< 2 ( +  (str.len haystack_2) 1)))
(assert (< 1 ( +  (str.len haystack_2) 1)))



======================
(define-fun haystack_2 () String
  "AB")
(define-fun needle_1 () String
  "")
Returned solutions: 
(define-fun haystack_2 () String  "AB")
(define-fun needle_1 () String  "")
*************************************
Satisfiable: true
needle_1 => ""
haystack_2 => "AB"
*************************************

2
114514
0
-1
114514
0
numeric PC: constraint # = 1
CONST_1 < (Length_0_ + CONST_1) -> true

### PCs: total:45 sat:44 unsat:1

string analysis: SPC # = 2
(.valueof[(CharAt(CONST_1)_2_)] equals needle_1_SYMSTRING) && (.valueof[(CharAt(CONST_0)_1_)] notequals needle_1_SYMSTRING)
NPC constraint # = 1
CONST_1 < (Length_0_ + CONST_1)
$$$$$$$$$$$$$$$$$$$$$$$$$$$$$$$$
Calling Z3str3

current query... 
(declare-const needle_1 String)
(declare-const haystack_2 String)

(assert (= (str.at haystack_2 1) needle_1))
(assert (not (= (str.at haystack_2 0) needle_1)))
(assert (< 1 ( +  (str.len haystack_2) 1)))



======================
(define-fun haystack_2 () String
  "A")
(define-fun needle_1 () String
  "")
Returned solutions: 
(define-fun haystack_2 () String  "A")
(define-fun needle_1 () String  "")
*************************************
Satisfiable: true
needle_1 => ""
haystack_2 => "A"
*************************************

1
114514
0
-1
114514
0
## Warning: empty path condition
### PCs: total:46 sat:45 unsat:1

string analysis: SPC # = 1
(.valueof[(CharAt(CONST_0)_1_)] equals needle_1_SYMSTRING)
NPC constraint # = 0
$$$$$$$$$$$$$$$$$$$$$$$$$$$$$$$$
Calling Z3str3

current query... 
(declare-const needle_1 String)
(declare-const haystack_2 String)

(assert (= (str.at haystack_2 0) needle_1))




======================
(define-fun haystack_2 () String
  "")
(define-fun needle_1 () String
  "")
Returned solutions: 
(define-fun haystack_2 () String  "")
(define-fun needle_1 () String  "")
*************************************
Satisfiable: true
needle_1 => ""
haystack_2 => ""
*************************************

0
114514
0

====================================================== results
no errors detected

====================================================== statistics
elapsed time:       00:00:00
states:             new=45,visited=0,backtracked=45,end=22
search:             maxDepth=23,constraints=2
choice generators:  thread=1 (signal=0,lock=1,sharedRef=0,threadApi=0,reschedule=0), data=22
heap:               new=1208,released=750,maxLive=458,gcCycles=45
instructions:       21668
max memory:         477MB
loaded code:        classes=83,methods=1773

====================================================== search finished: 9/4/25 1:55 PM
Runtime(ms) :1081