Running Symbolic PathFinder ...
symbolic.dp=choco
symbolic.dp_timeout_ms=5000
symbolic.string_dp_timeout_ms=0
symbolic.string_dp_alpha=A-Z
symbolic.string_dp_alphaSize=26
symbolic.string_dp_upper=10
symbolic.string_dp_lower=1
symbolic.string_dp=z3str3
symbolic.max_pc_length=2147483647
symbolic.max_pc_msec=0
symbolic.bvlength=32
symbolic.min_int=-2147483648
symbolic.min_long=-9223372036854775808
symbolic.min_short=-32768
symbolic.min_byte=-128
symbolic.min_char=0
symbolic.max_int=2147483647
symbolic.max_long=9223372036854775807
symbolic.max_short=32767
symbolic.max_byte=127
symbolic.max_char=65535
symbolic.min_double=-1.7976931348623157E308
symbolic.max_double=1.7976931348623157E308
JavaPathfinder core system v8.0 (rev da1abb1a52627d8934f0dfe65185834308c83b19) - (C) 2005-2014 United States Government. All rights reserved.


====================================================== system under test
strings.StringSearch.main()

====================================================== search started: 11/5/25 10:23 AM
0
test: This is a tttest haystack string for testing.
test This is a tttest haystack string for testing.
0
New sym int needle_1_SYMSTRING.length min=-2147483648, max=2147483647
New sym int haystack_2_SYMSTRING.length min=-2147483648, max=2147483647
New sym int Length_0_ min=0, max=125
New sym int Length_1_ min=0, max=125
numeric PC: constraint # = 1
Length_0_ >= (Length_1_ + CONST_1) -> true

### PCs: total:1 sat:1 unsat:0

numeric PC: constraint # = 1
Length_0_ < (Length_1_ + CONST_1) -> true

### PCs: total:2 sat:2 unsat:0

numeric PC: constraint # = 2
Length_1_ >= Length_0_ &&
Length_0_ < (Length_1_ + CONST_1) -> true

### PCs: total:3 sat:3 unsat:0

numeric PC: constraint # = 2
Length_1_[-9223372036854775808] >= Length_0_[-9223372036854775808] &&
Length_0_[-9223372036854775808] < (Length_1_[-9223372036854775808] + CONST_1) -> true

### PCs: total:4 sat:4 unsat:0

string analysis: SPC # = 1
(.substring[(haystack_2_SYMSTRING)((Length_0_[-9223372036854775808] + CONST_1))(CONST_0)] notequals needle_1_SYMSTRING)
NPC constraint # = 2
Length_1_[-9223372036854775808] >= Length_0_[-9223372036854775808] &&
Length_0_[-9223372036854775808] < (Length_1_[-9223372036854775808] + CONST_1)
$$$$$$$$$$$$$$$$$$$$$$$$$$$$$$$$
Calling Z3str3

current query... 
(declare-const needle_1 String)
(declare-const haystack_2 String)

(assert (not (= (str.substr haystack_2 0 (- ( +  (str.len needle_1) 1) 0)) needle_1)))
(assert (>= (str.len haystack_2) (str.len needle_1)))
(assert (< (str.len needle_1) ( +  (str.len haystack_2) 1)))



======================
(define-fun needle_1 () String
  "")
(define-fun haystack_2 () String
  "BA")
Returned solutions: 
(define-fun needle_1 () String  "")
(define-fun haystack_2 () String  "BA")
*************************************
Satisfiable: true
needle_1 => ""
haystack_2 => "BA"
*************************************

numeric PC: constraint # = 3
(Length_0_ + CONST_1) >= (Length_1_ + CONST_1) &&
Length_1_ >= Length_0_ &&
Length_0_ < (Length_1_ + CONST_1) -> true

### PCs: total:5 sat:5 unsat:0

string analysis: SPC # = 1
(.substring[(haystack_2_SYMSTRING)((Length_0_ + CONST_1))(CONST_0)] notequals needle_1_SYMSTRING)
NPC constraint # = 3
(Length_0_ + CONST_1) >= (Length_1_ + CONST_1) &&
Length_1_ >= Length_0_ &&
Length_0_ < (Length_1_ + CONST_1)
$$$$$$$$$$$$$$$$$$$$$$$$$$$$$$$$
Calling Z3str3

current query... 
(declare-const needle_1 String)
(declare-const haystack_2 String)

(assert (not (= (str.substr haystack_2 0 (- ( +  (str.len needle_1) 1) 0)) needle_1)))
(assert (>= ( +  (str.len needle_1) 1) ( +  (str.len haystack_2) 1)))
(assert (>= (str.len haystack_2) (str.len needle_1)))
(assert (< (str.len needle_1) ( +  (str.len haystack_2) 1)))



======================
(define-fun needle_1 () String
  "A")
(define-fun haystack_2 () String
  "B")
Returned solutions: 
(define-fun needle_1 () String  "A")
(define-fun haystack_2 () String  "B")
*************************************
Satisfiable: true
needle_1 => "A"
haystack_2 => "B"
*************************************

numeric PC: constraint # = 3
(Length_0_ + CONST_1) < (Length_1_ + CONST_1) &&
Length_1_ >= Length_0_ &&
Length_0_ < (Length_1_ + CONST_1) -> true

### PCs: total:6 sat:6 unsat:0

string analysis: SPC # = 1
(.substring[(haystack_2_SYMSTRING)((Length_0_ + CONST_1))(CONST_0)] notequals needle_1_SYMSTRING)
NPC constraint # = 3
(Length_0_ + CONST_1) < (Length_1_ + CONST_1) &&
Length_1_ >= Length_0_ &&
Length_0_ < (Length_1_ + CONST_1)
$$$$$$$$$$$$$$$$$$$$$$$$$$$$$$$$
Calling Z3str3

current query... 
(declare-const needle_1 String)
(declare-const haystack_2 String)

(assert (not (= (str.substr haystack_2 0 (- ( +  (str.len needle_1) 1) 0)) needle_1)))
(assert (< ( +  (str.len needle_1) 1) ( +  (str.len haystack_2) 1)))
(assert (>= (str.len haystack_2) (str.len needle_1)))
(assert (< (str.len needle_1) ( +  (str.len haystack_2) 1)))



======================
(define-fun needle_1 () String
  "")
(define-fun haystack_2 () String
  "BA")
Returned solutions: 
(define-fun needle_1 () String  "")
(define-fun haystack_2 () String  "BA")
*************************************
Satisfiable: true
needle_1 => ""
haystack_2 => "BA"
*************************************

numeric PC: constraint # = 4
Length_1_ >= (Length_0_ + CONST_1) &&
(Length_0_ + CONST_1) < (Length_1_ + CONST_1) &&
Length_1_ >= Length_0_ &&
Length_0_ < (Length_1_ + CONST_1) -> true

### PCs: total:7 sat:7 unsat:0

string analysis: SPC # = 1
(.substring[(haystack_2_SYMSTRING)((Length_0_ + CONST_1))(CONST_0)] notequals needle_1_SYMSTRING)
NPC constraint # = 4
Length_1_ >= (Length_0_ + CONST_1) &&
(Length_0_ + CONST_1) < (Length_1_ + CONST_1) &&
Length_1_ >= Length_0_ &&
Length_0_ < (Length_1_ + CONST_1)
$$$$$$$$$$$$$$$$$$$$$$$$$$$$$$$$
Calling Z3str3

current query... 
(declare-const needle_1 String)
(declare-const haystack_2 String)

(assert (not (= (str.substr haystack_2 0 (- ( +  (str.len needle_1) 1) 0)) needle_1)))
(assert (>= (str.len haystack_2) ( +  (str.len needle_1) 1)))
(assert (< ( +  (str.len needle_1) 1) ( +  (str.len haystack_2) 1)))
(assert (>= (str.len haystack_2) (str.len needle_1)))
(assert (< (str.len needle_1) ( +  (str.len haystack_2) 1)))



======================
(define-fun needle_1 () String
  "")
(define-fun haystack_2 () String
  "BA")
Returned solutions: 
(define-fun needle_1 () String  "")
(define-fun haystack_2 () String  "BA")
*************************************
Satisfiable: true
needle_1 => ""
haystack_2 => "BA"
*************************************

numeric PC: constraint # = 4
Length_1_[-9223372036854775808] >= (Length_0_[-9223372036854775808] + CONST_1) &&
(Length_0_[-9223372036854775808] + CONST_1) < (Length_1_[-9223372036854775808] + CONST_1) &&
Length_1_[-9223372036854775808] >= Length_0_[-9223372036854775808] &&
Length_0_[-9223372036854775808] < (Length_1_[-9223372036854775808] + CONST_1) -> true

### PCs: total:8 sat:8 unsat:0

string analysis: SPC # = 2
(.substring[(haystack_2_SYMSTRING)(((Length_0_[-9223372036854775808] + CONST_1) + CONST_1))(CONST_1)] notequals needle_1_SYMSTRING) && (.substring[(haystack_2_SYMSTRING)((Length_0_[-9223372036854775808] + CONST_1))(CONST_0)] notequals needle_1_SYMSTRING)
NPC constraint # = 4
Length_1_[-9223372036854775808] >= (Length_0_[-9223372036854775808] + CONST_1) &&
(Length_0_[-9223372036854775808] + CONST_1) < (Length_1_[-9223372036854775808] + CONST_1) &&
Length_1_[-9223372036854775808] >= Length_0_[-9223372036854775808] &&
Length_0_[-9223372036854775808] < (Length_1_[-9223372036854775808] + CONST_1)
$$$$$$$$$$$$$$$$$$$$$$$$$$$$$$$$
Calling Z3str3

current query... 
(declare-const needle_1 String)
(declare-const haystack_2 String)

(assert (not (= (str.substr haystack_2 1 (- ( +  ( +  (str.len needle_1) 1) 1) 1)) needle_1)))
(assert (not (= (str.substr haystack_2 0 (- ( +  (str.len needle_1) 1) 0)) needle_1)))
(assert (>= (str.len haystack_2) ( +  (str.len needle_1) 1)))
(assert (< ( +  (str.len needle_1) 1) ( +  (str.len haystack_2) 1)))
(assert (>= (str.len haystack_2) (str.len needle_1)))
(assert (< (str.len needle_1) ( +  (str.len haystack_2) 1)))



======================
(define-fun needle_1 () String
  "")
(define-fun haystack_2 () String
  "ABC")
Returned solutions: 
(define-fun needle_1 () String  "")
(define-fun haystack_2 () String  "ABC")
*************************************
Satisfiable: true
needle_1 => ""
haystack_2 => "ABC"
*************************************

numeric PC: constraint # = 5
(Length_0_ + CONST_2) >= (Length_1_ + CONST_1) &&
Length_1_ >= (Length_0_ + CONST_1) &&
(Length_0_ + CONST_1) < (Length_1_ + CONST_1) &&
Length_1_ >= Length_0_ &&
Length_0_ < (Length_1_ + CONST_1) -> true

### PCs: total:9 sat:9 unsat:0

string analysis: SPC # = 2
(.substring[(haystack_2_SYMSTRING)(((Length_0_ + CONST_1) + CONST_1))(CONST_1)] notequals needle_1_SYMSTRING) && (.substring[(haystack_2_SYMSTRING)((Length_0_ + CONST_1))(CONST_0)] notequals needle_1_SYMSTRING)
NPC constraint # = 5
(Length_0_ + CONST_2) >= (Length_1_ + CONST_1) &&
Length_1_ >= (Length_0_ + CONST_1) &&
(Length_0_ + CONST_1) < (Length_1_ + CONST_1) &&
Length_1_ >= Length_0_ &&
Length_0_ < (Length_1_ + CONST_1)
$$$$$$$$$$$$$$$$$$$$$$$$$$$$$$$$
Calling Z3str3

current query... 
(declare-const needle_1 String)
(declare-const haystack_2 String)

(assert (not (= (str.substr haystack_2 1 (- ( +  ( +  (str.len needle_1) 1) 1) 1)) needle_1)))
(assert (not (= (str.substr haystack_2 0 (- ( +  (str.len needle_1) 1) 0)) needle_1)))
(assert (>= ( +  (str.len needle_1) 2) ( +  (str.len haystack_2) 1)))
(assert (>= (str.len haystack_2) ( +  (str.len needle_1) 1)))
(assert (< ( +  (str.len needle_1) 1) ( +  (str.len haystack_2) 1)))
(assert (>= (str.len haystack_2) (str.len needle_1)))
(assert (< (str.len needle_1) ( +  (str.len haystack_2) 1)))



======================
(define-fun needle_1 () String
  "C")
(define-fun haystack_2 () String
  "BD")
Returned solutions: 
(define-fun needle_1 () String  "C")
(define-fun haystack_2 () String  "BD")
*************************************
Satisfiable: true
needle_1 => "C"
haystack_2 => "BD"
*************************************

numeric PC: constraint # = 5
(Length_0_ + CONST_2) < (Length_1_ + CONST_1) &&
Length_1_ >= (Length_0_ + CONST_1) &&
(Length_0_ + CONST_1) < (Length_1_ + CONST_1) &&
Length_1_ >= Length_0_ &&
Length_0_ < (Length_1_ + CONST_1) -> true

### PCs: total:10 sat:10 unsat:0

string analysis: SPC # = 2
(.substring[(haystack_2_SYMSTRING)(((Length_0_ + CONST_1) + CONST_1))(CONST_1)] notequals needle_1_SYMSTRING) && (.substring[(haystack_2_SYMSTRING)((Length_0_ + CONST_1))(CONST_0)] notequals needle_1_SYMSTRING)
NPC constraint # = 5
(Length_0_ + CONST_2) < (Length_1_ + CONST_1) &&
Length_1_ >= (Length_0_ + CONST_1) &&
(Length_0_ + CONST_1) < (Length_1_ + CONST_1) &&
Length_1_ >= Length_0_ &&
Length_0_ < (Length_1_ + CONST_1)
$$$$$$$$$$$$$$$$$$$$$$$$$$$$$$$$
Calling Z3str3

current query... 
(declare-const needle_1 String)
(declare-const haystack_2 String)

(assert (not (= (str.substr haystack_2 1 (- ( +  ( +  (str.len needle_1) 1) 1) 1)) needle_1)))
(assert (not (= (str.substr haystack_2 0 (- ( +  (str.len needle_1) 1) 0)) needle_1)))
(assert (< ( +  (str.len needle_1) 2) ( +  (str.len haystack_2) 1)))
(assert (>= (str.len haystack_2) ( +  (str.len needle_1) 1)))
(assert (< ( +  (str.len needle_1) 1) ( +  (str.len haystack_2) 1)))
(assert (>= (str.len haystack_2) (str.len needle_1)))
(assert (< (str.len needle_1) ( +  (str.len haystack_2) 1)))



======================
(define-fun needle_1 () String
  "C")
(define-fun haystack_2 () String
  "BDA")
Returned solutions: 
(define-fun needle_1 () String  "C")
(define-fun haystack_2 () String  "BDA")
*************************************
Satisfiable: true
needle_1 => "C"
haystack_2 => "BDA"
*************************************

numeric PC: constraint # = 6
Length_1_ >= (Length_0_ + CONST_2) &&
(Length_0_ + CONST_2) < (Length_1_ + CONST_1) &&
Length_1_ >= (Length_0_ + CONST_1) &&
(Length_0_ + CONST_1) < (Length_1_ + CONST_1) &&
Length_1_ >= Length_0_ &&
Length_0_ < (Length_1_ + CONST_1) -> true

### PCs: total:11 sat:11 unsat:0

string analysis: SPC # = 2
(.substring[(haystack_2_SYMSTRING)(((Length_0_ + CONST_1) + CONST_1))(CONST_1)] notequals needle_1_SYMSTRING) && (.substring[(haystack_2_SYMSTRING)((Length_0_ + CONST_1))(CONST_0)] notequals needle_1_SYMSTRING)
NPC constraint # = 6
Length_1_ >= (Length_0_ + CONST_2) &&
(Length_0_ + CONST_2) < (Length_1_ + CONST_1) &&
Length_1_ >= (Length_0_ + CONST_1) &&
(Length_0_ + CONST_1) < (Length_1_ + CONST_1) &&
Length_1_ >= Length_0_ &&
Length_0_ < (Length_1_ + CONST_1)
$$$$$$$$$$$$$$$$$$$$$$$$$$$$$$$$
Calling Z3str3

current query... 
(declare-const needle_1 String)
(declare-const haystack_2 String)

(assert (not (= (str.substr haystack_2 1 (- ( +  ( +  (str.len needle_1) 1) 1) 1)) needle_1)))
(assert (not (= (str.substr haystack_2 0 (- ( +  (str.len needle_1) 1) 0)) needle_1)))
(assert (>= (str.len haystack_2) ( +  (str.len needle_1) 2)))
(assert (< ( +  (str.len needle_1) 2) ( +  (str.len haystack_2) 1)))
(assert (>= (str.len haystack_2) ( +  (str.len needle_1) 1)))
(assert (< ( +  (str.len needle_1) 1) ( +  (str.len haystack_2) 1)))
(assert (>= (str.len haystack_2) (str.len needle_1)))
(assert (< (str.len needle_1) ( +  (str.len haystack_2) 1)))



======================
(define-fun needle_1 () String
  "C")
(define-fun haystack_2 () String
  "BDA")
Returned solutions: 
(define-fun needle_1 () String  "C")
(define-fun haystack_2 () String  "BDA")
*************************************
Satisfiable: true
needle_1 => "C"
haystack_2 => "BDA"
*************************************

numeric PC: constraint # = 6
Length_1_[-9223372036854775808] >= (Length_0_[-9223372036854775808] + CONST_2) &&
(Length_0_[-9223372036854775808] + CONST_2) < (Length_1_[-9223372036854775808] + CONST_1) &&
Length_1_[-9223372036854775808] >= (Length_0_[-9223372036854775808] + CONST_1) &&
(Length_0_[-9223372036854775808] + CONST_1) < (Length_1_[-9223372036854775808] + CONST_1) &&
Length_1_[-9223372036854775808] >= Length_0_[-9223372036854775808] &&
Length_0_[-9223372036854775808] < (Length_1_[-9223372036854775808] + CONST_1) -> true

### PCs: total:12 sat:12 unsat:0

string analysis: SPC # = 3
(.substring[(haystack_2_SYMSTRING)(((Length_0_[-9223372036854775808] + CONST_2) + CONST_1))(CONST_2)] notequals needle_1_SYMSTRING) && (.substring[(haystack_2_SYMSTRING)(((Length_0_[-9223372036854775808] + CONST_1) + CONST_1))(CONST_1)] notequals needle_1_SYMSTRING) && (.substring[(haystack_2_SYMSTRING)((Length_0_[-9223372036854775808] + CONST_1))(CONST_0)] notequals needle_1_SYMSTRING)
NPC constraint # = 6
Length_1_[-9223372036854775808] >= (Length_0_[-9223372036854775808] + CONST_2) &&
(Length_0_[-9223372036854775808] + CONST_2) < (Length_1_[-9223372036854775808] + CONST_1) &&
Length_1_[-9223372036854775808] >= (Length_0_[-9223372036854775808] + CONST_1) &&
(Length_0_[-9223372036854775808] + CONST_1) < (Length_1_[-9223372036854775808] + CONST_1) &&
Length_1_[-9223372036854775808] >= Length_0_[-9223372036854775808] &&
Length_0_[-9223372036854775808] < (Length_1_[-9223372036854775808] + CONST_1)
$$$$$$$$$$$$$$$$$$$$$$$$$$$$$$$$
Calling Z3str3

current query... 
(declare-const needle_1 String)
(declare-const haystack_2 String)

(assert (not (= (str.substr haystack_2 2 (- ( +  ( +  (str.len needle_1) 2) 1) 2)) needle_1)))
(assert (not (= (str.substr haystack_2 1 (- ( +  ( +  (str.len needle_1) 1) 1) 1)) needle_1)))
(assert (not (= (str.substr haystack_2 0 (- ( +  (str.len needle_1) 1) 0)) needle_1)))
(assert (>= (str.len haystack_2) ( +  (str.len needle_1) 2)))
(assert (< ( +  (str.len needle_1) 2) ( +  (str.len haystack_2) 1)))
(assert (>= (str.len haystack_2) ( +  (str.len needle_1) 1)))
(assert (< ( +  (str.len needle_1) 1) ( +  (str.len haystack_2) 1)))
(assert (>= (str.len haystack_2) (str.len needle_1)))
(assert (< (str.len needle_1) ( +  (str.len haystack_2) 1)))



======================
(define-fun needle_1 () String
  "")
(define-fun haystack_2 () String
  "ABC")
Returned solutions: 
(define-fun needle_1 () String  "")
(define-fun haystack_2 () String  "ABC")
*************************************
Satisfiable: true
needle_1 => ""
haystack_2 => "ABC"
*************************************

numeric PC: constraint # = 7
(Length_0_ + CONST_3) >= (Length_1_ + CONST_1) &&
Length_1_ >= (Length_0_ + CONST_2) &&
(Length_0_ + CONST_2) < (Length_1_ + CONST_1) &&
Length_1_ >= (Length_0_ + CONST_1) &&
(Length_0_ + CONST_1) < (Length_1_ + CONST_1) &&
Length_1_ >= Length_0_ &&
Length_0_ < (Length_1_ + CONST_1) -> true

### PCs: total:13 sat:13 unsat:0

string analysis: SPC # = 3
(.substring[(haystack_2_SYMSTRING)(((Length_0_ + CONST_2) + CONST_1))(CONST_2)] notequals needle_1_SYMSTRING) && (.substring[(haystack_2_SYMSTRING)(((Length_0_ + CONST_1) + CONST_1))(CONST_1)] notequals needle_1_SYMSTRING) && (.substring[(haystack_2_SYMSTRING)((Length_0_ + CONST_1))(CONST_0)] notequals needle_1_SYMSTRING)
NPC constraint # = 7
(Length_0_ + CONST_3) >= (Length_1_ + CONST_1) &&
Length_1_ >= (Length_0_ + CONST_2) &&
(Length_0_ + CONST_2) < (Length_1_ + CONST_1) &&
Length_1_ >= (Length_0_ + CONST_1) &&
(Length_0_ + CONST_1) < (Length_1_ + CONST_1) &&
Length_1_ >= Length_0_ &&
Length_0_ < (Length_1_ + CONST_1)
$$$$$$$$$$$$$$$$$$$$$$$$$$$$$$$$
Calling Z3str3

current query... 
(declare-const needle_1 String)
(declare-const haystack_2 String)

(assert (not (= (str.substr haystack_2 2 (- ( +  ( +  (str.len needle_1) 2) 1) 2)) needle_1)))
(assert (not (= (str.substr haystack_2 1 (- ( +  ( +  (str.len needle_1) 1) 1) 1)) needle_1)))
(assert (not (= (str.substr haystack_2 0 (- ( +  (str.len needle_1) 1) 0)) needle_1)))
(assert (>= ( +  (str.len needle_1) 3) ( +  (str.len haystack_2) 1)))
(assert (>= (str.len haystack_2) ( +  (str.len needle_1) 2)))
(assert (< ( +  (str.len needle_1) 2) ( +  (str.len haystack_2) 1)))
(assert (>= (str.len haystack_2) ( +  (str.len needle_1) 1)))
(assert (< ( +  (str.len needle_1) 1) ( +  (str.len haystack_2) 1)))
(assert (>= (str.len haystack_2) (str.len needle_1)))
(assert (< (str.len needle_1) ( +  (str.len haystack_2) 1)))



======================
(define-fun needle_1 () String
  "DF")
(define-fun haystack_2 () String
  "CBEA")
Returned solutions: 
(define-fun needle_1 () String  "DF")
(define-fun haystack_2 () String  "CBEA")
*************************************
Satisfiable: true
needle_1 => "DF"
haystack_2 => "CBEA"
*************************************

numeric PC: constraint # = 7
(Length_0_ + CONST_3) < (Length_1_ + CONST_1) &&
Length_1_ >= (Length_0_ + CONST_2) &&
(Length_0_ + CONST_2) < (Length_1_ + CONST_1) &&
Length_1_ >= (Length_0_ + CONST_1) &&
(Length_0_ + CONST_1) < (Length_1_ + CONST_1) &&
Length_1_ >= Length_0_ &&
Length_0_ < (Length_1_ + CONST_1) -> true

### PCs: total:14 sat:14 unsat:0

string analysis: SPC # = 3
(.substring[(haystack_2_SYMSTRING)(((Length_0_ + CONST_2) + CONST_1))(CONST_2)] notequals needle_1_SYMSTRING) && (.substring[(haystack_2_SYMSTRING)(((Length_0_ + CONST_1) + CONST_1))(CONST_1)] notequals needle_1_SYMSTRING) && (.substring[(haystack_2_SYMSTRING)((Length_0_ + CONST_1))(CONST_0)] notequals needle_1_SYMSTRING)
NPC constraint # = 7
(Length_0_ + CONST_3) < (Length_1_ + CONST_1) &&
Length_1_ >= (Length_0_ + CONST_2) &&
(Length_0_ + CONST_2) < (Length_1_ + CONST_1) &&
Length_1_ >= (Length_0_ + CONST_1) &&
(Length_0_ + CONST_1) < (Length_1_ + CONST_1) &&
Length_1_ >= Length_0_ &&
Length_0_ < (Length_1_ + CONST_1)
$$$$$$$$$$$$$$$$$$$$$$$$$$$$$$$$
Calling Z3str3

current query... 
(declare-const needle_1 String)
(declare-const haystack_2 String)

(assert (not (= (str.substr haystack_2 2 (- ( +  ( +  (str.len needle_1) 2) 1) 2)) needle_1)))
(assert (not (= (str.substr haystack_2 1 (- ( +  ( +  (str.len needle_1) 1) 1) 1)) needle_1)))
(assert (not (= (str.substr haystack_2 0 (- ( +  (str.len needle_1) 1) 0)) needle_1)))
(assert (< ( +  (str.len needle_1) 3) ( +  (str.len haystack_2) 1)))
(assert (>= (str.len haystack_2) ( +  (str.len needle_1) 2)))
(assert (< ( +  (str.len needle_1) 2) ( +  (str.len haystack_2) 1)))
(assert (>= (str.len haystack_2) ( +  (str.len needle_1) 1)))
(assert (< ( +  (str.len needle_1) 1) ( +  (str.len haystack_2) 1)))
(assert (>= (str.len haystack_2) (str.len needle_1)))
(assert (< (str.len needle_1) ( +  (str.len haystack_2) 1)))



======================
(define-fun needle_1 () String
  "")
(define-fun haystack_2 () String
  "BAC")
Returned solutions: 
(define-fun needle_1 () String  "")
(define-fun haystack_2 () String  "BAC")
*************************************
Satisfiable: true
needle_1 => ""
haystack_2 => "BAC"
*************************************

numeric PC: constraint # = 8
Length_1_ >= (Length_0_ + CONST_3) &&
(Length_0_ + CONST_3) < (Length_1_ + CONST_1) &&
Length_1_ >= (Length_0_ + CONST_2) &&
(Length_0_ + CONST_2) < (Length_1_ + CONST_1) &&
Length_1_ >= (Length_0_ + CONST_1) &&
(Length_0_ + CONST_1) < (Length_1_ + CONST_1) &&
Length_1_ >= Length_0_ &&
Length_0_ < (Length_1_ + CONST_1) -> true

### PCs: total:15 sat:15 unsat:0

string analysis: SPC # = 3
(.substring[(haystack_2_SYMSTRING)(((Length_0_ + CONST_2) + CONST_1))(CONST_2)] notequals needle_1_SYMSTRING) && (.substring[(haystack_2_SYMSTRING)(((Length_0_ + CONST_1) + CONST_1))(CONST_1)] notequals needle_1_SYMSTRING) && (.substring[(haystack_2_SYMSTRING)((Length_0_ + CONST_1))(CONST_0)] notequals needle_1_SYMSTRING)
NPC constraint # = 8
Length_1_ >= (Length_0_ + CONST_3) &&
(Length_0_ + CONST_3) < (Length_1_ + CONST_1) &&
Length_1_ >= (Length_0_ + CONST_2) &&
(Length_0_ + CONST_2) < (Length_1_ + CONST_1) &&
Length_1_ >= (Length_0_ + CONST_1) &&
(Length_0_ + CONST_1) < (Length_1_ + CONST_1) &&
Length_1_ >= Length_0_ &&
Length_0_ < (Length_1_ + CONST_1)
$$$$$$$$$$$$$$$$$$$$$$$$$$$$$$$$
Calling Z3str3

current query... 
(declare-const needle_1 String)
(declare-const haystack_2 String)

(assert (not (= (str.substr haystack_2 2 (- ( +  ( +  (str.len needle_1) 2) 1) 2)) needle_1)))
(assert (not (= (str.substr haystack_2 1 (- ( +  ( +  (str.len needle_1) 1) 1) 1)) needle_1)))
(assert (not (= (str.substr haystack_2 0 (- ( +  (str.len needle_1) 1) 0)) needle_1)))
(assert (>= (str.len haystack_2) ( +  (str.len needle_1) 3)))
(assert (< ( +  (str.len needle_1) 3) ( +  (str.len haystack_2) 1)))
(assert (>= (str.len haystack_2) ( +  (str.len needle_1) 2)))
(assert (< ( +  (str.len needle_1) 2) ( +  (str.len haystack_2) 1)))
(assert (>= (str.len haystack_2) ( +  (str.len needle_1) 1)))
(assert (< ( +  (str.len needle_1) 1) ( +  (str.len haystack_2) 1)))
(assert (>= (str.len haystack_2) (str.len needle_1)))
(assert (< (str.len needle_1) ( +  (str.len haystack_2) 1)))



======================
(define-fun needle_1 () String
  "")
(define-fun haystack_2 () String
  "BAC")
Returned solutions: 
(define-fun needle_1 () String  "")
(define-fun haystack_2 () String  "BAC")
*************************************
Satisfiable: true
needle_1 => ""
haystack_2 => "BAC"
*************************************

numeric PC: constraint # = 8
Length_1_[-9223372036854775808] >= (Length_0_[-9223372036854775808] + CONST_3) &&
(Length_0_[-9223372036854775808] + CONST_3) < (Length_1_[-9223372036854775808] + CONST_1) &&
Length_1_[-9223372036854775808] >= (Length_0_[-9223372036854775808] + CONST_2) &&
(Length_0_[-9223372036854775808] + CONST_2) < (Length_1_[-9223372036854775808] + CONST_1) &&
Length_1_[-9223372036854775808] >= (Length_0_[-9223372036854775808] + CONST_1) &&
(Length_0_[-9223372036854775808] + CONST_1) < (Length_1_[-9223372036854775808] + CONST_1) &&
Length_1_[-9223372036854775808] >= Length_0_[-9223372036854775808] &&
Length_0_[-9223372036854775808] < (Length_1_[-9223372036854775808] + CONST_1) -> true

### PCs: total:16 sat:16 unsat:0

string analysis: SPC # = 4
(.substring[(haystack_2_SYMSTRING)(((Length_0_[-9223372036854775808] + CONST_3) + CONST_1))(CONST_3)] notequals needle_1_SYMSTRING) && (.substring[(haystack_2_SYMSTRING)(((Length_0_[-9223372036854775808] + CONST_2) + CONST_1))(CONST_2)] notequals needle_1_SYMSTRING) && (.substring[(haystack_2_SYMSTRING)(((Length_0_[-9223372036854775808] + CONST_1) + CONST_1))(CONST_1)] notequals needle_1_SYMSTRING) && (.substring[(haystack_2_SYMSTRING)((Length_0_[-9223372036854775808] + CONST_1))(CONST_0)] notequals needle_1_SYMSTRING)
NPC constraint # = 8
Length_1_[-9223372036854775808] >= (Length_0_[-9223372036854775808] + CONST_3) &&
(Length_0_[-9223372036854775808] + CONST_3) < (Length_1_[-9223372036854775808] + CONST_1) &&
Length_1_[-9223372036854775808] >= (Length_0_[-9223372036854775808] + CONST_2) &&
(Length_0_[-9223372036854775808] + CONST_2) < (Length_1_[-9223372036854775808] + CONST_1) &&
Length_1_[-9223372036854775808] >= (Length_0_[-9223372036854775808] + CONST_1) &&
(Length_0_[-9223372036854775808] + CONST_1) < (Length_1_[-9223372036854775808] + CONST_1) &&
Length_1_[-9223372036854775808] >= Length_0_[-9223372036854775808] &&
Length_0_[-9223372036854775808] < (Length_1_[-9223372036854775808] + CONST_1)
$$$$$$$$$$$$$$$$$$$$$$$$$$$$$$$$
Calling Z3str3

current query... 
(declare-const needle_1 String)
(declare-const haystack_2 String)

(assert (not (= (str.substr haystack_2 3 (- ( +  ( +  (str.len needle_1) 3) 1) 3)) needle_1)))
(assert (not (= (str.substr haystack_2 2 (- ( +  ( +  (str.len needle_1) 2) 1) 2)) needle_1)))
(assert (not (= (str.substr haystack_2 1 (- ( +  ( +  (str.len needle_1) 1) 1) 1)) needle_1)))
(assert (not (= (str.substr haystack_2 0 (- ( +  (str.len needle_1) 1) 0)) needle_1)))
(assert (>= (str.len haystack_2) ( +  (str.len needle_1) 3)))
(assert (< ( +  (str.len needle_1) 3) ( +  (str.len haystack_2) 1)))
(assert (>= (str.len haystack_2) ( +  (str.len needle_1) 2)))
(assert (< ( +  (str.len needle_1) 2) ( +  (str.len haystack_2) 1)))
(assert (>= (str.len haystack_2) ( +  (str.len needle_1) 1)))
(assert (< ( +  (str.len needle_1) 1) ( +  (str.len haystack_2) 1)))
(assert (>= (str.len haystack_2) (str.len needle_1)))
(assert (< (str.len needle_1) ( +  (str.len haystack_2) 1)))



======================
(define-fun needle_1 () String
  "D")
(define-fun haystack_2 () String
  "CABE")
Returned solutions: 
(define-fun needle_1 () String  "D")
(define-fun haystack_2 () String  "CABE")
*************************************
Satisfiable: true
needle_1 => "D"
haystack_2 => "CABE"
*************************************

numeric PC: constraint # = 9
(Length_0_ + CONST_4) >= (Length_1_ + CONST_1) &&
Length_1_ >= (Length_0_ + CONST_3) &&
(Length_0_ + CONST_3) < (Length_1_ + CONST_1) &&
Length_1_ >= (Length_0_ + CONST_2) &&
(Length_0_ + CONST_2) < (Length_1_ + CONST_1) &&
Length_1_ >= (Length_0_ + CONST_1) &&
(Length_0_ + CONST_1) < (Length_1_ + CONST_1) &&
Length_1_ >= Length_0_ &&
Length_0_ < (Length_1_ + CONST_1) -> true

### PCs: total:17 sat:17 unsat:0

string analysis: SPC # = 4
(.substring[(haystack_2_SYMSTRING)(((Length_0_ + CONST_3) + CONST_1))(CONST_3)] notequals needle_1_SYMSTRING) && (.substring[(haystack_2_SYMSTRING)(((Length_0_ + CONST_2) + CONST_1))(CONST_2)] notequals needle_1_SYMSTRING) && (.substring[(haystack_2_SYMSTRING)(((Length_0_ + CONST_1) + CONST_1))(CONST_1)] notequals needle_1_SYMSTRING) && (.substring[(haystack_2_SYMSTRING)((Length_0_ + CONST_1))(CONST_0)] notequals needle_1_SYMSTRING)
NPC constraint # = 9
(Length_0_ + CONST_4) >= (Length_1_ + CONST_1) &&
Length_1_ >= (Length_0_ + CONST_3) &&
(Length_0_ + CONST_3) < (Length_1_ + CONST_1) &&
Length_1_ >= (Length_0_ + CONST_2) &&
(Length_0_ + CONST_2) < (Length_1_ + CONST_1) &&
Length_1_ >= (Length_0_ + CONST_1) &&
(Length_0_ + CONST_1) < (Length_1_ + CONST_1) &&
Length_1_ >= Length_0_ &&
Length_0_ < (Length_1_ + CONST_1)
$$$$$$$$$$$$$$$$$$$$$$$$$$$$$$$$
Calling Z3str3

current query... 
(declare-const needle_1 String)
(declare-const haystack_2 String)

(assert (not (= (str.substr haystack_2 3 (- ( +  ( +  (str.len needle_1) 3) 1) 3)) needle_1)))
(assert (not (= (str.substr haystack_2 2 (- ( +  ( +  (str.len needle_1) 2) 1) 2)) needle_1)))
(assert (not (= (str.substr haystack_2 1 (- ( +  ( +  (str.len needle_1) 1) 1) 1)) needle_1)))
(assert (not (= (str.substr haystack_2 0 (- ( +  (str.len needle_1) 1) 0)) needle_1)))
(assert (>= ( +  (str.len needle_1) 4) ( +  (str.len haystack_2) 1)))
(assert (>= (str.len haystack_2) ( +  (str.len needle_1) 3)))
(assert (< ( +  (str.len needle_1) 3) ( +  (str.len haystack_2) 1)))
(assert (>= (str.len haystack_2) ( +  (str.len needle_1) 2)))
(assert (< ( +  (str.len needle_1) 2) ( +  (str.len haystack_2) 1)))
(assert (>= (str.len haystack_2) ( +  (str.len needle_1) 1)))
(assert (< ( +  (str.len needle_1) 1) ( +  (str.len haystack_2) 1)))
(assert (>= (str.len haystack_2) (str.len needle_1)))
(assert (< (str.len needle_1) ( +  (str.len haystack_2) 1)))



======================
(define-fun needle_1 () String
  "EF")
(define-fun haystack_2 () String
  "CABDI")
Returned solutions: 
(define-fun needle_1 () String  "EF")
(define-fun haystack_2 () String  "CABDI")
*************************************
Satisfiable: true
needle_1 => "EF"
haystack_2 => "CABDI"
*************************************

numeric PC: constraint # = 9
(Length_0_ + CONST_4) < (Length_1_ + CONST_1) &&
Length_1_ >= (Length_0_ + CONST_3) &&
(Length_0_ + CONST_3) < (Length_1_ + CONST_1) &&
Length_1_ >= (Length_0_ + CONST_2) &&
(Length_0_ + CONST_2) < (Length_1_ + CONST_1) &&
Length_1_ >= (Length_0_ + CONST_1) &&
(Length_0_ + CONST_1) < (Length_1_ + CONST_1) &&
Length_1_ >= Length_0_ &&
Length_0_ < (Length_1_ + CONST_1) -> true

### PCs: total:18 sat:18 unsat:0

string analysis: SPC # = 4
(.substring[(haystack_2_SYMSTRING)(((Length_0_ + CONST_3) + CONST_1))(CONST_3)] notequals needle_1_SYMSTRING) && (.substring[(haystack_2_SYMSTRING)(((Length_0_ + CONST_2) + CONST_1))(CONST_2)] notequals needle_1_SYMSTRING) && (.substring[(haystack_2_SYMSTRING)(((Length_0_ + CONST_1) + CONST_1))(CONST_1)] notequals needle_1_SYMSTRING) && (.substring[(haystack_2_SYMSTRING)((Length_0_ + CONST_1))(CONST_0)] notequals needle_1_SYMSTRING)
NPC constraint # = 9
(Length_0_ + CONST_4) < (Length_1_ + CONST_1) &&
Length_1_ >= (Length_0_ + CONST_3) &&
(Length_0_ + CONST_3) < (Length_1_ + CONST_1) &&
Length_1_ >= (Length_0_ + CONST_2) &&
(Length_0_ + CONST_2) < (Length_1_ + CONST_1) &&
Length_1_ >= (Length_0_ + CONST_1) &&
(Length_0_ + CONST_1) < (Length_1_ + CONST_1) &&
Length_1_ >= Length_0_ &&
Length_0_ < (Length_1_ + CONST_1)
$$$$$$$$$$$$$$$$$$$$$$$$$$$$$$$$
Calling Z3str3

current query... 
(declare-const needle_1 String)
(declare-const haystack_2 String)

(assert (not (= (str.substr haystack_2 3 (- ( +  ( +  (str.len needle_1) 3) 1) 3)) needle_1)))
(assert (not (= (str.substr haystack_2 2 (- ( +  ( +  (str.len needle_1) 2) 1) 2)) needle_1)))
(assert (not (= (str.substr haystack_2 1 (- ( +  ( +  (str.len needle_1) 1) 1) 1)) needle_1)))
(assert (not (= (str.substr haystack_2 0 (- ( +  (str.len needle_1) 1) 0)) needle_1)))
(assert (< ( +  (str.len needle_1) 4) ( +  (str.len haystack_2) 1)))
(assert (>= (str.len haystack_2) ( +  (str.len needle_1) 3)))
(assert (< ( +  (str.len needle_1) 3) ( +  (str.len haystack_2) 1)))
(assert (>= (str.len haystack_2) ( +  (str.len needle_1) 2)))
(assert (< ( +  (str.len needle_1) 2) ( +  (str.len haystack_2) 1)))
(assert (>= (str.len haystack_2) ( +  (str.len needle_1) 1)))
(assert (< ( +  (str.len needle_1) 1) ( +  (str.len haystack_2) 1)))
(assert (>= (str.len haystack_2) (str.len needle_1)))
(assert (< (str.len needle_1) ( +  (str.len haystack_2) 1)))



======================
(define-fun needle_1 () String
  "KOP")
(define-fun haystack_2 () String
  "BCAQDSTR")
Returned solutions: 
(define-fun needle_1 () String  "KOP")
(define-fun haystack_2 () String  "BCAQDSTR")
*************************************
Satisfiable: true
needle_1 => "KOP"
haystack_2 => "BCAQDSTR"
*************************************

numeric PC: constraint # = 10
Length_1_ >= (Length_0_ + CONST_4) &&
(Length_0_ + CONST_4) < (Length_1_ + CONST_1) &&
Length_1_ >= (Length_0_ + CONST_3) &&
(Length_0_ + CONST_3) < (Length_1_ + CONST_1) &&
Length_1_ >= (Length_0_ + CONST_2) &&
(Length_0_ + CONST_2) < (Length_1_ + CONST_1) &&
Length_1_ >= (Length_0_ + CONST_1) &&
(Length_0_ + CONST_1) < (Length_1_ + CONST_1) &&
Length_1_ >= Length_0_ &&
Length_0_ < (Length_1_ + CONST_1) -> true

### PCs: total:19 sat:19 unsat:0

string analysis: SPC # = 4
(.substring[(haystack_2_SYMSTRING)(((Length_0_ + CONST_3) + CONST_1))(CONST_3)] notequals needle_1_SYMSTRING) && (.substring[(haystack_2_SYMSTRING)(((Length_0_ + CONST_2) + CONST_1))(CONST_2)] notequals needle_1_SYMSTRING) && (.substring[(haystack_2_SYMSTRING)(((Length_0_ + CONST_1) + CONST_1))(CONST_1)] notequals needle_1_SYMSTRING) && (.substring[(haystack_2_SYMSTRING)((Length_0_ + CONST_1))(CONST_0)] notequals needle_1_SYMSTRING)
NPC constraint # = 10
Length_1_ >= (Length_0_ + CONST_4) &&
(Length_0_ + CONST_4) < (Length_1_ + CONST_1) &&
Length_1_ >= (Length_0_ + CONST_3) &&
(Length_0_ + CONST_3) < (Length_1_ + CONST_1) &&
Length_1_ >= (Length_0_ + CONST_2) &&
(Length_0_ + CONST_2) < (Length_1_ + CONST_1) &&
Length_1_ >= (Length_0_ + CONST_1) &&
(Length_0_ + CONST_1) < (Length_1_ + CONST_1) &&
Length_1_ >= Length_0_ &&
Length_0_ < (Length_1_ + CONST_1)
$$$$$$$$$$$$$$$$$$$$$$$$$$$$$$$$
Calling Z3str3

current query... 
(declare-const needle_1 String)
(declare-const haystack_2 String)

(assert (not (= (str.substr haystack_2 3 (- ( +  ( +  (str.len needle_1) 3) 1) 3)) needle_1)))
(assert (not (= (str.substr haystack_2 2 (- ( +  ( +  (str.len needle_1) 2) 1) 2)) needle_1)))
(assert (not (= (str.substr haystack_2 1 (- ( +  ( +  (str.len needle_1) 1) 1) 1)) needle_1)))
(assert (not (= (str.substr haystack_2 0 (- ( +  (str.len needle_1) 1) 0)) needle_1)))
(assert (>= (str.len haystack_2) ( +  (str.len needle_1) 4)))
(assert (< ( +  (str.len needle_1) 4) ( +  (str.len haystack_2) 1)))
(assert (>= (str.len haystack_2) ( +  (str.len needle_1) 3)))
(assert (< ( +  (str.len needle_1) 3) ( +  (str.len haystack_2) 1)))
(assert (>= (str.len haystack_2) ( +  (str.len needle_1) 2)))
(assert (< ( +  (str.len needle_1) 2) ( +  (str.len haystack_2) 1)))
(assert (>= (str.len haystack_2) ( +  (str.len needle_1) 1)))
(assert (< ( +  (str.len needle_1) 1) ( +  (str.len haystack_2) 1)))
(assert (>= (str.len haystack_2) (str.len needle_1)))
(assert (< (str.len needle_1) ( +  (str.len haystack_2) 1)))



======================
(define-fun needle_1 () String
  "KOP")
(define-fun haystack_2 () String
  "BCAQDSTR")
Returned solutions: 
(define-fun needle_1 () String  "KOP")
(define-fun haystack_2 () String  "BCAQDSTR")
*************************************
Satisfiable: true
needle_1 => "KOP"
haystack_2 => "BCAQDSTR"
*************************************

numeric PC: constraint # = 10
Length_1_[-9223372036854775808] >= (Length_0_[-9223372036854775808] + CONST_4) &&
(Length_0_[-9223372036854775808] + CONST_4) < (Length_1_[-9223372036854775808] + CONST_1) &&
Length_1_[-9223372036854775808] >= (Length_0_[-9223372036854775808] + CONST_3) &&
(Length_0_[-9223372036854775808] + CONST_3) < (Length_1_[-9223372036854775808] + CONST_1) &&
Length_1_[-9223372036854775808] >= (Length_0_[-9223372036854775808] + CONST_2) &&
(Length_0_[-9223372036854775808] + CONST_2) < (Length_1_[-9223372036854775808] + CONST_1) &&
Length_1_[-9223372036854775808] >= (Length_0_[-9223372036854775808] + CONST_1) &&
(Length_0_[-9223372036854775808] + CONST_1) < (Length_1_[-9223372036854775808] + CONST_1) &&
Length_1_[-9223372036854775808] >= Length_0_[-9223372036854775808] &&
Length_0_[-9223372036854775808] < (Length_1_[-9223372036854775808] + CONST_1) -> true

### PCs: total:20 sat:20 unsat:0

string analysis: SPC # = 5
(.substring[(haystack_2_SYMSTRING)(((Length_0_[-9223372036854775808] + CONST_4) + CONST_1))(CONST_4)] notequals needle_1_SYMSTRING) && (.substring[(haystack_2_SYMSTRING)(((Length_0_[-9223372036854775808] + CONST_3) + CONST_1))(CONST_3)] notequals needle_1_SYMSTRING) && (.substring[(haystack_2_SYMSTRING)(((Length_0_[-9223372036854775808] + CONST_2) + CONST_1))(CONST_2)] notequals needle_1_SYMSTRING) && (.substring[(haystack_2_SYMSTRING)(((Length_0_[-9223372036854775808] + CONST_1) + CONST_1))(CONST_1)] notequals needle_1_SYMSTRING) && (.substring[(haystack_2_SYMSTRING)((Length_0_[-9223372036854775808] + CONST_1))(CONST_0)] notequals needle_1_SYMSTRING)
NPC constraint # = 10
Length_1_[-9223372036854775808] >= (Length_0_[-9223372036854775808] + CONST_4) &&
(Length_0_[-9223372036854775808] + CONST_4) < (Length_1_[-9223372036854775808] + CONST_1) &&
Length_1_[-9223372036854775808] >= (Length_0_[-9223372036854775808] + CONST_3) &&
(Length_0_[-9223372036854775808] + CONST_3) < (Length_1_[-9223372036854775808] + CONST_1) &&
Length_1_[-9223372036854775808] >= (Length_0_[-9223372036854775808] + CONST_2) &&
(Length_0_[-9223372036854775808] + CONST_2) < (Length_1_[-9223372036854775808] + CONST_1) &&
Length_1_[-9223372036854775808] >= (Length_0_[-9223372036854775808] + CONST_1) &&
(Length_0_[-9223372036854775808] + CONST_1) < (Length_1_[-9223372036854775808] + CONST_1) &&
Length_1_[-9223372036854775808] >= Length_0_[-9223372036854775808] &&
Length_0_[-9223372036854775808] < (Length_1_[-9223372036854775808] + CONST_1)
$$$$$$$$$$$$$$$$$$$$$$$$$$$$$$$$
Calling Z3str3

current query... 
(declare-const needle_1 String)
(declare-const haystack_2 String)

(assert (not (= (str.substr haystack_2 4 (- ( +  ( +  (str.len needle_1) 4) 1) 4)) needle_1)))
(assert (not (= (str.substr haystack_2 3 (- ( +  ( +  (str.len needle_1) 3) 1) 3)) needle_1)))
(assert (not (= (str.substr haystack_2 2 (- ( +  ( +  (str.len needle_1) 2) 1) 2)) needle_1)))
(assert (not (= (str.substr haystack_2 1 (- ( +  ( +  (str.len needle_1) 1) 1) 1)) needle_1)))
(assert (not (= (str.substr haystack_2 0 (- ( +  (str.len needle_1) 1) 0)) needle_1)))
(assert (>= (str.len haystack_2) ( +  (str.len needle_1) 4)))
(assert (< ( +  (str.len needle_1) 4) ( +  (str.len haystack_2) 1)))
(assert (>= (str.len haystack_2) ( +  (str.len needle_1) 3)))
(assert (< ( +  (str.len needle_1) 3) ( +  (str.len haystack_2) 1)))
(assert (>= (str.len haystack_2) ( +  (str.len needle_1) 2)))
(assert (< ( +  (str.len needle_1) 2) ( +  (str.len haystack_2) 1)))
(assert (>= (str.len haystack_2) ( +  (str.len needle_1) 1)))
(assert (< ( +  (str.len needle_1) 1) ( +  (str.len haystack_2) 1)))
(assert (>= (str.len haystack_2) (str.len needle_1)))
(assert (< (str.len needle_1) ( +  (str.len haystack_2) 1)))



======================
(define-fun needle_1 () String
  "GH")
(define-fun haystack_2 () String
  "ABCFOP")
Returned solutions: 
(define-fun needle_1 () String  "GH")
(define-fun haystack_2 () String  "ABCFOP")
*************************************
Satisfiable: true
needle_1 => "GH"
haystack_2 => "ABCFOP"
*************************************

numeric PC: constraint # = 11
(Length_0_ + CONST_5) >= (Length_1_ + CONST_1) &&
Length_1_ >= (Length_0_ + CONST_4) &&
(Length_0_ + CONST_4) < (Length_1_ + CONST_1) &&
Length_1_ >= (Length_0_ + CONST_3) &&
(Length_0_ + CONST_3) < (Length_1_ + CONST_1) &&
Length_1_ >= (Length_0_ + CONST_2) &&
(Length_0_ + CONST_2) < (Length_1_ + CONST_1) &&
Length_1_ >= (Length_0_ + CONST_1) &&
(Length_0_ + CONST_1) < (Length_1_ + CONST_1) &&
Length_1_ >= Length_0_ &&
Length_0_ < (Length_1_ + CONST_1) -> true

### PCs: total:21 sat:21 unsat:0

string analysis: SPC # = 5
(.substring[(haystack_2_SYMSTRING)(((Length_0_ + CONST_4) + CONST_1))(CONST_4)] notequals needle_1_SYMSTRING) && (.substring[(haystack_2_SYMSTRING)(((Length_0_ + CONST_3) + CONST_1))(CONST_3)] notequals needle_1_SYMSTRING) && (.substring[(haystack_2_SYMSTRING)(((Length_0_ + CONST_2) + CONST_1))(CONST_2)] notequals needle_1_SYMSTRING) && (.substring[(haystack_2_SYMSTRING)(((Length_0_ + CONST_1) + CONST_1))(CONST_1)] notequals needle_1_SYMSTRING) && (.substring[(haystack_2_SYMSTRING)((Length_0_ + CONST_1))(CONST_0)] notequals needle_1_SYMSTRING)
NPC constraint # = 11
(Length_0_ + CONST_5) >= (Length_1_ + CONST_1) &&
Length_1_ >= (Length_0_ + CONST_4) &&
(Length_0_ + CONST_4) < (Length_1_ + CONST_1) &&
Length_1_ >= (Length_0_ + CONST_3) &&
(Length_0_ + CONST_3) < (Length_1_ + CONST_1) &&
Length_1_ >= (Length_0_ + CONST_2) &&
(Length_0_ + CONST_2) < (Length_1_ + CONST_1) &&
Length_1_ >= (Length_0_ + CONST_1) &&
(Length_0_ + CONST_1) < (Length_1_ + CONST_1) &&
Length_1_ >= Length_0_ &&
Length_0_ < (Length_1_ + CONST_1)
$$$$$$$$$$$$$$$$$$$$$$$$$$$$$$$$
Calling Z3str3

current query... 
(declare-const needle_1 String)
(declare-const haystack_2 String)

(assert (not (= (str.substr haystack_2 4 (- ( +  ( +  (str.len needle_1) 4) 1) 4)) needle_1)))
(assert (not (= (str.substr haystack_2 3 (- ( +  ( +  (str.len needle_1) 3) 1) 3)) needle_1)))
(assert (not (= (str.substr haystack_2 2 (- ( +  ( +  (str.len needle_1) 2) 1) 2)) needle_1)))
(assert (not (= (str.substr haystack_2 1 (- ( +  ( +  (str.len needle_1) 1) 1) 1)) needle_1)))
(assert (not (= (str.substr haystack_2 0 (- ( +  (str.len needle_1) 1) 0)) needle_1)))
(assert (>= ( +  (str.len needle_1) 5) ( +  (str.len haystack_2) 1)))
(assert (>= (str.len haystack_2) ( +  (str.len needle_1) 4)))
(assert (< ( +  (str.len needle_1) 4) ( +  (str.len haystack_2) 1)))
(assert (>= (str.len haystack_2) ( +  (str.len needle_1) 3)))
(assert (< ( +  (str.len needle_1) 3) ( +  (str.len haystack_2) 1)))
(assert (>= (str.len haystack_2) ( +  (str.len needle_1) 2)))
(assert (< ( +  (str.len needle_1) 2) ( +  (str.len haystack_2) 1)))
(assert (>= (str.len haystack_2) ( +  (str.len needle_1) 1)))
(assert (< ( +  (str.len needle_1) 1) ( +  (str.len haystack_2) 1)))
(assert (>= (str.len haystack_2) (str.len needle_1)))
(assert (< (str.len needle_1) ( +  (str.len haystack_2) 1)))



======================
(define-fun needle_1 () String
  "HIJR")
(define-fun haystack_2 () String
  "ABCSTUW\")
Returned solutions: 
(define-fun needle_1 () String  "HIJR")
(define-fun haystack_2 () String  "ABCSTUW\")
*************************************
Satisfiable: true
needle_1 => "HIJR"
haystack_2 => "ABCSTUW\"
*************************************

numeric PC: constraint # = 11
(Length_0_ + CONST_5) < (Length_1_ + CONST_1) &&
Length_1_ >= (Length_0_ + CONST_4) &&
(Length_0_ + CONST_4) < (Length_1_ + CONST_1) &&
Length_1_ >= (Length_0_ + CONST_3) &&
(Length_0_ + CONST_3) < (Length_1_ + CONST_1) &&
Length_1_ >= (Length_0_ + CONST_2) &&
(Length_0_ + CONST_2) < (Length_1_ + CONST_1) &&
Length_1_ >= (Length_0_ + CONST_1) &&
(Length_0_ + CONST_1) < (Length_1_ + CONST_1) &&
Length_1_ >= Length_0_ &&
Length_0_ < (Length_1_ + CONST_1) -> true

### PCs: total:22 sat:22 unsat:0

string analysis: SPC # = 5
(.substring[(haystack_2_SYMSTRING)(((Length_0_ + CONST_4) + CONST_1))(CONST_4)] notequals needle_1_SYMSTRING) && (.substring[(haystack_2_SYMSTRING)(((Length_0_ + CONST_3) + CONST_1))(CONST_3)] notequals needle_1_SYMSTRING) && (.substring[(haystack_2_SYMSTRING)(((Length_0_ + CONST_2) + CONST_1))(CONST_2)] notequals needle_1_SYMSTRING) && (.substring[(haystack_2_SYMSTRING)(((Length_0_ + CONST_1) + CONST_1))(CONST_1)] notequals needle_1_SYMSTRING) && (.substring[(haystack_2_SYMSTRING)((Length_0_ + CONST_1))(CONST_0)] notequals needle_1_SYMSTRING)
NPC constraint # = 11
(Length_0_ + CONST_5) < (Length_1_ + CONST_1) &&
Length_1_ >= (Length_0_ + CONST_4) &&
(Length_0_ + CONST_4) < (Length_1_ + CONST_1) &&
Length_1_ >= (Length_0_ + CONST_3) &&
(Length_0_ + CONST_3) < (Length_1_ + CONST_1) &&
Length_1_ >= (Length_0_ + CONST_2) &&
(Length_0_ + CONST_2) < (Length_1_ + CONST_1) &&
Length_1_ >= (Length_0_ + CONST_1) &&
(Length_0_ + CONST_1) < (Length_1_ + CONST_1) &&
Length_1_ >= Length_0_ &&
Length_0_ < (Length_1_ + CONST_1)
$$$$$$$$$$$$$$$$$$$$$$$$$$$$$$$$
Calling Z3str3

current query... 
(declare-const needle_1 String)
(declare-const haystack_2 String)

(assert (not (= (str.substr haystack_2 4 (- ( +  ( +  (str.len needle_1) 4) 1) 4)) needle_1)))
(assert (not (= (str.substr haystack_2 3 (- ( +  ( +  (str.len needle_1) 3) 1) 3)) needle_1)))
(assert (not (= (str.substr haystack_2 2 (- ( +  ( +  (str.len needle_1) 2) 1) 2)) needle_1)))
(assert (not (= (str.substr haystack_2 1 (- ( +  ( +  (str.len needle_1) 1) 1) 1)) needle_1)))
(assert (not (= (str.substr haystack_2 0 (- ( +  (str.len needle_1) 1) 0)) needle_1)))
(assert (< ( +  (str.len needle_1) 5) ( +  (str.len haystack_2) 1)))
(assert (>= (str.len haystack_2) ( +  (str.len needle_1) 4)))
(assert (< ( +  (str.len needle_1) 4) ( +  (str.len haystack_2) 1)))
(assert (>= (str.len haystack_2) ( +  (str.len needle_1) 3)))
(assert (< ( +  (str.len needle_1) 3) ( +  (str.len haystack_2) 1)))
(assert (>= (str.len haystack_2) ( +  (str.len needle_1) 2)))
(assert (< ( +  (str.len needle_1) 2) ( +  (str.len haystack_2) 1)))
(assert (>= (str.len haystack_2) ( +  (str.len needle_1) 1)))
(assert (< ( +  (str.len needle_1) 1) ( +  (str.len haystack_2) 1)))
(assert (>= (str.len haystack_2) (str.len needle_1)))
(assert (< (str.len needle_1) ( +  (str.len haystack_2) 1)))



======================
(define-fun needle_1 () String
  "LWXY")
(define-fun haystack_2 () String
  "ABCtuvwx\u{83}S")
Returned solutions: 
(define-fun needle_1 () String  "LWXY")
(define-fun haystack_2 () String  "ABCtuvwx\u{83}S")
*************************************
Satisfiable: true
needle_1 => "LWXY"
haystack_2 => "ABCtuvwx\u{83}S"
*************************************

numeric PC: constraint # = 12
Length_1_ >= (Length_0_ + CONST_5) &&
(Length_0_ + CONST_5) < (Length_1_ + CONST_1) &&
Length_1_ >= (Length_0_ + CONST_4) &&
(Length_0_ + CONST_4) < (Length_1_ + CONST_1) &&
Length_1_ >= (Length_0_ + CONST_3) &&
(Length_0_ + CONST_3) < (Length_1_ + CONST_1) &&
Length_1_ >= (Length_0_ + CONST_2) &&
(Length_0_ + CONST_2) < (Length_1_ + CONST_1) &&
Length_1_ >= (Length_0_ + CONST_1) &&
(Length_0_ + CONST_1) < (Length_1_ + CONST_1) &&
Length_1_ >= Length_0_ &&
Length_0_ < (Length_1_ + CONST_1) -> true

### PCs: total:23 sat:23 unsat:0

string analysis: SPC # = 5
(.substring[(haystack_2_SYMSTRING)(((Length_0_ + CONST_4) + CONST_1))(CONST_4)] notequals needle_1_SYMSTRING) && (.substring[(haystack_2_SYMSTRING)(((Length_0_ + CONST_3) + CONST_1))(CONST_3)] notequals needle_1_SYMSTRING) && (.substring[(haystack_2_SYMSTRING)(((Length_0_ + CONST_2) + CONST_1))(CONST_2)] notequals needle_1_SYMSTRING) && (.substring[(haystack_2_SYMSTRING)(((Length_0_ + CONST_1) + CONST_1))(CONST_1)] notequals needle_1_SYMSTRING) && (.substring[(haystack_2_SYMSTRING)((Length_0_ + CONST_1))(CONST_0)] notequals needle_1_SYMSTRING)
NPC constraint # = 12
Length_1_ >= (Length_0_ + CONST_5) &&
(Length_0_ + CONST_5) < (Length_1_ + CONST_1) &&
Length_1_ >= (Length_0_ + CONST_4) &&
(Length_0_ + CONST_4) < (Length_1_ + CONST_1) &&
Length_1_ >= (Length_0_ + CONST_3) &&
(Length_0_ + CONST_3) < (Length_1_ + CONST_1) &&
Length_1_ >= (Length_0_ + CONST_2) &&
(Length_0_ + CONST_2) < (Length_1_ + CONST_1) &&
Length_1_ >= (Length_0_ + CONST_1) &&
(Length_0_ + CONST_1) < (Length_1_ + CONST_1) &&
Length_1_ >= Length_0_ &&
Length_0_ < (Length_1_ + CONST_1)
$$$$$$$$$$$$$$$$$$$$$$$$$$$$$$$$
Calling Z3str3

current query... 
(declare-const needle_1 String)
(declare-const haystack_2 String)

(assert (not (= (str.substr haystack_2 4 (- ( +  ( +  (str.len needle_1) 4) 1) 4)) needle_1)))
(assert (not (= (str.substr haystack_2 3 (- ( +  ( +  (str.len needle_1) 3) 1) 3)) needle_1)))
(assert (not (= (str.substr haystack_2 2 (- ( +  ( +  (str.len needle_1) 2) 1) 2)) needle_1)))
(assert (not (= (str.substr haystack_2 1 (- ( +  ( +  (str.len needle_1) 1) 1) 1)) needle_1)))
(assert (not (= (str.substr haystack_2 0 (- ( +  (str.len needle_1) 1) 0)) needle_1)))
(assert (>= (str.len haystack_2) ( +  (str.len needle_1) 5)))
(assert (< ( +  (str.len needle_1) 5) ( +  (str.len haystack_2) 1)))
(assert (>= (str.len haystack_2) ( +  (str.len needle_1) 4)))
(assert (< ( +  (str.len needle_1) 4) ( +  (str.len haystack_2) 1)))
(assert (>= (str.len haystack_2) ( +  (str.len needle_1) 3)))
(assert (< ( +  (str.len needle_1) 3) ( +  (str.len haystack_2) 1)))
(assert (>= (str.len haystack_2) ( +  (str.len needle_1) 2)))
(assert (< ( +  (str.len needle_1) 2) ( +  (str.len haystack_2) 1)))
(assert (>= (str.len haystack_2) ( +  (str.len needle_1) 1)))
(assert (< ( +  (str.len needle_1) 1) ( +  (str.len haystack_2) 1)))
(assert (>= (str.len haystack_2) (str.len needle_1)))
(assert (< (str.len needle_1) ( +  (str.len haystack_2) 1)))



======================
(define-fun needle_1 () String
  "IJK")
(define-fun haystack_2 () String
  "ABCGDMLPH")
Returned solutions: 
(define-fun needle_1 () String  "IJK")
(define-fun haystack_2 () String  "ABCGDMLPH")
*************************************
Satisfiable: true
needle_1 => "IJK"
haystack_2 => "ABCGDMLPH"
*************************************

numeric PC: constraint # = 12
Length_1_[-9223372036854775808] >= (Length_0_[-9223372036854775808] + CONST_5) &&
(Length_0_[-9223372036854775808] + CONST_5) < (Length_1_[-9223372036854775808] + CONST_1) &&
Length_1_[-9223372036854775808] >= (Length_0_[-9223372036854775808] + CONST_4) &&
(Length_0_[-9223372036854775808] + CONST_4) < (Length_1_[-9223372036854775808] + CONST_1) &&
Length_1_[-9223372036854775808] >= (Length_0_[-9223372036854775808] + CONST_3) &&
(Length_0_[-9223372036854775808] + CONST_3) < (Length_1_[-9223372036854775808] + CONST_1) &&
Length_1_[-9223372036854775808] >= (Length_0_[-9223372036854775808] + CONST_2) &&
(Length_0_[-9223372036854775808] + CONST_2) < (Length_1_[-9223372036854775808] + CONST_1) &&
Length_1_[-9223372036854775808] >= (Length_0_[-9223372036854775808] + CONST_1) &&
(Length_0_[-9223372036854775808] + CONST_1) < (Length_1_[-9223372036854775808] + CONST_1) &&
Length_1_[-9223372036854775808] >= Length_0_[-9223372036854775808] &&
Length_0_[-9223372036854775808] < (Length_1_[-9223372036854775808] + CONST_1) -> true

### PCs: total:24 sat:24 unsat:0

string analysis: SPC # = 6
(.substring[(haystack_2_SYMSTRING)(((Length_0_[-9223372036854775808] + CONST_5) + CONST_1))(CONST_5)] notequals needle_1_SYMSTRING) && (.substring[(haystack_2_SYMSTRING)(((Length_0_[-9223372036854775808] + CONST_4) + CONST_1))(CONST_4)] notequals needle_1_SYMSTRING) && (.substring[(haystack_2_SYMSTRING)(((Length_0_[-9223372036854775808] + CONST_3) + CONST_1))(CONST_3)] notequals needle_1_SYMSTRING) && (.substring[(haystack_2_SYMSTRING)(((Length_0_[-9223372036854775808] + CONST_2) + CONST_1))(CONST_2)] notequals needle_1_SYMSTRING) && (.substring[(haystack_2_SYMSTRING)(((Length_0_[-9223372036854775808] + CONST_1) + CONST_1))(CONST_1)] notequals needle_1_SYMSTRING) && (.substring[(haystack_2_SYMSTRING)((Length_0_[-9223372036854775808] + CONST_1))(CONST_0)] notequals needle_1_SYMSTRING)
NPC constraint # = 12
Length_1_[-9223372036854775808] >= (Length_0_[-9223372036854775808] + CONST_5) &&
(Length_0_[-9223372036854775808] + CONST_5) < (Length_1_[-9223372036854775808] + CONST_1) &&
Length_1_[-9223372036854775808] >= (Length_0_[-9223372036854775808] + CONST_4) &&
(Length_0_[-9223372036854775808] + CONST_4) < (Length_1_[-9223372036854775808] + CONST_1) &&
Length_1_[-9223372036854775808] >= (Length_0_[-9223372036854775808] + CONST_3) &&
(Length_0_[-9223372036854775808] + CONST_3) < (Length_1_[-9223372036854775808] + CONST_1) &&
Length_1_[-9223372036854775808] >= (Length_0_[-9223372036854775808] + CONST_2) &&
(Length_0_[-9223372036854775808] + CONST_2) < (Length_1_[-9223372036854775808] + CONST_1) &&
Length_1_[-9223372036854775808] >= (Length_0_[-9223372036854775808] + CONST_1) &&
(Length_0_[-9223372036854775808] + CONST_1) < (Length_1_[-9223372036854775808] + CONST_1) &&
Length_1_[-9223372036854775808] >= Length_0_[-9223372036854775808] &&
Length_0_[-9223372036854775808] < (Length_1_[-9223372036854775808] + CONST_1)
$$$$$$$$$$$$$$$$$$$$$$$$$$$$$$$$
Calling Z3str3

current query... 
(declare-const needle_1 String)
(declare-const haystack_2 String)

(assert (not (= (str.substr haystack_2 5 (- ( +  ( +  (str.len needle_1) 5) 1) 5)) needle_1)))
(assert (not (= (str.substr haystack_2 4 (- ( +  ( +  (str.len needle_1) 4) 1) 4)) needle_1)))
(assert (not (= (str.substr haystack_2 3 (- ( +  ( +  (str.len needle_1) 3) 1) 3)) needle_1)))
(assert (not (= (str.substr haystack_2 2 (- ( +  ( +  (str.len needle_1) 2) 1) 2)) needle_1)))
(assert (not (= (str.substr haystack_2 1 (- ( +  ( +  (str.len needle_1) 1) 1) 1)) needle_1)))
(assert (not (= (str.substr haystack_2 0 (- ( +  (str.len needle_1) 1) 0)) needle_1)))
(assert (>= (str.len haystack_2) ( +  (str.len needle_1) 5)))
(assert (< ( +  (str.len needle_1) 5) ( +  (str.len haystack_2) 1)))
(assert (>= (str.len haystack_2) ( +  (str.len needle_1) 4)))
(assert (< ( +  (str.len needle_1) 4) ( +  (str.len haystack_2) 1)))
(assert (>= (str.len haystack_2) ( +  (str.len needle_1) 3)))
(assert (< ( +  (str.len needle_1) 3) ( +  (str.len haystack_2) 1)))
(assert (>= (str.len haystack_2) ( +  (str.len needle_1) 2)))
(assert (< ( +  (str.len needle_1) 2) ( +  (str.len haystack_2) 1)))
(assert (>= (str.len haystack_2) ( +  (str.len needle_1) 1)))
(assert (< ( +  (str.len needle_1) 1) ( +  (str.len haystack_2) 1)))
(assert (>= (str.len haystack_2) (str.len needle_1)))
(assert (< (str.len needle_1) ( +  (str.len haystack_2) 1)))



======================
(define-fun needle_1 () String
  "Kdefg")
(define-fun haystack_2 () String
  "ABCDhiklmj")
Returned solutions: 
(define-fun needle_1 () String  "Kdefg")
(define-fun haystack_2 () String  "ABCDhiklmj")
*************************************
Satisfiable: true
needle_1 => "Kdefg"
haystack_2 => "ABCDhiklmj"
*************************************

numeric PC: constraint # = 13
(Length_0_ + CONST_6) >= (Length_1_ + CONST_1) &&
Length_1_ >= (Length_0_ + CONST_5) &&
(Length_0_ + CONST_5) < (Length_1_ + CONST_1) &&
Length_1_ >= (Length_0_ + CONST_4) &&
(Length_0_ + CONST_4) < (Length_1_ + CONST_1) &&
Length_1_ >= (Length_0_ + CONST_3) &&
(Length_0_ + CONST_3) < (Length_1_ + CONST_1) &&
Length_1_ >= (Length_0_ + CONST_2) &&
(Length_0_ + CONST_2) < (Length_1_ + CONST_1) &&
Length_1_ >= (Length_0_ + CONST_1) &&
(Length_0_ + CONST_1) < (Length_1_ + CONST_1) &&
Length_1_ >= Length_0_ &&
Length_0_ < (Length_1_ + CONST_1) -> true

### PCs: total:25 sat:25 unsat:0

string analysis: SPC # = 6
(.substring[(haystack_2_SYMSTRING)(((Length_0_ + CONST_5) + CONST_1))(CONST_5)] notequals needle_1_SYMSTRING) && (.substring[(haystack_2_SYMSTRING)(((Length_0_ + CONST_4) + CONST_1))(CONST_4)] notequals needle_1_SYMSTRING) && (.substring[(haystack_2_SYMSTRING)(((Length_0_ + CONST_3) + CONST_1))(CONST_3)] notequals needle_1_SYMSTRING) && (.substring[(haystack_2_SYMSTRING)(((Length_0_ + CONST_2) + CONST_1))(CONST_2)] notequals needle_1_SYMSTRING) && (.substring[(haystack_2_SYMSTRING)(((Length_0_ + CONST_1) + CONST_1))(CONST_1)] notequals needle_1_SYMSTRING) && (.substring[(haystack_2_SYMSTRING)((Length_0_ + CONST_1))(CONST_0)] notequals needle_1_SYMSTRING)
NPC constraint # = 13
(Length_0_ + CONST_6) >= (Length_1_ + CONST_1) &&
Length_1_ >= (Length_0_ + CONST_5) &&
(Length_0_ + CONST_5) < (Length_1_ + CONST_1) &&
Length_1_ >= (Length_0_ + CONST_4) &&
(Length_0_ + CONST_4) < (Length_1_ + CONST_1) &&
Length_1_ >= (Length_0_ + CONST_3) &&
(Length_0_ + CONST_3) < (Length_1_ + CONST_1) &&
Length_1_ >= (Length_0_ + CONST_2) &&
(Length_0_ + CONST_2) < (Length_1_ + CONST_1) &&
Length_1_ >= (Length_0_ + CONST_1) &&
(Length_0_ + CONST_1) < (Length_1_ + CONST_1) &&
Length_1_ >= Length_0_ &&
Length_0_ < (Length_1_ + CONST_1)
$$$$$$$$$$$$$$$$$$$$$$$$$$$$$$$$
Calling Z3str3

current query... 
(declare-const needle_1 String)
(declare-const haystack_2 String)

(assert (not (= (str.substr haystack_2 5 (- ( +  ( +  (str.len needle_1) 5) 1) 5)) needle_1)))
(assert (not (= (str.substr haystack_2 4 (- ( +  ( +  (str.len needle_1) 4) 1) 4)) needle_1)))
(assert (not (= (str.substr haystack_2 3 (- ( +  ( +  (str.len needle_1) 3) 1) 3)) needle_1)))
(assert (not (= (str.substr haystack_2 2 (- ( +  ( +  (str.len needle_1) 2) 1) 2)) needle_1)))
(assert (not (= (str.substr haystack_2 1 (- ( +  ( +  (str.len needle_1) 1) 1) 1)) needle_1)))
(assert (not (= (str.substr haystack_2 0 (- ( +  (str.len needle_1) 1) 0)) needle_1)))
(assert (>= ( +  (str.len needle_1) 6) ( +  (str.len haystack_2) 1)))
(assert (>= (str.len haystack_2) ( +  (str.len needle_1) 5)))
(assert (< ( +  (str.len needle_1) 5) ( +  (str.len haystack_2) 1)))
(assert (>= (str.len haystack_2) ( +  (str.len needle_1) 4)))
(assert (< ( +  (str.len needle_1) 4) ( +  (str.len haystack_2) 1)))
(assert (>= (str.len haystack_2) ( +  (str.len needle_1) 3)))
(assert (< ( +  (str.len needle_1) 3) ( +  (str.len haystack_2) 1)))
(assert (>= (str.len haystack_2) ( +  (str.len needle_1) 2)))
(assert (< ( +  (str.len needle_1) 2) ( +  (str.len haystack_2) 1)))
(assert (>= (str.len haystack_2) ( +  (str.len needle_1) 1)))
(assert (< ( +  (str.len needle_1) 1) ( +  (str.len haystack_2) 1)))
(assert (>= (str.len haystack_2) (str.len needle_1)))
(assert (< (str.len needle_1) ( +  (str.len haystack_2) 1)))



======================
Runtime(ms) :5032