Running Symbolic PathFinder ...
symbolic.dp=choco
symbolic.dp_timeout_ms=5000
symbolic.string_dp_timeout_ms=0
symbolic.string_dp_alpha=A-Z
symbolic.string_dp_alphaSize=26
symbolic.string_dp_upper=10
symbolic.string_dp_lower=1
symbolic.string_dp=MAS
symbolic.max_pc_length=2147483647
symbolic.max_pc_msec=0
symbolic.bvlength=32
symbolic.min_int=-2147483648
symbolic.min_long=-9223372036854775808
symbolic.min_short=-32768
symbolic.min_byte=-128
symbolic.min_char=0
symbolic.max_int=2147483647
symbolic.max_long=9223372036854775807
symbolic.max_short=32767
symbolic.max_byte=127
symbolic.max_char=65535
symbolic.min_double=-1.7976931348623157E308
symbolic.max_double=1.7976931348623157E308
JavaPathfinder core system v8.0 (rev 971b2284d9c2c2f40e7985fbbe347c26faf4ed71) - (C) 2005-2014 United States Government. All rights reserved.


====================================================== system under test
strings.StringSearch.main()

====================================================== search started: 11/6/25 1:02 PM
0
test: This is a tttest haystack string for testing.
test This is a tttest haystack string for testing.
0
New sym int needle_1_SYMSTRING.length min=-2147483648, max=2147483647
New sym int haystack_2_SYMSTRING.length min=-2147483648, max=2147483647
New sym int Length_0_ min=0, max=125
New sym int Length_1_ min=0, max=125
numeric PC: constraint # = 1
Length_0_ >= (Length_1_ + CONST_1) -> true

### PCs: total:1 sat:1 unsat:0

numeric PC: constraint # = 1
Length_0_ < (Length_1_ + CONST_1) -> true

### PCs: total:2 sat:2 unsat:0

numeric PC: constraint # = 2
Length_1_ >= Length_0_ &&
Length_0_ < (Length_1_ + CONST_1) -> true

### PCs: total:3 sat:3 unsat:0

numeric PC: constraint # = 2
Length_1_[-9223372036854775808] >= Length_0_[-9223372036854775808] &&
Length_0_[-9223372036854775808] < (Length_1_[-9223372036854775808] + CONST_1) -> true

### PCs: total:4 sat:4 unsat:0

string analysis: SPC # = 1
(.substring[(haystack_2_SYMSTRING)((Length_0_[-9223372036854775808] + CONST_1))(CONST_0)] notequals needle_1_SYMSTRING)
NPC constraint # = 2
Length_1_[-9223372036854775808] >= Length_0_[-9223372036854775808] &&
Length_0_[-9223372036854775808] < (Length_1_[-9223372036854775808] + CONST_1)
$$$$$$$$$$$$$$$$$$$$$$$$$$$$$$$$
Calling MAS

The smtlib query is: 
(declare-const needle_1 String)
(declare-const haystack_2 String)

(assert (not (= (str.substr haystack_2 0 (- ( +  (str.len needle_1) 1) 0)) needle_1)))
(assert (>= (str.len haystack_2) (str.len needle_1)))
(assert (< (str.len needle_1) ( +  (str.len haystack_2) 1)))

=======================================
Error during PathConstraintAnalysis: Unhandled IntegerExpression type: (Length_0_[-9223372036854775808] + CONST_1)
Numeric Path Condition Exists: Length_1_[-9223372036854775808] >= Length_0_[-9223372036854775808] &&
Length_0_[-9223372036854775808] < (Length_1_[-9223372036854775808] + CONST_1)
Unhandled Numeric Constraint with SymbolicLengthInteger and non-IntegerConstant: Length_1_[-9223372036854775808] >= Length_0_[-9223372036854775808] &&
Length_0_[-9223372036854775808] < (Length_1_[-9223372036854775808] + CONST_1)
Runtime(ms) :814