Running Symbolic PathFinder ...
symbolic.dp=choco
symbolic.string_dp_timeout_ms=0
symbolic.string_dp_alpha=A-Z
symbolic.string_dp_alphaSize=26
symbolic.string_dp_upper=10
symbolic.string_dp_lower=1
symbolic.string_dp=MAS
symbolic.choco_time_bound=30000
symbolic.max_pc_length=2147483647
symbolic.max_pc_msec=0
symbolic.bvlength=32
symbolic.min_int=-2147483648
symbolic.min_long=-9223372036854775808
symbolic.min_short=-32768
symbolic.min_byte=-128
symbolic.min_char=0
symbolic.max_int=2147483647
symbolic.max_long=9223372036854775807
symbolic.max_short=32767
symbolic.max_byte=127
symbolic.max_char=65535
symbolic.min_double=4.9E-324
symbolic.max_double=1.7976931348623157E308
JavaPathfinder core system v8.0 (rev 82e9512831f6880a12cdb606c891cf70f824134e) - (C) 2005-2014 United States Government. All rights reserved.


====================================================== system under test
strings.Tricky.main()

====================================================== search started: 9/4/25 1:53 PM
New sym int n_1_SYMINT min=-2147483648, max=2147483647
New sym int k_2_SYMINT min=-2147483648, max=2147483647
New sym int op_3_SYMSTRING.length min=-2147483648, max=2147483647
numeric PC: constraint # = 1
k_2_SYMINT != CONST_0 -> true

### PCs: total:1 sat:1 unsat:0

string analysis: SPC # = 0
NPC constraint # = 1
k_2_SYMINT != CONST_0
$$$$$$$$$$$$$$$$$$$$$$$$$$$$$$$$
Calling MAS

The smtlib query is: 

(declare-const k_2_SYMINT Int)

(assert (not (= k_2_SYMINT 0)))
=======================================
Numeric Path Condition Exists: k_2_SYMINT != CONST_0
Unhandled Numeric Constraint: k_2_SYMINT != CONST_0
Runtime(ms) :465