Running Symbolic PathFinder ...
symbolic.dp=choco
symbolic.string_dp_timeout_ms=0
symbolic.string_dp_alpha=A-Z
symbolic.string_dp_alphaSize=26
symbolic.string_dp_upper=10
symbolic.string_dp_lower=1
symbolic.string_dp=z3str3
symbolic.choco_time_bound=30000
symbolic.max_pc_length=2147483647
symbolic.max_pc_msec=0
symbolic.bvlength=32
symbolic.min_int=-2147483648
symbolic.min_long=-9223372036854775808
symbolic.min_short=-32768
symbolic.min_byte=-128
symbolic.min_char=0
symbolic.max_int=2147483647
symbolic.max_long=9223372036854775807
symbolic.max_short=32767
symbolic.max_byte=127
symbolic.max_char=65535
symbolic.min_double=4.9E-324
symbolic.max_double=1.7976931348623157E308
JavaPathfinder core system v8.0 (rev 2159fbb2c05f69380516caefe22c5ed16838876d) - (C) 2005-2014 United States Government. All rights reserved.


====================================================== system under test
strings.WU_FTPD.main()

====================================================== search started: 9/3/25 2:03 PM
New sym int cmd_1_SYMSTRING.length min=-2147483648, max=2147483647
New sym int IndexOf_0_ min=-1, max=30
numeric PC: constraint # = 1
IndexOf_0_ != CONST_-1 -> true

### PCs: total:1 sat:1 unsat:0

string analysis: SPC # = 0
NPC constraint # = 1
IndexOf_0_ != CONST_-1
$$$$$$$$$$$$$$$$$$$$$$$$$$$$$$$$
Calling Z3str3

current query... 
(declare-const cmd_1 String)


(assert (not (= (str.indexof cmd_1 "ǃ") (- 1))))



======================
*************************************
Satisfiable: false
*************************************

numeric PC: constraint # = 1
IndexOf_0_ == CONST_-1 -> true

### PCs: total:2 sat:2 unsat:0

string analysis: SPC # = 0
NPC constraint # = 1
IndexOf_0_ == CONST_-1
$$$$$$$$$$$$$$$$$$$$$$$$$$$$$$$$
Calling Z3str3

current query... 
(declare-const cmd_1 String)


(assert (= (str.indexof cmd_1 "ǃ") (- 1)))



======================
*************************************
Satisfiable: false
*************************************

New sym int IndexOf2_1_ min=-1, max=30
numeric PC: constraint # = 1
IndexOf2_1_ == CONST_-1 -> true

### PCs: total:3 sat:3 unsat:0

string analysis: SPC # = 0
NPC constraint # = 1
IndexOf2_1_ == CONST_-1
$$$$$$$$$$$$$$$$$$$$$$$$$$$$$$$$
Calling Z3str3

current query... 
(declare-const cmd_1 String)


(assert (= (str.indexof cmd_1 "/" 0) (- 1)))



======================
(define-fun cmd_1 () String
  "")
Returned solutions: 
(define-fun cmd_1 () String  "")
*************************************
Satisfiable: true
cmd_1 => ""
*************************************

numeric PC: constraint # = 1
IndexOf2_1_ != CONST_-1 -> true

### PCs: total:4 sat:4 unsat:0

string analysis: SPC # = 0
NPC constraint # = 1
IndexOf2_1_ != CONST_-1
$$$$$$$$$$$$$$$$$$$$$$$$$$$$$$$$
Calling Z3str3

current query... 
(declare-const cmd_1 String)


(assert (not (= (str.indexof cmd_1 "/" 0) (- 1))))



======================
(define-fun cmd_1 () String
  "A/")
Returned solutions: 
(define-fun cmd_1 () String  "A/")
*************************************
Satisfiable: true
cmd_1 => "A/"
*************************************

New sym int IndexOf2_2_ min=-1, max=30
numeric PC: constraint # = 2
IndexOf2_2_ == CONST_-1 &&
IndexOf2_1_ != CONST_-1 -> true

### PCs: total:5 sat:5 unsat:0

string analysis: SPC # = 0
NPC constraint # = 2
IndexOf2_2_ == CONST_-1 &&
IndexOf2_1_ != CONST_-1
$$$$$$$$$$$$$$$$$$$$$$$$$$$$$$$$
Calling Z3str3

current query... 
(declare-const cmd_1 String)


(assert (= (str.indexof cmd_1 "/" 1) (- 1)))
(assert (not (= (str.indexof cmd_1 "/" 0) (- 1))))



======================
(define-fun cmd_1 () String
  "/")
Returned solutions: 
(define-fun cmd_1 () String  "/")
*************************************
Satisfiable: true
cmd_1 => "/"
*************************************

numeric PC: constraint # = 2
IndexOf2_2_ != CONST_-1 &&
IndexOf2_1_ != CONST_-1 -> true

### PCs: total:6 sat:6 unsat:0

string analysis: SPC # = 0
NPC constraint # = 2
IndexOf2_2_ != CONST_-1 &&
IndexOf2_1_ != CONST_-1
$$$$$$$$$$$$$$$$$$$$$$$$$$$$$$$$
Calling Z3str3

current query... 
(declare-const cmd_1 String)


(assert (not (= (str.indexof cmd_1 "/" 1) (- 1))))
(assert (not (= (str.indexof cmd_1 "/" 0) (- 1))))



======================
(define-fun cmd_1 () String
  "AB/")
Returned solutions: 
(define-fun cmd_1 () String  "AB/")
*************************************
Satisfiable: true
cmd_1 => "AB/"
*************************************

New sym int IndexOf2_3_ min=-1, max=30
numeric PC: constraint # = 3
IndexOf2_3_ == CONST_-1 &&
IndexOf2_2_ != CONST_-1 &&
IndexOf2_1_ != CONST_-1 -> true

### PCs: total:7 sat:7 unsat:0

string analysis: SPC # = 0
NPC constraint # = 3
IndexOf2_3_ == CONST_-1 &&
IndexOf2_2_ != CONST_-1 &&
IndexOf2_1_ != CONST_-1
$$$$$$$$$$$$$$$$$$$$$$$$$$$$$$$$
Calling Z3str3

current query... 
(declare-const cmd_1 String)


(assert (= (str.indexof cmd_1 "/" 2) (- 1)))
(assert (not (= (str.indexof cmd_1 "/" 1) (- 1))))
(assert (not (= (str.indexof cmd_1 "/" 0) (- 1))))



======================
(define-fun cmd_1 () String
  "//")
Returned solutions: 
(define-fun cmd_1 () String  "//")
*************************************
Satisfiable: true
cmd_1 => "//"
*************************************

numeric PC: constraint # = 3
IndexOf2_3_ != CONST_-1 &&
IndexOf2_2_ != CONST_-1 &&
IndexOf2_1_ != CONST_-1 -> true

### PCs: total:8 sat:8 unsat:0

string analysis: SPC # = 0
NPC constraint # = 3
IndexOf2_3_ != CONST_-1 &&
IndexOf2_2_ != CONST_-1 &&
IndexOf2_1_ != CONST_-1
$$$$$$$$$$$$$$$$$$$$$$$$$$$$$$$$
Calling Z3str3

current query... 
(declare-const cmd_1 String)


(assert (not (= (str.indexof cmd_1 "/" 2) (- 1))))
(assert (not (= (str.indexof cmd_1 "/" 1) (- 1))))
(assert (not (= (str.indexof cmd_1 "/" 0) (- 1))))



======================
(define-fun cmd_1 () String
  "///")
Returned solutions: 
(define-fun cmd_1 () String  "///")
*************************************
Satisfiable: true
cmd_1 => "///"
*************************************

New sym int IndexOf2_4_ min=-1, max=30
numeric PC: constraint # = 4
IndexOf2_4_ == CONST_-1 &&
IndexOf2_3_ != CONST_-1 &&
IndexOf2_2_ != CONST_-1 &&
IndexOf2_1_ != CONST_-1 -> true

### PCs: total:9 sat:9 unsat:0

string analysis: SPC # = 0
NPC constraint # = 4
IndexOf2_4_ == CONST_-1 &&
IndexOf2_3_ != CONST_-1 &&
IndexOf2_2_ != CONST_-1 &&
IndexOf2_1_ != CONST_-1
$$$$$$$$$$$$$$$$$$$$$$$$$$$$$$$$
Calling Z3str3

current query... 
(declare-const cmd_1 String)


(assert (= (str.indexof cmd_1 "/" 3) (- 1)))
(assert (not (= (str.indexof cmd_1 "/" 2) (- 1))))
(assert (not (= (str.indexof cmd_1 "/" 1) (- 1))))
(assert (not (= (str.indexof cmd_1 "/" 0) (- 1))))



======================
(define-fun cmd_1 () String
  "///")
Returned solutions: 
(define-fun cmd_1 () String  "///")
*************************************
Satisfiable: true
cmd_1 => "///"
*************************************

numeric PC: constraint # = 4
IndexOf2_4_ != CONST_-1 &&
IndexOf2_3_ != CONST_-1 &&
IndexOf2_2_ != CONST_-1 &&
IndexOf2_1_ != CONST_-1 -> true

### PCs: total:10 sat:10 unsat:0

string analysis: SPC # = 0
NPC constraint # = 4
IndexOf2_4_ != CONST_-1 &&
IndexOf2_3_ != CONST_-1 &&
IndexOf2_2_ != CONST_-1 &&
IndexOf2_1_ != CONST_-1
$$$$$$$$$$$$$$$$$$$$$$$$$$$$$$$$
Calling Z3str3

current query... 
(declare-const cmd_1 String)


(assert (not (= (str.indexof cmd_1 "/" 3) (- 1))))
(assert (not (= (str.indexof cmd_1 "/" 2) (- 1))))
(assert (not (= (str.indexof cmd_1 "/" 1) (- 1))))
(assert (not (= (str.indexof cmd_1 "/" 0) (- 1))))



======================
(define-fun cmd_1 () String
  "//FH/")
Returned solutions: 
(define-fun cmd_1 () String  "//FH/")
*************************************
Satisfiable: true
cmd_1 => "//FH/"
*************************************

New sym int IndexOf2_5_ min=-1, max=30
numeric PC: constraint # = 5
IndexOf2_5_ == CONST_-1 &&
IndexOf2_4_ != CONST_-1 &&
IndexOf2_3_ != CONST_-1 &&
IndexOf2_2_ != CONST_-1 &&
IndexOf2_1_ != CONST_-1 -> true

### PCs: total:11 sat:11 unsat:0

string analysis: SPC # = 0
NPC constraint # = 5
IndexOf2_5_ == CONST_-1 &&
IndexOf2_4_ != CONST_-1 &&
IndexOf2_3_ != CONST_-1 &&
IndexOf2_2_ != CONST_-1 &&
IndexOf2_1_ != CONST_-1
$$$$$$$$$$$$$$$$$$$$$$$$$$$$$$$$
Calling Z3str3

current query... 
(declare-const cmd_1 String)


(assert (= (str.indexof cmd_1 "/" 4) (- 1)))
(assert (not (= (str.indexof cmd_1 "/" 3) (- 1))))
(assert (not (= (str.indexof cmd_1 "/" 2) (- 1))))
(assert (not (= (str.indexof cmd_1 "/" 1) (- 1))))
(assert (not (= (str.indexof cmd_1 "/" 0) (- 1))))



======================
(define-fun cmd_1 () String
  "////")
Returned solutions: 
(define-fun cmd_1 () String  "////")
*************************************
Satisfiable: true
cmd_1 => "////"
*************************************

numeric PC: constraint # = 5
IndexOf2_5_ != CONST_-1 &&
IndexOf2_4_ != CONST_-1 &&
IndexOf2_3_ != CONST_-1 &&
IndexOf2_2_ != CONST_-1 &&
IndexOf2_1_ != CONST_-1 -> true

### PCs: total:12 sat:12 unsat:0

string analysis: SPC # = 0
NPC constraint # = 5
IndexOf2_5_ != CONST_-1 &&
IndexOf2_4_ != CONST_-1 &&
IndexOf2_3_ != CONST_-1 &&
IndexOf2_2_ != CONST_-1 &&
IndexOf2_1_ != CONST_-1
$$$$$$$$$$$$$$$$$$$$$$$$$$$$$$$$
Calling Z3str3

current query... 
(declare-const cmd_1 String)


(assert (not (= (str.indexof cmd_1 "/" 4) (- 1))))
(assert (not (= (str.indexof cmd_1 "/" 3) (- 1))))
(assert (not (= (str.indexof cmd_1 "/" 2) (- 1))))
(assert (not (= (str.indexof cmd_1 "/" 1) (- 1))))
(assert (not (= (str.indexof cmd_1 "/" 0) (- 1))))



======================
(define-fun cmd_1 () String
  "ID/J/")
Returned solutions: 
(define-fun cmd_1 () String  "ID/J/")
*************************************
Satisfiable: true
cmd_1 => "ID/J/"
*************************************

New sym int IndexOf2_6_ min=-1, max=30
numeric PC: constraint # = 6
IndexOf2_6_ == CONST_-1 &&
IndexOf2_5_ != CONST_-1 &&
IndexOf2_4_ != CONST_-1 &&
IndexOf2_3_ != CONST_-1 &&
IndexOf2_2_ != CONST_-1 &&
IndexOf2_1_ != CONST_-1 -> true

### PCs: total:13 sat:13 unsat:0

string analysis: SPC # = 0
NPC constraint # = 6
IndexOf2_6_ == CONST_-1 &&
IndexOf2_5_ != CONST_-1 &&
IndexOf2_4_ != CONST_-1 &&
IndexOf2_3_ != CONST_-1 &&
IndexOf2_2_ != CONST_-1 &&
IndexOf2_1_ != CONST_-1
$$$$$$$$$$$$$$$$$$$$$$$$$$$$$$$$
Calling Z3str3

current query... 
(declare-const cmd_1 String)


(assert (= (str.indexof cmd_1 "/" 5) (- 1)))
(assert (not (= (str.indexof cmd_1 "/" 4) (- 1))))
(assert (not (= (str.indexof cmd_1 "/" 3) (- 1))))
(assert (not (= (str.indexof cmd_1 "/" 2) (- 1))))
(assert (not (= (str.indexof cmd_1 "/" 1) (- 1))))
(assert (not (= (str.indexof cmd_1 "/" 0) (- 1))))



======================
(define-fun cmd_1 () String
  "/AF//")
Returned solutions: 
(define-fun cmd_1 () String  "/AF//")
*************************************
Satisfiable: true
cmd_1 => "/AF//"
*************************************

numeric PC: constraint # = 6
IndexOf2_6_ != CONST_-1 &&
IndexOf2_5_ != CONST_-1 &&
IndexOf2_4_ != CONST_-1 &&
IndexOf2_3_ != CONST_-1 &&
IndexOf2_2_ != CONST_-1 &&
IndexOf2_1_ != CONST_-1 -> true

### PCs: total:14 sat:14 unsat:0

string analysis: SPC # = 0
NPC constraint # = 6
IndexOf2_6_ != CONST_-1 &&
IndexOf2_5_ != CONST_-1 &&
IndexOf2_4_ != CONST_-1 &&
IndexOf2_3_ != CONST_-1 &&
IndexOf2_2_ != CONST_-1 &&
IndexOf2_1_ != CONST_-1
$$$$$$$$$$$$$$$$$$$$$$$$$$$$$$$$
Calling Z3str3

current query... 
(declare-const cmd_1 String)


(assert (not (= (str.indexof cmd_1 "/" 5) (- 1))))
(assert (not (= (str.indexof cmd_1 "/" 4) (- 1))))
(assert (not (= (str.indexof cmd_1 "/" 3) (- 1))))
(assert (not (= (str.indexof cmd_1 "/" 2) (- 1))))
(assert (not (= (str.indexof cmd_1 "/" 1) (- 1))))
(assert (not (= (str.indexof cmd_1 "/" 0) (- 1))))



======================
(define-fun cmd_1 () String
  "/HJLN/")
Returned solutions: 
(define-fun cmd_1 () String  "/HJLN/")
*************************************
Satisfiable: true
cmd_1 => "/HJLN/"
*************************************

New sym int IndexOf2_7_ min=-1, max=30
numeric PC: constraint # = 7
IndexOf2_7_ == CONST_-1 &&
IndexOf2_6_ != CONST_-1 &&
IndexOf2_5_ != CONST_-1 &&
IndexOf2_4_ != CONST_-1 &&
IndexOf2_3_ != CONST_-1 &&
IndexOf2_2_ != CONST_-1 &&
IndexOf2_1_ != CONST_-1 -> true

### PCs: total:15 sat:15 unsat:0

string analysis: SPC # = 0
NPC constraint # = 7
IndexOf2_7_ == CONST_-1 &&
IndexOf2_6_ != CONST_-1 &&
IndexOf2_5_ != CONST_-1 &&
IndexOf2_4_ != CONST_-1 &&
IndexOf2_3_ != CONST_-1 &&
IndexOf2_2_ != CONST_-1 &&
IndexOf2_1_ != CONST_-1
$$$$$$$$$$$$$$$$$$$$$$$$$$$$$$$$
Calling Z3str3

current query... 
(declare-const cmd_1 String)


(assert (= (str.indexof cmd_1 "/" 6) (- 1)))
(assert (not (= (str.indexof cmd_1 "/" 5) (- 1))))
(assert (not (= (str.indexof cmd_1 "/" 4) (- 1))))
(assert (not (= (str.indexof cmd_1 "/" 3) (- 1))))
(assert (not (= (str.indexof cmd_1 "/" 2) (- 1))))
(assert (not (= (str.indexof cmd_1 "/" 1) (- 1))))
(assert (not (= (str.indexof cmd_1 "/" 0) (- 1))))



======================
(define-fun cmd_1 () String
  "//////")
Returned solutions: 
(define-fun cmd_1 () String  "//////")
*************************************
Satisfiable: true
cmd_1 => "//////"
*************************************

numeric PC: constraint # = 7
IndexOf2_7_ != CONST_-1 &&
IndexOf2_6_ != CONST_-1 &&
IndexOf2_5_ != CONST_-1 &&
IndexOf2_4_ != CONST_-1 &&
IndexOf2_3_ != CONST_-1 &&
IndexOf2_2_ != CONST_-1 &&
IndexOf2_1_ != CONST_-1 -> true

### PCs: total:16 sat:16 unsat:0

string analysis: SPC # = 0
NPC constraint # = 7
IndexOf2_7_ != CONST_-1 &&
IndexOf2_6_ != CONST_-1 &&
IndexOf2_5_ != CONST_-1 &&
IndexOf2_4_ != CONST_-1 &&
IndexOf2_3_ != CONST_-1 &&
IndexOf2_2_ != CONST_-1 &&
IndexOf2_1_ != CONST_-1
$$$$$$$$$$$$$$$$$$$$$$$$$$$$$$$$
Calling Z3str3

current query... 
(declare-const cmd_1 String)


(assert (not (= (str.indexof cmd_1 "/" 6) (- 1))))
(assert (not (= (str.indexof cmd_1 "/" 5) (- 1))))
(assert (not (= (str.indexof cmd_1 "/" 4) (- 1))))
(assert (not (= (str.indexof cmd_1 "/" 3) (- 1))))
(assert (not (= (str.indexof cmd_1 "/" 2) (- 1))))
(assert (not (= (str.indexof cmd_1 "/" 1) (- 1))))
(assert (not (= (str.indexof cmd_1 "/" 0) (- 1))))



======================
(define-fun cmd_1 () String
  "/ELHIN/")
Returned solutions: 
(define-fun cmd_1 () String  "/ELHIN/")
*************************************
Satisfiable: true
cmd_1 => "/ELHIN/"
*************************************

New sym int IndexOf2_8_ min=-1, max=30
numeric PC: constraint # = 8
IndexOf2_8_ == CONST_-1 &&
IndexOf2_7_ != CONST_-1 &&
IndexOf2_6_ != CONST_-1 &&
IndexOf2_5_ != CONST_-1 &&
IndexOf2_4_ != CONST_-1 &&
IndexOf2_3_ != CONST_-1 &&
IndexOf2_2_ != CONST_-1 &&
IndexOf2_1_ != CONST_-1 -> true

### PCs: total:17 sat:17 unsat:0

string analysis: SPC # = 0
NPC constraint # = 8
IndexOf2_8_ == CONST_-1 &&
IndexOf2_7_ != CONST_-1 &&
IndexOf2_6_ != CONST_-1 &&
IndexOf2_5_ != CONST_-1 &&
IndexOf2_4_ != CONST_-1 &&
IndexOf2_3_ != CONST_-1 &&
IndexOf2_2_ != CONST_-1 &&
IndexOf2_1_ != CONST_-1
$$$$$$$$$$$$$$$$$$$$$$$$$$$$$$$$
Calling Z3str3

current query... 
(declare-const cmd_1 String)


(assert (= (str.indexof cmd_1 "/" 7) (- 1)))
(assert (not (= (str.indexof cmd_1 "/" 6) (- 1))))
(assert (not (= (str.indexof cmd_1 "/" 5) (- 1))))
(assert (not (= (str.indexof cmd_1 "/" 4) (- 1))))
(assert (not (= (str.indexof cmd_1 "/" 3) (- 1))))
(assert (not (= (str.indexof cmd_1 "/" 2) (- 1))))
(assert (not (= (str.indexof cmd_1 "/" 1) (- 1))))
(assert (not (= (str.indexof cmd_1 "/" 0) (- 1))))



======================
(define-fun cmd_1 () String
  "////B//")
Returned solutions: 
(define-fun cmd_1 () String  "////B//")
*************************************
Satisfiable: true
cmd_1 => "////B//"
*************************************

numeric PC: constraint # = 8
IndexOf2_8_ != CONST_-1 &&
IndexOf2_7_ != CONST_-1 &&
IndexOf2_6_ != CONST_-1 &&
IndexOf2_5_ != CONST_-1 &&
IndexOf2_4_ != CONST_-1 &&
IndexOf2_3_ != CONST_-1 &&
IndexOf2_2_ != CONST_-1 &&
IndexOf2_1_ != CONST_-1 -> true

### PCs: total:18 sat:18 unsat:0

string analysis: SPC # = 0
NPC constraint # = 8
IndexOf2_8_ != CONST_-1 &&
IndexOf2_7_ != CONST_-1 &&
IndexOf2_6_ != CONST_-1 &&
IndexOf2_5_ != CONST_-1 &&
IndexOf2_4_ != CONST_-1 &&
IndexOf2_3_ != CONST_-1 &&
IndexOf2_2_ != CONST_-1 &&
IndexOf2_1_ != CONST_-1
$$$$$$$$$$$$$$$$$$$$$$$$$$$$$$$$
Calling Z3str3

current query... 
(declare-const cmd_1 String)


(assert (not (= (str.indexof cmd_1 "/" 7) (- 1))))
(assert (not (= (str.indexof cmd_1 "/" 6) (- 1))))
(assert (not (= (str.indexof cmd_1 "/" 5) (- 1))))
(assert (not (= (str.indexof cmd_1 "/" 4) (- 1))))
(assert (not (= (str.indexof cmd_1 "/" 3) (- 1))))
(assert (not (= (str.indexof cmd_1 "/" 2) (- 1))))
(assert (not (= (str.indexof cmd_1 "/" 1) (- 1))))
(assert (not (= (str.indexof cmd_1 "/" 0) (- 1))))



======================
(define-fun cmd_1 () String
  "G/FAI///")
Returned solutions: 
(define-fun cmd_1 () String  "G/FAI///")
*************************************
Satisfiable: true
cmd_1 => "G/FAI///"
*************************************

New sym int IndexOf2_9_ min=-1, max=30
numeric PC: constraint # = 9
IndexOf2_9_ == CONST_-1 &&
IndexOf2_8_ != CONST_-1 &&
IndexOf2_7_ != CONST_-1 &&
IndexOf2_6_ != CONST_-1 &&
IndexOf2_5_ != CONST_-1 &&
IndexOf2_4_ != CONST_-1 &&
IndexOf2_3_ != CONST_-1 &&
IndexOf2_2_ != CONST_-1 &&
IndexOf2_1_ != CONST_-1 -> true

### PCs: total:19 sat:19 unsat:0

string analysis: SPC # = 0
NPC constraint # = 9
IndexOf2_9_ == CONST_-1 &&
IndexOf2_8_ != CONST_-1 &&
IndexOf2_7_ != CONST_-1 &&
IndexOf2_6_ != CONST_-1 &&
IndexOf2_5_ != CONST_-1 &&
IndexOf2_4_ != CONST_-1 &&
IndexOf2_3_ != CONST_-1 &&
IndexOf2_2_ != CONST_-1 &&
IndexOf2_1_ != CONST_-1
$$$$$$$$$$$$$$$$$$$$$$$$$$$$$$$$
Calling Z3str3

current query... 
(declare-const cmd_1 String)


(assert (= (str.indexof cmd_1 "/" 8) (- 1)))
(assert (not (= (str.indexof cmd_1 "/" 7) (- 1))))
(assert (not (= (str.indexof cmd_1 "/" 6) (- 1))))
(assert (not (= (str.indexof cmd_1 "/" 5) (- 1))))
(assert (not (= (str.indexof cmd_1 "/" 4) (- 1))))
(assert (not (= (str.indexof cmd_1 "/" 3) (- 1))))
(assert (not (= (str.indexof cmd_1 "/" 2) (- 1))))
(assert (not (= (str.indexof cmd_1 "/" 1) (- 1))))
(assert (not (= (str.indexof cmd_1 "/" 0) (- 1))))



======================
(define-fun cmd_1 () String
  "/B/A////")
Returned solutions: 
(define-fun cmd_1 () String  "/B/A////")
*************************************
Satisfiable: true
cmd_1 => "/B/A////"
*************************************

numeric PC: constraint # = 9
IndexOf2_9_ != CONST_-1 &&
IndexOf2_8_ != CONST_-1 &&
IndexOf2_7_ != CONST_-1 &&
IndexOf2_6_ != CONST_-1 &&
IndexOf2_5_ != CONST_-1 &&
IndexOf2_4_ != CONST_-1 &&
IndexOf2_3_ != CONST_-1 &&
IndexOf2_2_ != CONST_-1 &&
IndexOf2_1_ != CONST_-1 -> true

### PCs: total:20 sat:20 unsat:0

string analysis: SPC # = 0
NPC constraint # = 9
IndexOf2_9_ != CONST_-1 &&
IndexOf2_8_ != CONST_-1 &&
IndexOf2_7_ != CONST_-1 &&
IndexOf2_6_ != CONST_-1 &&
IndexOf2_5_ != CONST_-1 &&
IndexOf2_4_ != CONST_-1 &&
IndexOf2_3_ != CONST_-1 &&
IndexOf2_2_ != CONST_-1 &&
IndexOf2_1_ != CONST_-1
$$$$$$$$$$$$$$$$$$$$$$$$$$$$$$$$
Calling Z3str3

current query... 
(declare-const cmd_1 String)


(assert (not (= (str.indexof cmd_1 "/" 8) (- 1))))
(assert (not (= (str.indexof cmd_1 "/" 7) (- 1))))
(assert (not (= (str.indexof cmd_1 "/" 6) (- 1))))
(assert (not (= (str.indexof cmd_1 "/" 5) (- 1))))
(assert (not (= (str.indexof cmd_1 "/" 4) (- 1))))
(assert (not (= (str.indexof cmd_1 "/" 3) (- 1))))
(assert (not (= (str.indexof cmd_1 "/" 2) (- 1))))
(assert (not (= (str.indexof cmd_1 "/" 1) (- 1))))
(assert (not (= (str.indexof cmd_1 "/" 0) (- 1))))



======================
Runtime(ms) :30014